<html>
<body>
<pre>
<h1>µVision Build Log</h1>
<h2>Tool Versions:</h2>
IDE-Version: µVision V5.24.2.0
Copyright (C) 2017 ARM Ltd and ARM Germany GmbH. All rights reserved.
License Information: Yankun Yang, Yang, LIC=EPP8T-RCFC3-C0FN2-9IQ27-DGA9R-Y97X5
 
Tool Versions:
Toolchain:       MDK-ARM Professional  Version: 5.24.1
Toolchain Path:  F:\Keil_v5\ARM\ARMCC\Bin
C Compiler:      Armcc.exe V5.06 update 5 (build 528)
Assembler:       Armasm.exe V5.06 update 5 (build 528)
Linker/Locator:  ArmLink.exe V5.06 update 5 (build 528)
Library Manager: ArmAr.exe V5.06 update 5 (build 528)
Hex Converter:   FromElf.exe V5.06 update 5 (build 528)
CPU DLL:         SARMCM3.DLL V5.24.1
Dialog DLL:      DCM.DLL V1.16.0.0
Target DLL:      STLink\ST-LINKIII-KEIL_SWO.dll V3.0.1.0
Dialog DLL:      TCM.DLL V1.32.0.0
 
<h2>Project:</h2>
D:\Dropbox\SBWMR\Implementation\SBWMR_1\SBWMR\13-PID.uvprojx
Project File Date:  04/14/2019

<h2>Output:</h2>
*** Using Compiler 'V5.06 update 5 (build 528)', folder: 'F:\Keil_v5\ARM\ARMCC\Bin'
Rebuild target 'STM32F407VG-Discovery'
assembling startup_stm32f407xx.s...
compiling stm32f4xx_exti.c...
compiling stm32f4xx_gpio.c...
compiling misc.c...
compiling stm32f4xx_spi.c...
compiling stm32f4xx_pwr.c...
compiling stm32f4xx_flash.c...
compiling stm32f4xx_dma.c...
compiling stm32f4xx_rcc.c...
compiling stm32f4xx_syscfg.c...
compiling stm32f4xx_usart.c...
compiling system_stm32f4xx.c...
compiling stm32f4xx_adc.c...
compiling target.c...
compiling system.c...
compiling stm32f4xx_tim.c...
compiling main.c...
compiling sound_beeper.c...
src\quad\drivers\BEEPER\sound_beeper.c(7): warning:  #177-D: variable "beeperIO"  was declared but never referenced
  static IO_t beeperIO = DEFIO_IO(NONE);
src\quad\drivers\BEEPER\sound_beeper.c(8): warning:  #177-D: variable "beeperInverted"  was declared but never referenced
  static bool beeperInverted = false;
src\quad\drivers\BEEPER\sound_beeper.c: 2 warnings, 0 errors
compiling button.c...
compiling exti.c...
compiling gyro_sync.c...
compiling accgyro_spi_mpu9250.c...
compiling accgyro_mpu.c...
compiling io.c...
src\quad\drivers\IO\io.c(133): warning:  #188-D: enumerated type mixed with another type
  		.GPIO_Mode      = (cfg >> 0) & 0x03,
src\quad\drivers\IO\io.c(134): warning:  #188-D: enumerated type mixed with another type
  		.GPIO_Speed		= (cfg >> 2) & 0x03,
src\quad\drivers\IO\io.c(135): warning:  #188-D: enumerated type mixed with another type
  		.GPIO_OType		= (cfg >> 4) & 0x01,
src\quad\drivers\IO\io.c(136): warning:  #188-D: enumerated type mixed with another type
  		.GPIO_PuPd		= (cfg >> 5) & 0x03,
src\quad\drivers\IO\io.c(153): warning:  #188-D: enumerated type mixed with another type
          .GPIO_Mode = (cfg >> 0) & 0x03,
src\quad\drivers\IO\io.c(154): warning:  #188-D: enumerated type mixed with another type
          .GPIO_Speed = (cfg >> 2) & 0x03,
src\quad\drivers\IO\io.c(155): warning:  #188-D: enumerated type mixed with another type
          .GPIO_OType = (cfg >> 4) & 0x01,
src\quad\drivers\IO\io.c(156): warning:  #188-D: enumerated type mixed with another type
          .GPIO_PuPd = (cfg >> 5) & 0x03,
src\quad\drivers\IO\io.c: 8 warnings, 0 errors
compiling led.c...
compiling sdcard_standard.c...
compiling rcc.c...
compiling oled.c...
compiling pwm_output.c...
compiling rxSerial1Test.c...
compiling rx_pwm.c...
src\quad\drivers\PWM_RX_INPUT\rx_pwm.c(28): warning:  #550-D: variable "ultrasoundFilteringMode"  was set but never used
  static inputFilteringMode_e ultrasoundFilteringMode;
src\quad\drivers\PWM_RX_INPUT\rx_pwm.c: 1 warning, 0 errors
compiling bluetoothSerial6.c...
compiling rxSerial3Test.c...
compiling sdcard.c...
src\quad\drivers\SDCARD\sdcard.c(883): warning:  #111-D: statement is unreachable
  					break;
src\quad\drivers\SDCARD\sdcard.c: 1 warning, 0 errors
compiling serial.c...
src\quad\drivers\SERIAL\serial.c(231): warning:  #940-D: missing return statement at end of non-void function "serialRead" 
  }
src\quad\drivers\SERIAL\serial.c: 1 warning, 0 errors
compiling adc.c...
compiling timer_stm32f4xx.c...
compiling serial_uart.c...
src\quad\drivers\SERIAL\serial_uart.c(310): warning:  #111-D: statement is unreachable
  	if (s->port.rxBufferHead >= s->port.rxBufferTail) {
src\quad\drivers\SERIAL\serial_uart.c(316): warning:  #111-D: statement is unreachable
  	return (uint32_t)-1;
src\quad\drivers\SERIAL\serial_uart.c: 2 warnings, 0 errors
compiling bus_spi.c...
src\quad\drivers\SPI\bus_spi.c(15): warning:  #1296-D: extended constant initialiser used
  	{ .dev = 
PI1, .nss = (uint8_t)
O_NONE, .sck = IO_TAG(SPI1_SCK_PIN), .miso = IO_TAG(SPI1_MISO_PIN), .mosi = IO_TAG(SPI1_MOSI_PIN), .rcc = RCC_APB2(SPI1), .af = GPIO_AF_SPI1, false },
src\quad\drivers\SPI\bus_spi.c(15): warning:  #767-D: conversion from pointer to smaller integer
  	{ .dev = 
PI1, .nss = (uint8_t)
O_NONE, .sck = IO_TAG(SPI1_SCK_PIN), .miso = IO_TAG(SPI1_MISO_PIN), .mosi = IO_TAG(SPI1_MOSI_PIN), .rcc = RCC_APB2(SPI1), .af = GPIO_AF_SPI1, false },
src\quad\drivers\SPI\bus_spi.c(16): warning:  #1296-D: extended constant initialiser used
      { .dev = 
PI2, .nss = (uint8_t)
O_NONE, .sck = IO_TAG(SPI2_SCK_PIN), .miso = IO_TAG(SPI2_MISO_PIN), .mosi = IO_TAG(SPI2_MOSI_PIN), .rcc = RCC_APB1(SPI2), .af = GPIO_AF_SPI2, false },
src\quad\drivers\SPI\bus_spi.c(16): warning:  #767-D: conversion from pointer to smaller integer
      { .dev = 
PI2, .nss = (uint8_t)
O_NONE, .sck = IO_TAG(SPI2_SCK_PIN), .miso = IO_TAG(SPI2_MISO_PIN), .mosi = IO_TAG(SPI2_MOSI_PIN), .rcc = RCC_APB1(SPI2), .af = GPIO_AF_SPI2, false },
src\quad\drivers\SPI\bus_spi.c(17): warning:  #1296-D: extended constant initialiser used
      { .dev = 
PI3, .nss = (uint8_t)
O_NONE, .sck = IO_TAG(SPI3_SCK_PIN), .miso = IO_TAG(SPI3_MISO_PIN), .mosi = IO_TAG(SPI3_MOSI_PIN), .rcc = RCC_APB1(SPI3), .af = GPIO_AF_SPI3, false }
src\quad\drivers\SPI\bus_spi.c(17): warning:  #767-D: conversion from pointer to smaller integer
      { .dev = 
PI3, .nss = (uint8_t)
O_NONE, .sck = IO_TAG(SPI3_SCK_PIN), .miso = IO_TAG(SPI3_MISO_PIN), .mosi = IO_TAG(SPI3_MOSI_PIN), .rcc = RCC_APB1(SPI3), .af = GPIO_AF_SPI3, false }
src\quad\drivers\SPI\bus_spi.c(254): warning:  #68-D: integer conversion resulted in a change of sign
  		return -1;
src\quad\drivers\SPI\bus_spi.c: 7 warnings, 0 errors
compiling ultrasound_hcsr04.c...
compiling serial_uart_stm32f4xx.c...
compiling timer.c...
src\quad\drivers\TIMER\timer.c(89): warning:  #111-D: statement is unreachable
  		
CASE(1);
src\quad\drivers\TIMER\timer.c(92): warning:  #111-D: statement is unreachable
  		
CASE(2);
src\quad\drivers\TIMER\timer.c(95): warning:  #111-D: statement is unreachable
  		
CASE(3);
src\quad\drivers\TIMER\timer.c(98): warning:  #111-D: statement is unreachable
  		
CASE(4);
src\quad\drivers\TIMER\timer.c(101): warning:  #111-D: statement is unreachable
  		
CASE(5);
src\quad\drivers\TIMER\timer.c(104): warning:  #111-D: statement is unreachable
  		
CASE(6);
src\quad\drivers\TIMER\timer.c(107): warning:  #111-D: statement is unreachable
  		
CASE(7);
src\quad\drivers\TIMER\timer.c(110): warning:  #111-D: statement is unreachable
  		
CASE(8);
src\quad\drivers\TIMER\timer.c(113): warning:  #111-D: statement is unreachable
  		
CASE(9);
src\quad\drivers\TIMER\timer.c(116): warning:  #111-D: statement is unreachable
  		
CASE(10);
src\quad\drivers\TIMER\timer.c(119): warning:  #111-D: statement is unreachable
  		
CASE(11);
src\quad\drivers\TIMER\timer.c: 11 warnings, 0 errors
compiling runtime_config.c...
compiling fat_standard.c...
compiling asyncfatfs.c...
src\quad\io\asyncfatfs\asyncfatfs.c(879): warning:  #111-D: statement is unreachable
  			break;
src\quad\io\asyncfatfs\asyncfatfs.c(929): warning:  #111-D: statement is unreachable
  			break;
src\quad\io\asyncfatfs\asyncfatfs.c(1998): warning:  #111-D: statement is unreachable
  				break;
src\quad\io\asyncfatfs\asyncfatfs.c(2002): warning:  #111-D: statement is unreachable
  				break;
src\quad\io\asyncfatfs\asyncfatfs.c(2051): warning:  #111-D: statement is unreachable
  					break;
src\quad\io\asyncfatfs\asyncfatfs.c(2058): warning:  #111-D: statement is unreachable
  					break;
src\quad\io\asyncfatfs\asyncfatfs.c(2107): warning:  #111-D: statement is unreachable
  			break;
src\quad\io\asyncfatfs\asyncfatfs.c(2118): warning:  #111-D: statement is unreachable
  			break;
src\quad\io\asyncfatfs\asyncfatfs.c(2200): warning:  #68-D: integer conversion resulted in a change of sign
  			afatfs_assert(afatfs_fseekAtomic(directory, -
FATFS_SECTOR_SIZE * (afatfs.sectorsPerCluster - 1)));
src\quad\io\asyncfatfs\asyncfatfs.c(2203): warning:  #111-D: statement is unreachable
  			break;
src\quad\io\asyncfatfs\asyncfatfs.c(2214): warning:  #111-D: statement is unreachable
  			break;
src\quad\io\asyncfatfs\asyncfatfs.c(2225): warning:  #111-D: statement is unreachable
  			break;
src\quad\io\asyncfatfs\asyncfatfs.c(2412): warning:  #111-D: statement is unreachable
  			break;
src\quad\io\asyncfatfs\asyncfatfs.c(2458): warning:  #111-D: statement is unreachable
  						break;
src\quad\io\asyncfatfs\asyncfatfs.c(3018): warning:  #111-D: statement is unreachable
          break;
src\quad\io\asyncfatfs\asyncfatfs.c(3029): warning:  #111-D: statement is unreachable
          break;
src\quad\io\asyncfatfs\asyncfatfs.c: 16 warnings, 0 errors
compiling dma_stm32f4xx.c...
src\quad\drivers\DMA\dma_stm32f4xx.c(12): warning:  #188-D: enumerated type mixed with another type
  	DEFINE_DMA_CHANNEL(DMA1, DMA1_Stream0, 0,  DMA1_Stream0_IRQn, RCC_AHB1Periph_DMA1),
src\quad\drivers\DMA\dma_stm32f4xx.c(13): warning:  #188-D: enumerated type mixed with another type
  	DEFINE_DMA_CHANNEL(DMA1, DMA1_Stream1, 6,  DMA1_Stream1_IRQn, RCC_AHB1Periph_DMA1),
src\quad\drivers\DMA\dma_stm32f4xx.c(14): warning:  #188-D: enumerated type mixed with another type
  	DEFINE_DMA_CHANNEL(DMA1, DMA1_Stream2, 16, DMA1_Stream2_IRQn, RCC_AHB1Periph_DMA1),
src\quad\drivers\DMA\dma_stm32f4xx.c(15): warning:  #188-D: enumerated type mixed with another type
  	DEFINE_DMA_CHANNEL(DMA1, DMA1_Stream3, 22, DMA1_Stream3_IRQn, RCC_AHB1Periph_DMA1),
src\quad\drivers\DMA\dma_stm32f4xx.c(16): warning:  #188-D: enumerated type mixed with another type
  	DEFINE_DMA_CHANNEL(DMA1, DMA1_Stream4, 32, DMA1_Stream4_IRQn, RCC_AHB1Periph_DMA1),
src\quad\drivers\DMA\dma_stm32f4xx.c(17): warning:  #188-D: enumerated type mixed with another type
  	DEFINE_DMA_CHANNEL(DMA1, DMA1_Stream5, 38, DMA1_Stream5_IRQn, RCC_AHB1Periph_DMA1),
src\quad\drivers\DMA\dma_stm32f4xx.c(18): warning:  #188-D: enumerated type mixed with another type
  	DEFINE_DMA_CHANNEL(DMA1, DMA1_Stream6, 48, DMA1_Stream6_IRQn, RCC_AHB1Periph_DMA1),
src\quad\drivers\DMA\dma_stm32f4xx.c(19): warning:  #188-D: enumerated type mixed with another type
  	DEFINE_DMA_CHANNEL(DMA1, DMA1_Stream7, 54, DMA1_Stream7_IRQn, RCC_AHB1Periph_DMA1),
src\quad\drivers\DMA\dma_stm32f4xx.c(21): warning:  #188-D: enumerated type mixed with another type
  	DEFINE_DMA_CHANNEL(DMA2, DMA2_Stream0, 0,  DMA2_Stream0_IRQn, RCC_AHB1Periph_DMA2),
src\quad\drivers\DMA\dma_stm32f4xx.c(22): warning:  #188-D: enumerated type mixed with another type
  	DEFINE_DMA_CHANNEL(DMA2, DMA2_Stream1, 6,  DMA2_Stream1_IRQn, RCC_AHB1Periph_DMA2),
src\quad\drivers\DMA\dma_stm32f4xx.c(23): warning:  #188-D: enumerated type mixed with another type
  	DEFINE_DMA_CHANNEL(DMA2, DMA2_Stream2, 16, DMA2_Stream2_IRQn, RCC_AHB1Periph_DMA2),
src\quad\drivers\DMA\dma_stm32f4xx.c(24): warning:  #188-D: enumerated type mixed with another type
  	DEFINE_DMA_CHANNEL(DMA2, DMA2_Stream3, 22, DMA2_Stream3_IRQn, RCC_AHB1Periph_DMA2),
src\quad\drivers\DMA\dma_stm32f4xx.c(25): warning:  #188-D: enumerated type mixed with another type
  	DEFINE_DMA_CHANNEL(DMA2, DMA2_Stream4, 32, DMA2_Stream4_IRQn, RCC_AHB1Periph_DMA2),
src\quad\drivers\DMA\dma_stm32f4xx.c(26): warning:  #188-D: enumerated type mixed with another type
  	DEFINE_DMA_CHANNEL(DMA2, DMA2_Stream5, 38, DMA2_Stream5_IRQn, RCC_AHB1Periph_DMA2),
src\quad\drivers\DMA\dma_stm32f4xx.c(27): warning:  #188-D: enumerated type mixed with another type
  	DEFINE_DMA_CHANNEL(DMA2, DMA2_Stream6, 48, DMA2_Stream6_IRQn, RCC_AHB1Periph_DMA2),
src\quad\drivers\DMA\dma_stm32f4xx.c(28): warning:  #188-D: enumerated type mixed with another type
  	DEFINE_DMA_CHANNEL(DMA2, DMA2_Stream7, 54, DMA2_Stream7_IRQn, RCC_AHB1Periph_DMA2),
src\quad\drivers\DMA\dma_stm32f4xx.c(56): warning:  #188-D: enumerated type mixed with another type
  			return i;
src\quad\drivers\DMA\dma_stm32f4xx.c(60): warning:  #188-D: enumerated type mixed with another type
  	return 0;
src\quad\drivers\DMA\dma_stm32f4xx.c: 18 warnings, 0 errors
compiling beeper.c...
compiling config.c...
compiling adc_stm32f4xx.c...
src\quad\drivers\ADC\adc_stm32f4xx.c(91): warning:  #188-D: enumerated type mixed with another type
  		IOInit(IOGetByTag(adcOperationConfig[i].tag), OWNER_ADC_MOTOR_CURRENT1 + i, 0);
src\quad\drivers\ADC\adc_stm32f4xx.c: 1 warning, 0 errors
compiling fc_tasks.c...
compiling imu.c...
src\quad\flight\imu.c(26): warning:  #550-D: variable "pidProfile"  was set but never used
  static pidProfile_t *pidProfile;
src\quad\flight\imu.c: 1 warning, 0 errors
compiling pid.c...
src\quad\flight\pid.c(15): warning:  #177-D: variable "dT"  was declared but never referenced
  static float dT;
src\quad\flight\pid.c: 1 warning, 0 errors
compiling compass.c...
compiling boardAlignment.c...
compiling config_eeprom.c...
src\quad\config\config_eeprom.c(124): warning:  #111-D: statement is unreachable
  	if (CONFIG_START_FLASH_ADDRESS <= 0x080BFFFF)
src\quad\config\config_eeprom.c(127): warning:  #111-D: statement is unreachable
  	if (CONFIG_START_FLASH_ADDRESS <= 0x080DFFFF)
src\quad\config\config_eeprom.c(130): warning:  #111-D: statement is unreachable
  	if (CONFIG_START_FLASH_ADDRESS <= 0x080FFFFF)
src\quad\config\config_eeprom.c(133): warning:  #128-D: loop is not reachable
  	while (1) {
src\quad\config\config_eeprom.c(144): warning:  #188-D: enumerated type mixed with another type
  	FLASH_Status status = 0;
src\quad\config\config_eeprom.c: 5 warnings, 0 errors
compiling filter.c...
compiling maths.c...
compiling initialisation.c...
compiling acceleration.c...
src\quad\sensors\acceleration.c(195): warning:  #188-D: enumerated type mixed with another type
  	if (!accDetect(&acc.dev, accelerometerConfig->acc_hardware)) {
src\quad\sensors\acceleration.c: 1 warning, 0 errors
compiling feature.c...
compiling ultrasound.c...
compiling debug.c...
compiling gyro.c...
src\quad\sensors\gyro.c(312): warning:  #1035-D: single-precision operand implicitly converted to double-precision
  	temperatureData = ((float) gyro.dev.temperatureRaw) / 333.87 + 21.0; // Gyro chip temperature in degrees Centigrade
src\quad\sensors\gyro.c: 1 warning, 0 errors
compiling ACS712.c...
src\quad\sensors\ACS712.c(38): warning:  #177-D: variable "dataLog"  was declared but never referenced
  static char dataLog[100];
src\quad\sensors\ACS712.c(67): warning:  #177-D: function "calculateMeanValue"  was declared but never referenced
  static int32_t calculateMeanValue(int32_t *samples)
src\quad\sensors\ACS712.c(78): warning:  #177-D: function "applyMeanCurrentValuesFilter"  was declared but never referenced
  static int32_t applyMeanCurrentValuesFilter(int32_t newCurrentMeterData)
src\quad\sensors\ACS712.c: 3 warnings, 0 errors
compiling pwm.c...
compiling rx.c...
src\quad\rx\rx.c(31): warning:  #550-D: variable "rxFlightChannelsValid"  was set but never used
  static bool rxFlightChannelsValid = false;
src\quad\rx\rx.c: 1 warning, 0 errors
compiling blackbox.c...
src\quad\blackbox\blackbox.c(63): warning:  #550-D: variable "xmitState"  was set but never used
  }xmitState;
src\quad\blackbox\blackbox.c(67): warning:  #550-D: variable "blackboxLoggedAnyFrames"  was set but never used
  static bool blackboxLoggedAnyFrames;
src\quad\blackbox\blackbox.c(69): warning:  #550-D: variable "blackboxSlowFrameIterationTimer"  was set but never used
  static uint16_t blackboxSlowFrameIterationTimer;
src\quad\blackbox\blackbox.c(75): warning:  #550-D: variable "blackboxHistory"  was set but never used
  static blackboxMainState_t *blackboxHistory[3];
src\quad\blackbox\blackbox.c: 4 warnings, 0 errors
compiling scheduler.c...
compiling blackbox_io.c...
linking...
Program Size: Code=47332 RO-data=5028 RW-data=5916 ZI-data=11476  
".\Objects\13-PID.axf" - 0 Error(s), 85 Warning(s).

<h2>Software Packages used:</h2>

Package Vendor: Keil
                http://www.keil.com/pack/Keil.STM32F4xx_DFP.2.13.0.pack
                Keil.STM32F4xx_DFP.2.13.0
                STMicroelectronics STM32F4 Series Device Support, Drivers and Examples

<h2>Collection of Component include folders:</h2>
  .\RTE\_STM32F407VG-Discovery
  F:\Keil_v5\ARM\PACK\Keil\STM32F4xx_DFP\2.13.0\Drivers\CMSIS\Device\ST\STM32F4xx\Include

<h2>Collection of Component Files used:</h2>
Build Time Elapsed:  00:00:16
</pre>
</body>
</html>
