<html>
<body>
<pre>
<h1>µVision Build Log</h1>
<h2>Tool Versions:</h2>
IDE-Version: µVision V5.24.2.0
Copyright (C) 2017 ARM Ltd and ARM Germany GmbH. All rights reserved.
License Information: Yankun Yang, Yang, LIC=EPP8T-RCFC3-C0FN2-9IQ27-DGA9R-Y97X5
 
Tool Versions:
Toolchain:       MDK-ARM Professional  Version: 5.24.1
Toolchain Path:  F:\Keil_v5\ARM\ARMCC\Bin
C Compiler:      Armcc.exe V5.06 update 5 (build 528)
Assembler:       Armasm.exe V5.06 update 5 (build 528)
Linker/Locator:  ArmLink.exe V5.06 update 5 (build 528)
Library Manager: ArmAr.exe V5.06 update 5 (build 528)
Hex Converter:   FromElf.exe V5.06 update 5 (build 528)
CPU DLL:         SARMCM3.DLL V5.24.1
Dialog DLL:      DCM.DLL V1.16.0.0
Target DLL:      STLink\ST-LINKIII-KEIL_SWO.dll V3.0.1.0
Dialog DLL:      TCM.DLL V1.32.0.0
 
<h2>Project:</h2>
D:\Dropbox\SBWMR\Implementation\Final\SBWMR\13-PID.uvprojx
Project File Date:  03/10/2019

<h2>Output:</h2>
*** Using Compiler 'V5.06 update 5 (build 528)', folder: 'F:\Keil_v5\ARM\ARMCC\Bin'
Build target 'STM32F407VG-Discovery'
compiling serial_uart_stm32f4xx.c...
compiling timer.c...
src\quad\drivers\timer.c(89): warning:  #111-D: statement is unreachable
  		
CASE(1);
src\quad\drivers\timer.c(92): warning:  #111-D: statement is unreachable
  		
CASE(2);
src\quad\drivers\timer.c(95): warning:  #111-D: statement is unreachable
  		
CASE(3);
src\quad\drivers\timer.c(98): warning:  #111-D: statement is unreachable
  		
CASE(4);
src\quad\drivers\timer.c(101): warning:  #111-D: statement is unreachable
  		
CASE(5);
src\quad\drivers\timer.c(104): warning:  #111-D: statement is unreachable
  		
CASE(6);
src\quad\drivers\timer.c(107): warning:  #111-D: statement is unreachable
  		
CASE(7);
src\quad\drivers\timer.c(110): warning:  #111-D: statement is unreachable
  		
CASE(8);
src\quad\drivers\timer.c(113): warning:  #111-D: statement is unreachable
  		
CASE(9);
src\quad\drivers\timer.c(116): warning:  #111-D: statement is unreachable
  		
CASE(10);
src\quad\drivers\timer.c(119): warning:  #111-D: statement is unreachable
  		
CASE(11);
src\quad\drivers\timer.c: 11 warnings, 0 errors
compiling accgyro_mpu.c...
compiling button.c...
compiling system.c...
compiling exti.c...
compiling ultrasound_hcsr04.c...
compiling main.c...
compiling fc_tasks.c...
linking...
Program Size: Code=30776 RO-data=4100 RW-data=5248 ZI-data=5744  
".\Objects\13-PID.axf" - 0 Error(s), 11 Warning(s).

<h2>Software Packages used:</h2>

Package Vendor: Keil
                http://www.keil.com/pack/Keil.STM32F4xx_DFP.2.13.0.pack
                Keil.STM32F4xx_DFP.2.13.0
                STMicroelectronics STM32F4 Series Device Support, Drivers and Examples

<h2>Collection of Component include folders:</h2>
  .\RTE\_STM32F407VG-Discovery
  F:\Keil_v5\ARM\PACK\Keil\STM32F4xx_DFP\2.13.0\Drivers\CMSIS\Device\ST\STM32F4xx\Include

<h2>Collection of Component Files used:</h2>
Build Time Elapsed:  00:00:04
</pre>
</body>
</html>
