Component: ARM Compiler 5.06 update 5 (build 528) Tool: armlink [4d35e2]

==============================================================================

Section Cross References

    startup_stm32f407xx.o(STACK) refers (Special) to heapauxi.o(.text) for __use_two_region_memory
    startup_stm32f407xx.o(HEAP) refers (Special) to heapauxi.o(.text) for __use_two_region_memory
    startup_stm32f407xx.o(RESET) refers (Special) to heapauxi.o(.text) for __use_two_region_memory
    startup_stm32f407xx.o(RESET) refers to startup_stm32f407xx.o(STACK) for __initial_sp
    startup_stm32f407xx.o(RESET) refers to startup_stm32f407xx.o(.text) for Reset_Handler
    startup_stm32f407xx.o(RESET) refers to system.o(i.SysTick_Handler) for SysTick_Handler
    startup_stm32f407xx.o(RESET) refers to exti.o(i.EXTI0_IRQHandler) for EXTI0_IRQHandler
    startup_stm32f407xx.o(RESET) refers to exti.o(i.EXTI1_IRQHandler) for EXTI1_IRQHandler
    startup_stm32f407xx.o(RESET) refers to exti.o(i.EXTI2_IRQHandler) for EXTI2_IRQHandler
    startup_stm32f407xx.o(RESET) refers to exti.o(i.EXTI3_IRQHandler) for EXTI3_IRQHandler
    startup_stm32f407xx.o(RESET) refers to exti.o(i.EXTI4_IRQHandler) for EXTI4_IRQHandler
    startup_stm32f407xx.o(RESET) refers to exti.o(i.EXTI9_5_IRQHandler) for EXTI9_5_IRQHandler
    startup_stm32f407xx.o(RESET) refers to timer.o(i.TIM1_CC_IRQHandler) for TIM1_CC_IRQHandler
    startup_stm32f407xx.o(RESET) refers to timer.o(i.TIM2_IRQHandler) for TIM2_IRQHandler
    startup_stm32f407xx.o(RESET) refers to timer.o(i.TIM3_IRQHandler) for TIM3_IRQHandler
    startup_stm32f407xx.o(RESET) refers to timer.o(i.TIM4_IRQHandler) for TIM4_IRQHandler
    startup_stm32f407xx.o(RESET) refers to serial_uart_stm32f4xx.o(i.USART1_IRQHandler) for USART1_IRQHandler
    startup_stm32f407xx.o(RESET) refers to serial_uart_stm32f4xx.o(i.USART3_IRQHandler) for USART3_IRQHandler
    startup_stm32f407xx.o(RESET) refers to exti.o(i.EXTI15_10_IRQHandler) for EXTI15_10_IRQHandler
    startup_stm32f407xx.o(RESET) refers to timer.o(i.TIM5_IRQHandler) for TIM5_IRQHandler
    startup_stm32f407xx.o(RESET) refers to serial_uart_stm32f4xx.o(i.USART6_IRQHandler) for USART6_IRQHandler
    startup_stm32f407xx.o(.text) refers (Special) to heapauxi.o(.text) for __use_two_region_memory
    startup_stm32f407xx.o(.text) refers to system_stm32f4xx.o(i.SystemInit) for SystemInit
    startup_stm32f407xx.o(.text) refers to __main.o(!!!main) for __main
    startup_stm32f407xx.o(.text) refers to startup_stm32f407xx.o(HEAP) for Heap_Mem
    startup_stm32f407xx.o(.text) refers to startup_stm32f407xx.o(STACK) for Stack_Mem
    stm32f4xx_flash.o(i.FLASH_EraseAllBank1Sectors) refers to stm32f4xx_flash.o(i.FLASH_WaitForLastOperation) for FLASH_WaitForLastOperation
    stm32f4xx_flash.o(i.FLASH_EraseAllBank2Sectors) refers to stm32f4xx_flash.o(i.FLASH_WaitForLastOperation) for FLASH_WaitForLastOperation
    stm32f4xx_flash.o(i.FLASH_EraseAllSectors) refers to stm32f4xx_flash.o(i.FLASH_WaitForLastOperation) for FLASH_WaitForLastOperation
    stm32f4xx_flash.o(i.FLASH_EraseSector) refers to stm32f4xx_flash.o(i.FLASH_WaitForLastOperation) for FLASH_WaitForLastOperation
    stm32f4xx_flash.o(i.FLASH_OB_Launch) refers to stm32f4xx_flash.o(i.FLASH_WaitForLastOperation) for FLASH_WaitForLastOperation
    stm32f4xx_flash.o(i.FLASH_OB_PCROP1Config) refers to stm32f4xx_flash.o(i.FLASH_WaitForLastOperation) for FLASH_WaitForLastOperation
    stm32f4xx_flash.o(i.FLASH_OB_PCROPConfig) refers to stm32f4xx_flash.o(i.FLASH_WaitForLastOperation) for FLASH_WaitForLastOperation
    stm32f4xx_flash.o(i.FLASH_OB_RDPConfig) refers to stm32f4xx_flash.o(i.FLASH_WaitForLastOperation) for FLASH_WaitForLastOperation
    stm32f4xx_flash.o(i.FLASH_OB_UserConfig) refers to stm32f4xx_flash.o(i.FLASH_WaitForLastOperation) for FLASH_WaitForLastOperation
    stm32f4xx_flash.o(i.FLASH_OB_WRP1Config) refers to stm32f4xx_flash.o(i.FLASH_WaitForLastOperation) for FLASH_WaitForLastOperation
    stm32f4xx_flash.o(i.FLASH_OB_WRPConfig) refers to stm32f4xx_flash.o(i.FLASH_WaitForLastOperation) for FLASH_WaitForLastOperation
    stm32f4xx_flash.o(i.FLASH_ProgramByte) refers to stm32f4xx_flash.o(i.FLASH_WaitForLastOperation) for FLASH_WaitForLastOperation
    stm32f4xx_flash.o(i.FLASH_ProgramDoubleWord) refers to stm32f4xx_flash.o(i.FLASH_WaitForLastOperation) for FLASH_WaitForLastOperation
    stm32f4xx_flash.o(i.FLASH_ProgramHalfWord) refers to stm32f4xx_flash.o(i.FLASH_WaitForLastOperation) for FLASH_WaitForLastOperation
    stm32f4xx_flash.o(i.FLASH_ProgramWord) refers to stm32f4xx_flash.o(i.FLASH_WaitForLastOperation) for FLASH_WaitForLastOperation
    stm32f4xx_flash.o(i.FLASH_WaitForLastOperation) refers to stm32f4xx_flash.o(i.FLASH_GetStatus) for FLASH_GetStatus
    stm32f4xx_gpio.o(i.GPIO_DeInit) refers to stm32f4xx_rcc.o(i.RCC_AHB1PeriphResetCmd) for RCC_AHB1PeriphResetCmd
[...]
    driveForward                             0x20000e1c   Data           1  serial_uart_stm32f4xx.o(.data)
    driveReverse                             0x20000e1d   Data           1  serial_uart_stm32f4xx.o(.data)
    turnLeft                                 0x20000e1e   Data           1  serial_uart_stm32f4xx.o(.data)
    turnRight                                0x20000e1f   Data           1  serial_uart_stm32f4xx.o(.data)
    ultrasound1_measurement                  0x20000e68   Data           4  ultrasound_hcsr04.o(.data)
    ultrasound2_measurement                  0x20000e6c   Data           4  ultrasound_hcsr04.o(.data)
    ultrasound3_measurement                  0x20000e70   Data           4  ultrasound_hcsr04.o(.data)
    ultrasound4_measurement                  0x20000e74   Data           4  ultrasound_hcsr04.o(.data)
    ultrasound5_measurement                  0x20000e78   Data           4  ultrasound_hcsr04.o(.data)
    ultrasound6_measurement                  0x20000e7c   Data           4  ultrasound_hcsr04.o(.data)
    currentProfile                           0x20000efc   Data           4  config.o(.data)
    currentControlRateProfile                0x20000f00   Data           4  config.o(.data)
    isMotorActivated                         0x20000f04   Data           1  fc_tasks.o(.data)
    stopFlag                                 0x20000f05   Data           1  fc_tasks.o(.data)
    isCollisionAvoidanceModeActivated        0x20000f06   Data           1  fc_tasks.o(.data)
    yawMagnitude                             0x20000f1c   Data           4  fc_tasks.o(.data)
    speedLimit                               0x20000f20   Data           4  fc_tasks.o(.data)
    speedConfig                              0x20000f24   Data           4  fc_tasks.o(.data)
    stationaryFlag                           0x20000f28   Data           4  fc_tasks.o(.data)
    velocityUpdatedMovement                  0x20000f2c   Data           4  fc_tasks.o(.data)
    balanceSetpoint                          0x20000f30   Data           4  fc_tasks.o(.data)
    velocitySetpoint                         0x20000f34   Data           4  fc_tasks.o(.data)
    Encoder1                                 0x20000f84   Data           4  fc_tasks.o(.data)
    Encoder2                                 0x20000f88   Data           4  fc_tasks.o(.data)
    stabilisePwmVal                          0x20000f8c   Data           4  fc_tasks.o(.data)
    velocityPwmVal                           0x20000f90   Data           4  fc_tasks.o(.data)
    yawPwmVal                                0x20000f94   Data           4  fc_tasks.o(.data)
    motor1Pwm                                0x20000f98   Data           4  fc_tasks.o(.data)
    motor2Pwm                                0x20000f9c   Data           4  fc_tasks.o(.data)
    cfTasks                                  0x20000fa0   Data        1144  fc_tasks.o(.data)
    armingFlags                              0x20001418   Data           1  runtime_config.o(.data)
    flightModeFlags                          0x2000141c   Data           2  runtime_config.o(.data)
    stateFlags                               0x20001424   Data           1  runtime_config.o(.data)
    smallAngleCosZ                           0x20001428   Data           4  imu.o(.data)
    magneticDeclination                      0x2000143c   Data           4  imu.o(.data)
    accVelScale                              0x20001450   Data           4  imu.o(.data)
    fc_acc                                   0x20001454   Data           4  imu.o(.data)
    throttleAngleScale                       0x20001458   Data           4  imu.o(.data)
    attitude                                 0x20001460   Data           6  imu.o(.data)
    speedLpfFilter                           0x20001470   Data           4  pid.o(.data)
    speedLpfFilterApplyFn                    0x20001474   Data           4  pid.o(.data)
    temperatureData                          0x20001488   Data           4  gyro.o(.data)
    detectedSensors                          0x2000149c   Data           4  initialisation.o(.data)
    ultrasoundMaxRangeCm                     0x200014aa   Data           2  ultrasound.o(.data)
    blackboxHeaderBudget                     0x200014d4   Data           4  blackbox_io.o(.data)
    averageSystemLoadPercentage              0x200014da   Data           2  scheduler.o(.data)
    checkFuncMaxExecutionTime                0x200014f0   Data           4  scheduler.o(.data)
    checkFuncTotalExecutionTime              0x200014f4   Data           4  scheduler.o(.data)
    checkFuncMovingSumExecutionTime          0x200014f8   Data           4  scheduler.o(.data)
    clocks                                   0x200014fc   Data          16  system.o(.bss)
    extiChannelRecs                          0x2000150c   Data          64  exti.o(.bss)
    ioRecs                                   0x2000154c   Data         640  io.o(.bss)
    OLED_GRAM                                0x200017dc   Data        1024  oled.o(.bss)
    timerConfig                              0x20001c78   Data         440  timer.o(.bss)
    timerChannelInfo                         0x20001e30   Data          14  timer.o(.bss)
    timerInfo                                0x20001e3e   Data          11  timer.o(.bss)
    masterConfig                             0x20001e4c   Data         956  config.o(.bss)
    acc                                      0x20003614   Data          64  acceleration.o(.bss)
    gyro                                     0x20003828   Data          88  gyro.o(.bss)
    mag                                      0x200038d4   Data          28  compass.o(.bss)
    taskQueueArray                           0x20003ab8   Data          92  scheduler.o(.bss)
    __libspace_start                         0x20003b14   Data          96  libspace.o(.bss)
    __temporary_stack_top$libspace           0x20003b74   Data           0  libspace.o(.bss)



==============================================================================

Memory Map of the image

  Image Entry point : 0x08000189

  Load Region LR_IROM1 (Base: 0x08000000, Size: 0x0000db58, Max: 0x00100000, ABSOLUTE, COMPRESSED[0x0000c7d4])

    Execution Region ER_IROM1 (Exec base: 0x08000000, Load base: 0x08000000, Size: 0x0000c65c, Max: 0x00100000, ABSOLUTE)

    Exec Addr    Load Addr    Size         Type   Attr      Idx    E Section Name        Object

    0x08000000   0x08000000   0x00000188   Data   RO            3    RESET               startup_stm32f407xx.o
    0x08000188   0x08000188   0x00000008   Code   RO         6597  * !!!main             c_w.l(__main.o)
    0x08000190   0x08000190   0x00000034   Code   RO         7006    !!!scatter          c_w.l(__scatter.o)
    0x080001c4   0x080001c4   0x0000005a   Code   RO         7004    !!dczerorl2         c_w.l(__dczerorl2.o)
    0x0800021e   0x0800021e   0x00000002   PAD
    0x08000220   0x08000220   0x0000001c   Code   RO         7008    !!handler_zi        c_w.l(__scatter_zi.o)
    0x0800023c   0x0800023c   0x00000000   Code   RO         6568    .ARM.Collect$$_printf_percent$$00000000  c_w.l(_printf_percent.o)
    0x0800023c   0x0800023c   0x00000006   Code   RO         6567    .ARM.Collect$$_printf_percent$$00000003  c_w.l(_printf_f.o)
    0x08000242   0x08000242   0x00000006   Code   RO         6565    .ARM.Collect$$_printf_percent$$00000009  c_w.l(_printf_d.o)
    0x08000248   0x08000248   0x00000006   Code   RO         6564    .ARM.Collect$$_printf_percent$$00000014  c_w.l(_printf_s.o)
    0x0800024e   0x0800024e   0x00000004   Code   RO         6751    .ARM.Collect$$_printf_percent$$00000017  c_w.l(_printf_percent_end.o)
    0x08000252   0x08000252   0x00000002   Code   RO         6877    .ARM.Collect$$libinit$$00000000  c_w.l(libinit.o)
    0x08000254   0x08000254   0x00000004   Code   RO         6878    .ARM.Collect$$libinit$$00000001  c_w.l(libinit2.o)
    0x08000258   0x08000258   0x00000000   Code   RO         6881    .ARM.Collect$$libinit$$00000004  c_w.l(libinit2.o)
    0x08000258   0x08000258   0x00000000   Code   RO         6884    .ARM.Collect$$libinit$$0000000A  c_w.l(libinit2.o)
    0x08000258   0x08000258   0x00000000   Code   RO         6886    .ARM.Collect$$libinit$$0000000C  c_w.l(libinit2.o)
    0x08000258   0x08000258   0x00000000   Code   RO         6888    .ARM.Collect$$libinit$$0000000E  c_w.l(libinit2.o)
    0x08000258   0x08000258   0x00000006   Code   RO         6889    .ARM.Collect$$libinit$$0000000F  c_w.l(libinit2.o)
    0x0800025e   0x0800025e   0x00000000   Code   RO         6891    .ARM.Collect$$libinit$$00000011  c_w.l(libinit2.o)
    0x0800025e   0x0800025e   0x0000000c   Code   RO         6892    .ARM.Collect$$libinit$$00000012  c_w.l(libinit2.o)
    0x0800026a   0x0800026a   0x00000000   Code   RO         6893    .ARM.Collect$$libinit$$00000013  c_w.l(libinit2.o)
    0x0800026a   0x0800026a   0x00000000   Code   RO         6895    .ARM.Collect$$libinit$$00000015  c_w.l(libinit2.o)
    0x0800026a   0x0800026a   0x0000000a   Code   RO         6896    .ARM.Collect$$libinit$$00000016  c_w.l(libinit2.o)
    0x08000274   0x08000274   0x00000000   Code   RO         6897    .ARM.Collect$$libinit$$00000017  c_w.l(libinit2.o)
    0x08000274   0x08000274   0x00000000   Code   RO         6899    .ARM.Collect$$libinit$$00000019  c_w.l(libinit2.o)
    0x08000274   0x08000274   0x00000000   Code   RO         6901    .ARM.Collect$$libinit$$0000001B  c_w.l(libinit2.o)
    0x08000274   0x08000274   0x00000000   Code   RO         6903    .ARM.Collect$$libinit$$0000001D  c_w.l(libinit2.o)
    0x08000274   0x08000274   0x00000000   Code   RO         6905    .ARM.Collect$$libinit$$0000001F  c_w.l(libinit2.o)
    0x08000274   0x08000274   0x00000000   Code   RO         6907    .ARM.Collect$$libinit$$00000021  c_w.l(libinit2.o)
    0x08000274   0x08000274   0x00000000   Code   RO         6909    .ARM.Collect$$libinit$$00000023  c_w.l(libinit2.o)
    0x08000274   0x08000274   0x00000000   Code   RO         6911    .ARM.Collect$$libinit$$00000025  c_w.l(libinit2.o)
    0x08000274   0x08000274   0x00000000   Code   RO         6915    .ARM.Collect$$libinit$$0000002C  c_w.l(libinit2.o)
    0x08000274   0x08000274   0x00000000   Code   RO         6917    .ARM.Collect$$libinit$$0000002E  c_w.l(libinit2.o)
    0x08000274   0x08000274   0x00000000   Code   RO         6919    .ARM.Collect$$libinit$$00000030  c_w.l(libinit2.o)
    0x08000274   0x08000274   0x00000000   Code   RO         6921    .ARM.Collect$$libinit$$00000032  c_w.l(libinit2.o)
    0x08000274   0x08000274   0x00000002   Code   RO         6922    .ARM.Collect$$libinit$$00000033  c_w.l(libinit2.o)
    0x08000276   0x08000276   0x00000002   Code   RO         6952    .ARM.Collect$$libshutdown$$00000000  c_w.l(libshutdown.o)
    0x08000278   0x08000278   0x00000000   Code   RO         6963    .ARM.Collect$$libshutdown$$00000002  c_w.l(libshutdown2.o)
    0x08000278   0x08000278   0x00000000   Code   RO         6965    .ARM.Collect$$libshutdown$$00000004  c_w.l(libshutdown2.o)
    0x08000278   0x08000278   0x00000000   Code   RO         6968    .ARM.Collect$$libshutdown$$00000007  c_w.l(libshutdown2.o)
    0x08000278   0x08000278   0x00000000   Code   RO         6971    .ARM.Collect$$libshutdown$$0000000A  c_w.l(libshutdown2.o)
    0x08000278   0x08000278   0x00000000   Code   RO         6973    .ARM.Collect$$libshutdown$$0000000C  c_w.l(libshutdown2.o)
    0x08000278   0x08000278   0x00000000   Code   RO         6976    .ARM.Collect$$libshutdown$$0000000F  c_w.l(libshutdown2.o)
    0x08000278   0x08000278   0x00000002   Code   RO         6977    .ARM.Collect$$libshutdown$$00000010  c_w.l(libshutdown2.o)
    0x0800027a   0x0800027a   0x00000000   Code   RO         6727    .ARM.Collect$$rtentry$$00000000  c_w.l(__rtentry.o)
    0x0800027a   0x0800027a   0x00000000   Code   RO         6800    .ARM.Collect$$rtentry$$00000002  c_w.l(__rtentry2.o)
    0x0800027a   0x0800027a   0x00000006   Code   RO         6812    .ARM.Collect$$rtentry$$00000004  c_w.l(__rtentry4.o)
    0x08000280   0x08000280   0x00000000   Code   RO         6802    .ARM.Collect$$rtentry$$00000009  c_w.l(__rtentry2.o)
    0x08000280   0x08000280   0x00000004   Code   RO         6803    .ARM.Collect$$rtentry$$0000000A  c_w.l(__rtentry2.o)
    0x08000284   0x08000284   0x00000000   Code   RO         6805    .ARM.Collect$$rtentry$$0000000C  c_w.l(__rtentry2.o)
    0x08000284   0x08000284   0x00000008   Code   RO         6806    .ARM.Collect$$rtentry$$0000000D  c_w.l(__rtentry2.o)
    0x0800028c   0x0800028c   0x00000002   Code   RO         6923    .ARM.Collect$$rtexit$$00000000  c_w.l(rtexit.o)
    0x0800028e   0x0800028e   0x00000000   Code   RO         6930    .ARM.Collect$$rtexit$$00000002  c_w.l(rtexit2.o)
    0x0800028e   0x0800028e   0x00000004   Code   RO         6931    .ARM.Collect$$rtexit$$00000003  c_w.l(rtexit2.o)
    0x08000292   0x08000292   0x00000006   Code   RO         6932    .ARM.Collect$$rtexit$$00000004  c_w.l(rtexit2.o)
    0x08000298   0x08000298   0x00000040   Code   RO            4    .text               startup_stm32f407xx.o
    0x080002d8   0x080002d8   0x0000001e   Code   RO         6528    .text               c_w.l(toupper.o)
    0x080002f6   0x080002f6   0x00000002   PAD
    0x080002f8   0x080002f8   0x00000018   Code   RO         6534    .text               c_w.l(noretval__2printf.o)
    0x08000310   0x08000310   0x00000028   Code   RO         6536    .text               c_w.l(noretval__2sprintf.o)
    0x08000338   0x08000338   0x00000052   Code   RO         6540    .text               c_w.l(_printf_str.o)
    0x0800038a   0x0800038a   0x00000002   PAD
    0x0800038c   0x0800038c   0x00000078   Code   RO         6542    .text               c_w.l(_printf_dec.o)
    0x08000404   0x08000404   0x0000010e   Code   RO         6552    .text               c_w.l(__printf_wp.o)
    0x08000512   0x08000512   0x0000001a   Code   RO         6569    .text               c_w.l(atoi.o)
    0x0800052c   0x0800052c   0x0000003e   Code   RO         6575    .text               c_w.l(strlen.o)
    0x0800056a   0x0800056a   0x00000096   Code   RO         6577    .text               c_w.l(strncmp.o)
    0x08000600   0x08000600   0x0000008a   Code   RO         6579    .text               c_w.l(rt_memcpy_v6.o)
    0x0800068a   0x0800068a   0x00000064   Code   RO         6581    .text               c_w.l(rt_memcpy_w.o)
    0x080006ee   0x080006ee   0x0000007a   Code   RO         6583    .text               c_w.l(rt_memmove_w.o)
    0x08000768   0x08000768   0x00000010   Code   RO         6585    .text               c_w.l(aeabi_memset.o)
    0x08000778   0x08000778   0x00000044   Code   RO         6587    .text               c_w.l(rt_memclr.o)
    0x080007bc   0x080007bc   0x0000004e   Code   RO         6589    .text               c_w.l(rt_memclr_w.o)
    0x0800080a   0x0800080a   0x00000056   Code   RO         6591    .text               c_w.l(strncpy.o)
    0x08000860   0x08000860   0x00000080   Code   RO         6593    .text               c_w.l(strcmpv7m.o)
    0x080008e0   0x080008e0   0x00000006   Code   RO         6595    .text               c_w.l(heapauxi.o)
    0x080008e6   0x080008e6   0x00000002   PAD
    0x080008e8   0x080008e8   0x00000010   Code   RO         6728    .text               c_w.l(rt_ctype_table.o)
    0x080008f8   0x080008f8   0x00000008   Code   RO         6733    .text               c_w.l(rt_errno_addr_intlibspace.o)
    0x08000900   0x08000900   0x00000016   Code   RO         6735    .text               c_w.l(_rserrno.o)
    0x08000916   0x08000916   0x000000b2   Code   RO         6739    .text               c_w.l(_printf_intcommon.o)
    0x080009c8   0x080009c8   0x0000041e   Code   RO         6741    .text               c_w.l(_printf_fp_dec.o)
    0x08000de6   0x08000de6   0x00000002   PAD
    0x08000de8   0x08000de8   0x00000030   Code   RO         6743    .text               c_w.l(_printf_char_common.o)
    0x08000e18   0x08000e18   0x0000000a   Code   RO         6745    .text               c_w.l(_sputc.o)
    0x08000e22   0x08000e22   0x0000002c   Code   RO         6747    .text               c_w.l(_printf_char.o)
    0x08000e4e   0x08000e4e   0x00000002   PAD
    0x08000e50   0x08000e50   0x00000024   Code   RO         6749    .text               c_w.l(_printf_char_file.o)
    0x08000e74   0x08000e74   0x00000070   Code   RO         6752    .text               c_w.l(strtol.o)
    0x08000ee4   0x08000ee4   0x00000008   Code   RO         6796    .text               c_w.l(libspace.o)
    0x08000eec   0x08000eec   0x00000008   Code   RO         6817    .text               c_w.l(rt_locale_intlibspace.o)
    0x08000ef4   0x08000ef4   0x0000008a   Code   RO         6819    .text               c_w.l(lludiv10.o)
    0x08000f7e   0x08000f7e   0x00000002   PAD
    0x08000f80   0x08000f80   0x00000080   Code   RO         6821    .text               c_w.l(_printf_fp_infnan.o)
    0x08001000   0x08001000   0x0000009e   Code   RO         6825    .text               c_w.l(_strtoul.o)
    0x0800109e   0x0800109e   0x00000002   PAD
    0x080010a0   0x080010a0   0x000000e4   Code   RO         6827    .text               c_w.l(bigflt0.o)
    0x08001184   0x08001184   0x00000008   Code   RO         6852    .text               c_w.l(ferror.o)
    0x0800118c   0x0800118c   0x0000004a   Code   RO         6866    .text               c_w.l(sys_stackheap_outer.o)
    0x080011d6   0x080011d6   0x0000001c   Code   RO         6868    .text               c_w.l(_chval.o)
    0x080011f2   0x080011f2   0x00000012   Code   RO         6870    .text               c_w.l(exit.o)
    0x08001204   0x08001204   0x0000000c   Code   RO         6942    .text               c_w.l(sys_exit.o)
    0x08001210   0x08001210   0x00000002   Code   RO         6953    .text               c_w.l(use_no_semi.o)
    0x08001212   0x08001212   0x00000000   Code   RO         6955    .text               c_w.l(indicate_semi.o)
    0x08001212   0x08001212   0x0000003e   Code   RO         6830    CL$$btod_d2e        c_w.l(btod.o)
    0x08001250   0x08001250   0x00000046   Code   RO         6832    CL$$btod_d2e_denorm_low  c_w.l(btod.o)
    0x08001296   0x08001296   0x00000060   Code   RO         6831    CL$$btod_d2e_norm_op1  c_w.l(btod.o)
    0x080012f6   0x080012f6   0x00000338   Code   RO         6840    CL$$btod_div_common  c_w.l(btod.o)
    0x0800162e   0x0800162e   0x000000dc   Code   RO         6837    CL$$btod_e2e        c_w.l(btod.o)
    0x0800170a   0x0800170a   0x0000002a   Code   RO         6834    CL$$btod_ediv       c_w.l(btod.o)
    0x08001734   0x08001734   0x0000002a   Code   RO         6833    CL$$btod_emul       c_w.l(btod.o)
    0x0800175e   0x0800175e   0x00000244   Code   RO         6839    CL$$btod_mult_common  c_w.l(btod.o)
    0x080019a2   0x080019a2   0x00000014   Code   RO          123    i.DMA_Cmd           stm32f4xx_dma.o
    0x080019b6   0x080019b6   0x00000002   PAD
    0x080019b8   0x080019b8   0x00000124   Code   RO          124    i.DMA_DeInit        stm32f4xx_dma.o
    0x08001adc   0x08001adc   0x00000006   Code   RO          129    i.DMA_GetCurrDataCounter  stm32f4xx_dma.o
    0x08001ae2   0x08001ae2   0x0000002c   Code   RO          134    i.DMA_ITConfig      stm32f4xx_dma.o
    0x08001b0e   0x08001b0e   0x00000002   PAD
    0x08001b10   0x08001b10   0x00000054   Code   RO          135    i.DMA_Init          stm32f4xx_dma.o
    0x08001b64   0x08001b64   0x0000000a   Code   RO          136    i.DMA_MemoryTargetConfig  stm32f4xx_dma.o
    0x08001b6e   0x08001b6e   0x00000004   Code   RO          138    i.DMA_SetCurrDataCounter  stm32f4xx_dma.o
    0x08001b72   0x08001b72   0x00000022   Code   RO          139    i.DMA_StructInit    stm32f4xx_dma.o
    0x08001b94   0x08001b94   0x00000004   Code   RO         2646    i.EXTI0_IRQHandler  exti.o
    0x08001b98   0x08001b98   0x00000004   Code   RO         2647    i.EXTI15_10_IRQHandler  exti.o
    0x08001b9c   0x08001b9c   0x00000004   Code   RO         2648    i.EXTI1_IRQHandler  exti.o
    0x08001ba0   0x08001ba0   0x00000004   Code   RO         2649    i.EXTI2_IRQHandler  exti.o
    0x08001ba4   0x08001ba4   0x00000004   Code   RO         2650    i.EXTI3_IRQHandler  exti.o
    0x08001ba8   0x08001ba8   0x00000004   Code   RO         2651    i.EXTI4_IRQHandler  exti.o
    0x08001bac   0x08001bac   0x00000004   Code   RO         2652    i.EXTI9_5_IRQHandler  exti.o
    0x08001bb0   0x08001bb0   0x00000090   Code   RO         2653    i.EXTIConfig        exti.o
    0x08001c40   0x08001c40   0x00000020   Code   RO         2654    i.EXTIEnable        exti.o
    0x08001c60   0x08001c60   0x00000004   Code   RO         2655    i.EXTIHandlerInit   exti.o
    0x08001c64   0x08001c64   0x00000028   Code   RO         2656    i.EXTIInit          exti.o
    0x08001c8c   0x08001c8c   0x0000000c   Code   RO          254    i.EXTI_ClearITPendingBit  stm32f4xx_exti.o
    0x08001c98   0x08001c98   0x00000040   Code   RO         2658    i.EXTI_IRQHandler   exti.o
    0x08001cd8   0x08001cd8   0x00000070   Code   RO          259    i.EXTI_Init         stm32f4xx_exti.o
    0x08001d48   0x08001d48   0x00000094   Code   RO         2102    i.EnableGPIOClk     main.o
    0x08001ddc   0x08001ddc   0x000000a2   Code   RO          578    i.GPIO_Init         stm32f4xx_gpio.o
    0x08001e7e   0x08001e7e   0x00000020   Code   RO          579    i.GPIO_PinAFConfig  stm32f4xx_gpio.o
    0x08001e9e   0x08001e9e   0x00000012   Code   RO          587    i.GPIO_StructInit   stm32f4xx_gpio.o
    0x08001eb0   0x08001eb0   0x00000048   Code   RO         2980    i.IOConfigGPIO      io.o
    0x08001ef8   0x08001ef8   0x0000005c   Code   RO         2981    i.IOConfigGPIOAF    io.o
    0x08001f54   0x08001f54   0x0000006c   Code   RO         2982    i.IOGetByTag        io.o
    0x08001fc0   0x08001fc0   0x00000040   Code   RO         2983    i.IOGlobalInit      io.o
    0x08002000   0x08002000   0x0000000c   Code   RO         2984    i.IOHi              io.o
    0x0800200c   0x0800200c   0x00000006   Code   RO         2985    i.IOInit            io.o
    0x08002012   0x08002012   0x0000000e   Code   RO         2986    i.IOLo              io.o
    0x08002020   0x08002020   0x00000016   Code   RO         2987    i.IORead            io.o
    0x08002036   0x08002036   0x00000012   Code   RO         2990    i.IOWrite           io.o
    0x08002048   0x08002048   0x00000012   Code   RO         2991    i.IO_EXTI_Line      io.o
    0x0800205a   0x0800205a   0x00000004   Code   RO         2992    i.IO_EXTI_PinSource  io.o
    0x0800205e   0x0800205e   0x00000004   Code   RO         2993    i.IO_EXTI_PortSourceGPIO  io.o
    0x08002062   0x08002062   0x00000014   Code   RO         2995    i.IO_GPIOPinIdx     io.o
    0x08002076   0x08002076   0x00000002   PAD
    0x08002078   0x08002078   0x00000018   Code   RO         2996    i.IO_GPIOPortIdx    io.o
    0x08002090   0x08002090   0x00000004   Code   RO         2997    i.IO_GPIO_PinSource  io.o
    0x08002094   0x08002094   0x00000088   Code   RO         3135    i.LedInit           led.o
    0x0800211c   0x0800211c   0x00000028   Code   RO         3136    i.LedSet            led.o
    0x08002144   0x08002144   0x00000064   Code   RO           13    i.NVIC_Init         misc.o
    0x080021a8   0x080021a8   0x00000014   Code   RO           14    i.NVIC_PriorityGroupConfig  misc.o
    0x080021bc   0x080021bc   0x0000002c   Code   RO         3211    i.OLED_Clear        oled.o
    0x080021e8   0x080021e8   0x0000003c   Code   RO         3214    i.OLED_DrawPoint    oled.o
    0x08002224   0x08002224   0x0000004c   Code   RO         3215    i.OLED_Refresh_Gram  oled.o
    0x08002270   0x08002270   0x00000090   Code   RO         3216    i.OLED_ShowChar     oled.o
    0x08002300   0x08002300   0x00000078   Code   RO         3217    i.OLED_ShowNumber   oled.o
    0x08002378   0x08002378   0x0000003e   Code   RO         3218    i.OLED_ShowString   oled.o
    0x080023b6   0x080023b6   0x00000002   PAD
    0x080023b8   0x080023b8   0x00000074   Code   RO         3219    i.OLED_WR_Byte      oled.o
    0x0800242c   0x0800242c   0x00000018   Code   RO          793    i.RCC_AHB1PeriphClockCmd  stm32f4xx_rcc.o
    0x08002444   0x08002444   0x00000018   Code   RO          795    i.RCC_AHB1PeriphResetCmd  stm32f4xx_rcc.o
    0x0800245c   0x0800245c   0x00000018   Code   RO          796    i.RCC_AHB2PeriphClockCmd  stm32f4xx_rcc.o
    0x08002474   0x08002474   0x00000018   Code   RO          802    i.RCC_APB1PeriphClockCmd  stm32f4xx_rcc.o
    0x0800248c   0x0800248c   0x00000018   Code   RO          804    i.RCC_APB1PeriphResetCmd  stm32f4xx_rcc.o
    0x080024a4   0x080024a4   0x00000018   Code   RO          805    i.RCC_APB2PeriphClockCmd  stm32f4xx_rcc.o
    0x080024bc   0x080024bc   0x00000018   Code   RO          807    i.RCC_APB2PeriphResetCmd  stm32f4xx_rcc.o
    0x080024d4   0x080024d4   0x00000010   Code   RO          810    i.RCC_ClearFlag     stm32f4xx_rcc.o
    0x080024e4   0x080024e4   0x00000024   Code   RO         3449    i.RCC_ClockCmd      rcc.o
    0x08002508   0x08002508   0x00000090   Code   RO          814    i.RCC_GetClocksFreq  stm32f4xx_rcc.o
    0x08002598   0x08002598   0x00000024   Code   RO         3450    i.RCC_ResetCmd      rcc.o
    0x080025bc   0x080025bc   0x00000034   Code   RO         4606    i.Read_Encoder      fc_tasks.o
    0x080025f0   0x080025f0   0x0000000c   Code   RO         4435    i.ResetBeeperConfig  config.o
    0x080025fc   0x080025fc   0x00000020   Code   RO         4436    i.ResetLedStatusConfig  config.o
    0x0800261c   0x0800261c   0x00000008   Code   RO         5555    i.ResetRollAndPitchTrims  acceleration.o
    0x08002624   0x08002624   0x0000003c   Code   RO         4437    i.ResetSerialConfig  config.o
    0x08002660   0x08002660   0x00000064   Code   RO         4438    i.ResetSerialPinConfig  config.o
    0x080026c4   0x080026c4   0x00000014   Code   RO         1137    i.SPI_Cmd           stm32f4xx_spi.o
    0x080026d8   0x080026d8   0x00000084   Code   RO         1144    i.SPI_I2S_DeInit    stm32f4xx_spi.o
    0x0800275c   0x0800275c   0x0000000e   Code   RO         1145    i.SPI_I2S_GetFlagStatus  stm32f4xx_spi.o
    0x0800276a   0x0800276a   0x00000004   Code   RO         1148    i.SPI_I2S_ReceiveData  stm32f4xx_spi.o
    0x0800276e   0x0800276e   0x00000004   Code   RO         1149    i.SPI_I2S_SendData  stm32f4xx_spi.o
    0x08002772   0x08002772   0x00000038   Code   RO         1150    i.SPI_Init          stm32f4xx_spi.o
    0x080027aa   0x080027aa   0x00000002   PAD
    0x080027ac   0x080027ac   0x00000030   Code   RO         1302    i.SYSCFG_EXTILineConfig  stm32f4xx_syscfg.o
    0x080027dc   0x080027dc   0x000000b4   Code   RO         2387    i.SetSysClock       system_stm32f4xx.o
    0x08002890   0x08002890   0x00000024   Code   RO         2458    i.SysTick_Handler   system.o
    0x080028b4   0x080028b4   0x00000024   Code   RO         2459    i.SysTick_Init      system.o
    0x080028d8   0x080028d8   0x0000005c   Code   RO         2389    i.SystemInit        system_stm32f4xx.o
    0x08002934   0x08002934   0x0000002e   Code   RO         1359    i.TI1_Config        stm32f4xx_tim.o
    0x08002962   0x08002962   0x00000036   Code   RO         1360    i.TI2_Config        stm32f4xx_tim.o
    0x08002998   0x08002998   0x00000010   Code   RO         4086    i.TIM1_CC_IRQHandler  timer.o
    0x080029a8   0x080029a8   0x00000010   Code   RO         4087    i.TIM2_IRQHandler   timer.o
    0x080029b8   0x080029b8   0x00000010   Code   RO         4088    i.TIM3_IRQHandler   timer.o
    0x080029c8   0x080029c8   0x00000010   Code   RO         4089    i.TIM4_IRQHandler   timer.o
    0x080029d8   0x080029d8   0x00000010   Code   RO         4090    i.TIM5_IRQHandler   timer.o
    0x080029e8   0x080029e8   0x00000014   Code   RO         1373    i.TIM_Cmd           stm32f4xx_tim.o
    0x080029fc   0x080029fc   0x00000016   Code   RO         1375    i.TIM_CtrlPWMOutputs  stm32f4xx_tim.o
    0x08002a12   0x08002a12   0x000000ac   Code   RO         1396    i.TIM_ICInit        stm32f4xx_tim.o
    0x08002abe   0x08002abe   0x00000010   Code   RO         1397    i.TIM_ICStructInit  stm32f4xx_tim.o
    0x08002ace   0x08002ace   0x00000002   PAD
    0x08002ad0   0x08002ad0   0x00000060   Code   RO         1402    i.TIM_OC1Init       stm32f4xx_tim.o
    0x08002b30   0x08002b30   0x0000000c   Code   RO         1405    i.TIM_OC1PreloadConfig  stm32f4xx_tim.o
    0x08002b3c   0x08002b3c   0x00000080   Code   RO         1407    i.TIM_OC2Init       stm32f4xx_tim.o
    0x08002bbc   0x08002bbc   0x00000014   Code   RO         1410    i.TIM_OC2PreloadConfig  stm32f4xx_tim.o
    0x08002bd0   0x08002bd0   0x0000007c   Code   RO         1412    i.TIM_OC3Init       stm32f4xx_tim.o
    0x08002c4c   0x08002c4c   0x0000000c   Code   RO         1415    i.TIM_OC3PreloadConfig  stm32f4xx_tim.o
    0x08002c58   0x08002c58   0x00000060   Code   RO         1417    i.TIM_OC4Init       stm32f4xx_tim.o
    0x08002cb8   0x08002cb8   0x00000014   Code   RO         1419    i.TIM_OC4PreloadConfig  stm32f4xx_tim.o
    0x08002ccc   0x08002ccc   0x00000014   Code   RO         1420    i.TIM_OCStructInit  stm32f4xx_tim.o
    0x08002ce0   0x08002ce0   0x00000010   Code   RO         1432    i.TIM_SelectSlaveMode  stm32f4xx_tim.o
    0x08002cf0   0x08002cf0   0x00000010   Code   RO         1440    i.TIM_SetIC1Prescaler  stm32f4xx_tim.o
    0x08002d00   0x08002d00   0x00000018   Code   RO         1441    i.TIM_SetIC2Prescaler  stm32f4xx_tim.o
    0x08002d18   0x08002d18   0x00000010   Code   RO         1442    i.TIM_SetIC3Prescaler  stm32f4xx_tim.o
    0x08002d28   0x08002d28   0x00000018   Code   RO         1443    i.TIM_SetIC4Prescaler  stm32f4xx_tim.o
    0x08002d40   0x08002d40   0x0000007c   Code   RO         1445    i.TIM_TimeBaseInit  stm32f4xx_tim.o
    0x08002dbc   0x08002dbc   0x00000012   Code   RO         1446    i.TIM_TimeBaseStructInit  stm32f4xx_tim.o
    0x08002dce   0x08002dce   0x00000002   PAD
    0x08002dd0   0x08002dd0   0x00000010   Code   RO         3926    i.USART1_IRQHandler  serial_uart_stm32f4xx.o
    0x08002de0   0x08002de0   0x00000010   Code   RO         3927    i.USART3_IRQHandler  serial_uart_stm32f4xx.o
    0x08002df0   0x08002df0   0x00000010   Code   RO         3928    i.USART6_IRQHandler  serial_uart_stm32f4xx.o
    0x08002e00   0x08002e00   0x0000000c   Code   RO         1911    i.USART_ClearITPendingBit  stm32f4xx_usart.o
    0x08002e0c   0x08002e0c   0x00000014   Code   RO         1914    i.USART_Cmd         stm32f4xx_usart.o
    0x08002e20   0x08002e20   0x00000010   Code   RO         1915    i.USART_DMACmd      stm32f4xx_usart.o
    0x08002e30   0x08002e30   0x0000003e   Code   RO         1918    i.USART_GetITStatus  stm32f4xx_usart.o
    0x08002e6e   0x08002e6e   0x00000014   Code   RO         1919    i.USART_HalfDuplexCmd  stm32f4xx_usart.o
    0x08002e82   0x08002e82   0x00000030   Code   RO         1920    i.USART_ITConfig    stm32f4xx_usart.o
    0x08002eb2   0x08002eb2   0x00000002   PAD
    0x08002eb4   0x08002eb4   0x000000ac   Code   RO         1921    i.USART_Init        stm32f4xx_usart.o
    0x08002f60   0x08002f60   0x00000008   Code   RO         1931    i.USART_SendData    stm32f4xx_usart.o
    0x08002f68   0x08002f68   0x00000030   Code   RO         6864    i.__ARM_fpclassify  m_wm.l(fpclassify.o)
    0x08002f98   0x08002f98   0x00000026   Code   RO         6777    i.__ARM_fpclassifyf  m_wm.l(fpclassifyf.o)
    0x08002fbe   0x08002fbe   0x00000002   PAD
    0x08002fc0   0x08002fc0   0x00000118   Code   RO         6627    i.__hardfp_acosf    m_wm.l(acosf.o)
    0x080030d8   0x080030d8   0x00000250   Code   RO         6639    i.__hardfp_atan2f   m_wm.l(atan2f.o)
    0x08003328   0x08003328   0x00000150   Code   RO         6651    i.__hardfp_cosf     m_wm.l(cosf.o)
    0x08003478   0x08003478   0x00000164   Code   RO         6663    i.__hardfp_log2f    m_wm.l(log2f.o)
    0x080035dc   0x080035dc   0x00000048   Code   RO         6719    i.__hardfp_lrintf   m_wm.l(lrintf.o)
    0x08003624   0x08003624   0x00000664   Code   RO         6677    i.__hardfp_powf     m_wm.l(powf.o)
    0x08003c88   0x08003c88   0x000000e0   Code   RO         6691    i.__hardfp_round    m_wm.l(round.o)
    0x08003d68   0x08003d68   0x00000190   Code   RO         6695    i.__hardfp_sinf     m_wm.l(sinf.o)
    0x08003ef8   0x08003ef8   0x0000003a   Code   RO         6707    i.__hardfp_sqrtf    m_wm.l(sqrtf.o)
    0x08003f32   0x08003f32   0x00000002   PAD
    0x08003f34   0x08003f34   0x00000014   Code   RO         6779    i.__mathlib_flt_divzero  m_wm.l(funder.o)
    0x08003f48   0x08003f48   0x00000006   Code   RO         6780    i.__mathlib_flt_infnan  m_wm.l(funder.o)
    0x08003f4e   0x08003f4e   0x00000006   Code   RO         6781    i.__mathlib_flt_infnan2  m_wm.l(funder.o)
    0x08003f54   0x08003f54   0x00000010   Code   RO         6782    i.__mathlib_flt_invalid  m_wm.l(funder.o)
    0x08003f64   0x08003f64   0x00000010   Code   RO         6783    i.__mathlib_flt_overflow  m_wm.l(funder.o)
    0x08003f74   0x08003f74   0x00000010   Code   RO         6785    i.__mathlib_flt_underflow  m_wm.l(funder.o)
    0x08003f84   0x08003f84   0x00000154   Code   RO         6793    i.__mathlib_rredf2  m_wm.l(rredf.o)
    0x080040d8   0x080040d8   0x0000000e   Code   RO         6554    i._is_digit         c_w.l(__printf_wp.o)
    0x080040e6   0x080040e6   0x00000002   PAD
    0x080040e8   0x080040e8   0x0000005c   Code   RO         5556    i.accDetect         acceleration.o
    0x08004144   0x08004144   0x00000090   Code   RO         5557    i.accInit           acceleration.o
    0x080041d4   0x080041d4   0x0000000c   Code   RO         5558    i.accSetCalibrationCycles  acceleration.o
    0x080041e0   0x080041e0   0x000000a8   Code   RO         5559    i.accUpdate         acceleration.o
    0x08004288   0x08004288   0x00000030   Code   RO         4439    i.activateConfig    config.o
    0x080042b8   0x080042b8   0x0000003c   Code   RO         4607    i.activateMotors    fc_tasks.o
    0x080042f4   0x080042f4   0x00000050   Code   RO         4880    i.afatfs_FATGetNextCluster  asyncfatfs.o
    0x08004344   0x08004344   0x00000018   Code   RO         4881    i.afatfs_FATIsEndOfChainMarker  asyncfatfs.o
    0x0800435c   0x0800435c   0x00000040   Code   RO         4882    i.afatfs_FATSetNextCluster  asyncfatfs.o
    0x0800439c   0x0800439c   0x000000e8   Code   RO         4883    i.afatfs_allocateCacheSector  asyncfatfs.o
    0x08004484   0x08004484   0x0000008c   Code   RO         4884    i.afatfs_allocateDirectoryEntry  asyncfatfs.o
    0x08004510   0x08004510   0x00000034   Code   RO         4885    i.afatfs_allocateFileHandle  asyncfatfs.o
    0x08004544   0x08004544   0x000000d4   Code   RO         4886    i.afatfs_appendRegularFreeClusterContinue  asyncfatfs.o
    0x08004618   0x08004618   0x00000014   Code   RO         4887    i.afatfs_appendRegularFreeClusterInitOperationState  asyncfatfs.o
    0x0800462c   0x0800462c   0x0000006c   Code   RO         4888    i.afatfs_assert     asyncfatfs.o
    0x08004698   0x08004698   0x00000010   Code   RO         4889    i.afatfs_byteIndexInCluster  asyncfatfs.o
    0x080046a8   0x080046a8   0x0000005c   Code   RO         4890    i.afatfs_cacheFlushSector  asyncfatfs.o
    0x08004704   0x08004704   0x000000dc   Code   RO         4891    i.afatfs_cacheSector  asyncfatfs.o
    0x080047e0   0x080047e0   0x00000020   Code   RO         4892    i.afatfs_cacheSectorMarkDirty  asyncfatfs.o
    0x08004800   0x08004800   0x00000070   Code   RO         4893    i.afatfs_chdir      asyncfatfs.o
    0x08004870   0x08004870   0x00000010   Code   RO         4894    i.afatfs_clusterSize  asyncfatfs.o
    0x08004880   0x08004880   0x00000088   Code   RO         4895    i.afatfs_createFile  asyncfatfs.o
    0x08004908   0x08004908   0x00000190   Code   RO         4896    i.afatfs_createFileContinue  asyncfatfs.o
    0x08004a98   0x08004a98   0x0000011c   Code   RO         4897    i.afatfs_extendSubdirectoryContinue  asyncfatfs.o
    0x08004bb4   0x08004bb4   0x00000018   Code   RO         4898    i.afatfs_fatSectorToPhysical  asyncfatfs.o
    0x08004bcc   0x08004bcc   0x00000032   Code   RO         4899    i.afatfs_fclose     asyncfatfs.o
    0x08004bfe   0x08004bfe   0x00000002   PAD
    0x08004c00   0x08004c00   0x00000090   Code   RO         4900    i.afatfs_fcloseContinue  asyncfatfs.o
    0x08004c90   0x08004c90   0x00000038   Code   RO         4901    i.afatfs_fileGetCursorPhysicalSector  asyncfatfs.o
    0x08004cc8   0x08004cc8   0x00000006   Code   RO         4902    i.afatfs_fileGetNextCluster  asyncfatfs.o
    0x08004cce   0x08004cce   0x0000000c   Code   RO         4903    i.afatfs_fileIsBusy  asyncfatfs.o
    0x08004cda   0x08004cda   0x00000002   PAD
    0x08004cdc   0x08004cdc   0x000000c4   Code   RO         4904    i.afatfs_fileLockCursorSectorForWrite  asyncfatfs.o
    0x08004da0   0x08004da0   0x000000b4   Code   RO         4905    i.afatfs_fileOperationContinue  asyncfatfs.o
    0x08004e54   0x08004e54   0x00000078   Code   RO         4906    i.afatfs_fileRetainCursorSectorForRead  asyncfatfs.o
    0x08004ecc   0x08004ecc   0x00000054   Code   RO         4907    i.afatfs_fileUnlockCacheSector  asyncfatfs.o
    0x08004f20   0x08004f20   0x0000000e   Code   RO         4908    i.afatfs_fileUpdateFilesize  asyncfatfs.o
    0x08004f2e   0x08004f2e   0x00000002   PAD
    0x08004f30   0x08004f30   0x000000e4   Code   RO         4909    i.afatfs_findClusterWithCondition  asyncfatfs.o
    0x08005014   0x08005014   0x00000014   Code   RO         4910    i.afatfs_findFirst  asyncfatfs.o
    0x08005028   0x08005028   0x00000004   Code   RO         4911    i.afatfs_findLast   asyncfatfs.o
    0x0800502c   0x0800502c   0x00000054   Code   RO         4912    i.afatfs_findNext   asyncfatfs.o
    0x08005080   0x08005080   0x00000058   Code   RO         4913    i.afatfs_flush      asyncfatfs.o
    0x080050d8   0x080050d8   0x00000052   Code   RO         4914    i.afatfs_fopen      asyncfatfs.o
    0x0800512a   0x0800512a   0x00000002   PAD
    0x0800512c   0x0800512c   0x00000090   Code   RO         4917    i.afatfs_fseek      asyncfatfs.o
    0x080051bc   0x080051bc   0x00000078   Code   RO         4918    i.afatfs_fseekAtomic  asyncfatfs.o
    0x08005234   0x08005234   0x0000003a   Code   RO         4919    i.afatfs_fseekInternal  asyncfatfs.o
    0x0800526e   0x0800526e   0x0000007c   Code   RO         4920    i.afatfs_fseekInternalContinue  asyncfatfs.o
    0x080052ea   0x080052ea   0x0000003a   Code   RO         4921    i.afatfs_ftruncate  asyncfatfs.o
    0x08005324   0x08005324   0x000000b4   Code   RO         4922    i.afatfs_ftruncateContinue  asyncfatfs.o
    0x080053d8   0x080053d8   0x00000064   Code   RO         4923    i.afatfs_fwrite     asyncfatfs.o
    0x0800543c   0x0800543c   0x00000030   Code   RO         4924    i.afatfs_getCacheDescriptorIndexForBuffer  asyncfatfs.o
    0x0800546c   0x0800546c   0x00000040   Code   RO         4925    i.afatfs_getFATPositionForCluster  asyncfatfs.o
    0x080054ac   0x080054ac   0x0000000c   Code   RO         4926    i.afatfs_getFilesystemState  asyncfatfs.o
    0x080054b8   0x080054b8   0x00000030   Code   RO         4927    i.afatfs_getFreeBufferSpace  asyncfatfs.o
    0x080054e8   0x080054e8   0x00000018   Code   RO         4928    i.afatfs_init       asyncfatfs.o
    0x08005500   0x08005500   0x000000b0   Code   RO         4929    i.afatfs_initContinue  asyncfatfs.o
    0x080055b0   0x080055b0   0x00000014   Code   RO         4930    i.afatfs_initFileHandle  asyncfatfs.o
    0x080055c4   0x080055c4   0x00000030   Code   RO         4931    i.afatfs_isEndOfAllocatedFile  asyncfatfs.o
    0x080055f4   0x080055f4   0x0000000c   Code   RO         4932    i.afatfs_isFull     asyncfatfs.o
    0x08005600   0x08005600   0x00000026   Code   RO         4933    i.afatfs_mkdir      asyncfatfs.o
    0x08005626   0x08005626   0x00000002   PAD
    0x08005628   0x08005628   0x000000e4   Code   RO         4934    i.afatfs_parseVolumeID  asyncfatfs.o
    0x0800570c   0x0800570c   0x0000004c   Code   RO         4935    i.afatfs_poll       asyncfatfs.o
    0x08005758   0x08005758   0x0000006e   Code   RO         4936    i.afatfs_saveDirectoryEntry  asyncfatfs.o
    0x080057c6   0x080057c6   0x00000002   PAD
    0x080057c8   0x080057c8   0x00000060   Code   RO         4937    i.afatfs_sdcardReadComplete  asyncfatfs.o
    0x08005828   0x08005828   0x0000006c   Code   RO         4938    i.afatfs_sdcardWriteComplete  asyncfatfs.o
    0x08005894   0x08005894   0x0000000a   Code   RO         4939    i.afatfs_sectorIndexInCluster  asyncfatfs.o
    0x0800589e   0x0800589e   0x00000002   PAD
    0x080058a0   0x080058a0   0x0000009c   Code   RO         5773    i.alignBoard        boardalignment.o
    0x0800593c   0x0800593c   0x0000006c   Code   RO         5774    i.alignSensors      boardalignment.o
    0x080059a8   0x080059a8   0x00000040   Code   RO         2531    i.beeperInit        sound_beeper.o
    0x080059e8   0x080059e8   0x00000042   Code   RO         5920    i.biquadFilterApply  filter.o
    0x08005a2a   0x08005a2a   0x00000002   PAD
    0x08005a2c   0x08005a2c   0x000000f0   Code   RO         5921    i.biquadFilterInit  filter.o
    0x08005b1c   0x08005b1c   0x00000034   Code   RO         5922    i.biquadFilterInitLPF  filter.o
    0x08005b50   0x08005b50   0x00000084   Code   RO         6341    i.blackboxCreateLogFile  blackbox_io.o
    0x08005bd4   0x08005bd4   0x00000018   Code   RO         6342    i.blackboxDeviceBeginLog  blackbox_io.o
    0x08005bec   0x08005bec   0x0000003c   Code   RO         6344    i.blackboxDeviceOpen  blackbox_io.o
    0x08005c28   0x08005c28   0x0000001c   Code   RO         6345    i.blackboxLogDirCreated  blackbox_io.o
    0x08005c44   0x08005c44   0x0000001c   Code   RO         6346    i.blackboxLogFileCreated  blackbox_io.o
    0x08005c60   0x08005c60   0x0000002c   Code   RO         6347    i.blackboxPrint     blackbox_io.o
    0x08005c8c   0x08005c8c   0x00000044   Code   RO         6349    i.blackboxReplenishHeaderBudget  blackbox_io.o
    0x08005cd0   0x08005cd0   0x000000d4   Code   RO         6350    i.blackboxSDCardBeginLog  blackbox_io.o
    0x08005da4   0x08005da4   0x00000050   Code   RO         6271    i.blackboxSetState  blackbox.o
    0x08005df4   0x08005df4   0x00000010   Code   RO         6351    i.blackboxStopLogging  blackbox_io.o
    0x08005e04   0x08005e04   0x0000002c   Code   RO         3627    i.bluetoothSerial6Init  bluetoothserial6.o
    0x08005e30   0x08005e30   0x00000060   Code   RO         4608    i.buttonModeSwitchHandler  fc_tasks.o
    0x08005e90   0x08005e90   0x00000018   Code   RO         5266    i.calculateAccZLowPassFilterRCTimeConstant  imu.o
    0x08005ea8   0x08005ea8   0x00000024   Code   RO         5267    i.calculateThrottleAngleScale  imu.o
    0x08005ecc   0x08005ecc   0x00000004   Code   RO         4444    i.checkEEPROMContainsValidData  config.o
    0x08005ed0   0x08005ed0   0x0000002c   Code   RO         4091    i.configTimeBase4Encoder  timer.o
    0x08005efc   0x08005efc   0x00000010   Code   RO         4445    i.constrain         config.o
    0x08005f0c   0x08005f0c   0x00000010   Code   RO         5983    i.cosApprox         maths.o
    0x08005f1c   0x08005f1c   0x00000228   Code   RO         4446    i.createDefaultConfig  config.o
    0x08006144   0x08006144   0x00000158   Code   RO         3327    i.dcBrushedMotorInit  pwm_output.o
    0x0800629c   0x0800629c   0x0000004c   Code   RO         4609    i.deactivateMotors  fc_tasks.o
    0x080062e8   0x080062e8   0x00000018   Code   RO         5984    i.degreesToRadians  maths.o
    0x08006300   0x08006300   0x00000016   Code   RO         2460    i.delay             system.o
    0x08006316   0x08006316   0x00000002   PAD
    0x08006318   0x08006318   0x00000018   Code   RO         2461    i.delayMicroseconds  system.o
    0x08006330   0x08006330   0x00000006   Code   RO         5985    i.devClear          maths.o
    0x08006336   0x08006336   0x00000002   PAD
    0x08006338   0x08006338   0x00000058   Code   RO         5986    i.devPush           maths.o
    0x08006390   0x08006390   0x0000000e   Code   RO         5987    i.devStandardDeviation  maths.o
    0x0800639e   0x0800639e   0x00000002   PAD
    0x080063a0   0x080063a0   0x00000024   Code   RO         5988    i.devVariance       maths.o
    0x080063c4   0x080063c4   0x00000010   Code   RO         5212    i.fat16_isEndOfChainMarker  fat_standard.o
    0x080063d4   0x080063d4   0x00000006   Code   RO         5213    i.fat32_decodeClusterNumber  fat_standard.o
    0x080063da   0x080063da   0x00000002   PAD
    0x080063dc   0x080063dc   0x00000014   Code   RO         5214    i.fat32_isEndOfChainMarker  fat_standard.o
    0x080063f0   0x080063f0   0x00000050   Code   RO         5215    i.fat_convertFilenameToFATStyle  fat_standard.o
    0x08006440   0x08006440   0x0000000e   Code   RO         5216    i.fat_isDirectoryEntryEmpty  fat_standard.o
    0x0800644e   0x0800644e   0x0000000c   Code   RO         5217    i.fat_isDirectoryEntryTerminator  fat_standard.o
    0x0800645a   0x0800645a   0x0000000a   Code   RO         5218    i.fat_isFreeSpace   fat_standard.o
    0x08006464   0x08006464   0x000000b8   Code   RO         4610    i.fcTasksInit       fc_tasks.o
    0x0800651c   0x0800651c   0x00000014   Code   RO         5474    i.feature           feature.o
    0x08006530   0x08006530   0x00000010   Code   RO         5475    i.featureClear      feature.o
    0x08006540   0x08006540   0x00000014   Code   RO         5477    i.featureConfigured  feature.o
    0x08006554   0x08006554   0x00000010   Code   RO         5479    i.featureSet        feature.o
    0x08006564   0x08006564   0x00000058   Code   RO         5923    i.filterGetNotchQ   filter.o
    0x080065bc   0x080065bc   0x00000028   Code   RO         3751    i.findNextSerialPortConfig  serial.o
    0x080065e4   0x080065e4   0x00000010   Code   RO         3752    i.findSerialPortConfig  serial.o
    0x080065f4   0x080065f4   0x0000001c   Code   RO         3753    i.findSerialPortIndexByIdentifier  serial.o
    0x08006610   0x08006610   0x00000028   Code   RO         3754    i.findSerialPortUsageByIdentifier  serial.o
    0x08006638   0x08006638   0x0000000e   Code   RO         2103    i.fputc             main.o
    0x08006646   0x08006646   0x00000012   Code   RO         6273    i.gcd               blackbox.o
    0x08006658   0x08006658   0x00000024   Code   RO         5649    i.gyroCalculateCalibratingCycles  gyro.o
    0x0800667c   0x0800667c   0x00000088   Code   RO         5650    i.gyroInit          gyro.o
    0x08006704   0x08006704   0x00000190   Code   RO         5651    i.gyroInitFilters   gyro.o
    0x08006894   0x08006894   0x00000006   Code   RO         2944    i.gyroMPU6xxxGetDividerDrops  gyro_sync.o
    0x0800689a   0x0800689a   0x00000002   PAD
    0x0800689c   0x0800689c   0x00000010   Code   RO         5652    i.gyroSetCalibrationCycles  gyro.o
    0x080068ac   0x080068ac   0x00000054   Code   RO         2945    i.gyroSetSampleRate  gyro_sync.o
    0x08006900   0x08006900   0x00000154   Code   RO         5653    i.gyroUpdate        gyro.o
    0x08006a54   0x08006a54   0x00000044   Code   RO         6274    i.handleBlackbox    blackbox.o
    0x08006a98   0x08006a98   0x00000028   Code   RO         4297    i.hcsr04_extiHandler_ultrasound1  ultrasound_hcsr04.o
    0x08006ac0   0x08006ac0   0x00000028   Code   RO         4298    i.hcsr04_extiHandler_ultrasound2  ultrasound_hcsr04.o
    0x08006ae8   0x08006ae8   0x00000028   Code   RO         4299    i.hcsr04_extiHandler_ultrasound3  ultrasound_hcsr04.o
    0x08006b10   0x08006b10   0x00000028   Code   RO         4300    i.hcsr04_extiHandler_ultrasound4  ultrasound_hcsr04.o
    0x08006b38   0x08006b38   0x00000028   Code   RO         4301    i.hcsr04_extiHandler_ultrasound5  ultrasound_hcsr04.o
    0x08006b60   0x08006b60   0x00000028   Code   RO         4302    i.hcsr04_extiHandler_ultrasound6  ultrasound_hcsr04.o
    0x08006b88   0x08006b88   0x00000248   Code   RO         4303    i.hcsr04_init       ultrasound_hcsr04.o
    0x08006dd0   0x08006dd0   0x00000010   Code   RO         4304    i.hcsr04_ultrasound1_get_distance  ultrasound_hcsr04.o
    0x08006de0   0x08006de0   0x00000030   Code   RO         4305    i.hcsr04_ultrasound1_start_sequence  ultrasound_hcsr04.o
    0x08006e10   0x08006e10   0x00000010   Code   RO         4306    i.hcsr04_ultrasound2_get_distance  ultrasound_hcsr04.o
    0x08006e20   0x08006e20   0x00000030   Code   RO         4307    i.hcsr04_ultrasound2_start_sequence  ultrasound_hcsr04.o
    0x08006e50   0x08006e50   0x00000010   Code   RO         4308    i.hcsr04_ultrasound3_get_distance  ultrasound_hcsr04.o
    0x08006e60   0x08006e60   0x00000034   Code   RO         4309    i.hcsr04_ultrasound3_start_sequence  ultrasound_hcsr04.o
    0x08006e94   0x08006e94   0x00000010   Code   RO         4310    i.hcsr04_ultrasound4_get_distance  ultrasound_hcsr04.o
    0x08006ea4   0x08006ea4   0x00000034   Code   RO         4311    i.hcsr04_ultrasound4_start_sequence  ultrasound_hcsr04.o
    0x08006ed8   0x08006ed8   0x00000010   Code   RO         4312    i.hcsr04_ultrasound5_get_distance  ultrasound_hcsr04.o
    0x08006ee8   0x08006ee8   0x00000034   Code   RO         4313    i.hcsr04_ultrasound5_start_sequence  ultrasound_hcsr04.o
    0x08006f1c   0x08006f1c   0x00000010   Code   RO         4314    i.hcsr04_ultrasound6_get_distance  ultrasound_hcsr04.o
    0x08006f2c   0x08006f2c   0x00000034   Code   RO         4315    i.hcsr04_ultrasound6_start_sequence  ultrasound_hcsr04.o
    0x08006f60   0x08006f60   0x000000d8   Code   RO         5268    i.imuCalculateEstimatedAttitude  imu.o
    0x08007038   0x08007038   0x000000bc   Code   RO         5269    i.imuComputeRotationMatrix  imu.o
    0x080070f4   0x080070f4   0x0000005c   Code   RO         5270    i.imuConfigure      imu.o
    0x08007150   0x08007150   0x00000050   Code   RO         5271    i.imuInit           imu.o
    0x080071a0   0x080071a0   0x000002b4   Code   RO         5272    i.imuMahonyAHRSUpdate  imu.o
    0x08007454   0x08007454   0x000000a0   Code   RO         5273    i.imuUpdateEulerAngles  imu.o
    0x080074f4   0x080074f4   0x00000030   Code   RO         6275    i.initBlackbox      blackbox.o
    0x08007524   0x08007524   0x00000002   Code   RO         5418    i.initEEPROM        config_eeprom.o
    0x08007526   0x08007526   0x00000006   Code   RO         5481    i.intFeatureClearAll  feature.o
    0x0800752c   0x0800752c   0x00000008   Code   RO         5482    i.intFeatureSet     feature.o
    0x08007534   0x08007534   0x00000014   Code   RO         5274    i.invSqrt           imu.o
    0x08007548   0x08007548   0x00000014   Code   RO         5560    i.isAccelerationCalibrationComplete  acceleration.o
    0x0800755c   0x0800755c   0x00000014   Code   RO         5654    i.isGyroCalibrationComplete  gyro.o
    0x08007570   0x08007570   0x00000010   Code   RO         5655    i.isOnFinalGyroCalibrationCycle  gyro.o
    0x08007580   0x08007580   0x0000001a   Code   RO         3840    i.isUartTransmitBufferEmpty  serial_uart.o
    0x0800759a   0x0800759a   0x00000002   PAD
    0x0800759c   0x0800759c   0x00000014   Code   RO         5483    i.latchActiveFeatures  feature.o
    0x080075b0   0x080075b0   0x00000064   Code   RO         4611    i.layDownSBWMR      fc_tasks.o
    0x08007614   0x08007614   0x000000a8   Code   RO         4612    i.liftUpSBWMR       fc_tasks.o
    0x080076bc   0x080076bc   0x0000002a   Code   RO         4613    i.limitMotorPwm     fc_tasks.o
    0x080076e6   0x080076e6   0x00000002   PAD
    0x080076e8   0x080076e8   0x00000138   Code   RO         2104    i.main              main.o
    0x08007820   0x08007820   0x00000054   Code   RO         2462    i.micros            system.o
    0x08007874   0x08007874   0x0000004c   Code   RO         2463    i.microsISR         system.o
    0x080078c0   0x080078c0   0x0000000c   Code   RO         2464    i.millis            system.o
    0x080078cc   0x080078cc   0x00000024   Code   RO         2578    i.modeSwitchBtnPollInit  button.o
    0x080078f0   0x080078f0   0x000000a0   Code   RO         2842    i.mpu9250AccAndGyroInit  accgyro_spi_mpu9250.o
    0x08007990   0x08007990   0x00000040   Code   RO         2843    i.mpu9250ReadRegister  accgyro_spi_mpu9250.o
    0x080079d0   0x080079d0   0x00000014   Code   RO         2844    i.mpu9250ResetGyro  accgyro_spi_mpu9250.o
    0x080079e4   0x080079e4   0x0000004c   Code   RO         2845    i.mpu9250SlowReadRegister  accgyro_spi_mpu9250.o
    0x08007a30   0x08007a30   0x00000028   Code   RO         2846    i.mpu9250SpiAccDetect  accgyro_spi_mpu9250.o
    0x08007a58   0x08007a58   0x00000008   Code   RO         2847    i.mpu9250SpiAccInit  accgyro_spi_mpu9250.o
    0x08007a60   0x08007a60   0x00000074   Code   RO         2848    i.mpu9250SpiDetect  accgyro_spi_mpu9250.o
    0x08007ad4   0x08007ad4   0x0000003c   Code   RO         2849    i.mpu9250SpiGyroDetect  accgyro_spi_mpu9250.o
    0x08007b10   0x08007b10   0x00000050   Code   RO         2850    i.mpu9250SpiGyroInit  accgyro_spi_mpu9250.o
    0x08007b60   0x08007b60   0x00000040   Code   RO         2851    i.mpu9250WriteRegister  accgyro_spi_mpu9250.o
    0x08007ba0   0x08007ba0   0x0000002e   Code   RO         2762    i.mpuAccRead        accgyro_mpu.o
    0x08007bce   0x08007bce   0x00000012   Code   RO         2763    i.mpuCheckDataReady  accgyro_mpu.o
    0x08007be0   0x08007be0   0x00000050   Code   RO         2764    i.mpuDetect         accgyro_mpu.o
    0x08007c30   0x08007c30   0x0000004c   Code   RO         2765    i.mpuGyroInit       accgyro_mpu.o
    0x08007c7c   0x08007c7c   0x00000030   Code   RO         2766    i.mpuGyroRead       accgyro_mpu.o
    0x08007cac   0x08007cac   0x00000012   Code   RO         2767    i.mpuIntExtiHandler  accgyro_mpu.o
    0x08007cbe   0x08007cbe   0x00000020   Code   RO         2768    i.mpuTemperatureRead  accgyro_mpu.o
    0x08007cde   0x08007cde   0x00000002   Code   RO         5924    i.nullFilterApply   filter.o
    0x08007ce0   0x08007ce0   0x0000018c   Code   RO         3220    i.oledInit          oled.o
    0x08007e6c   0x08007e6c   0x00000016   Code   RO         3221    i.oled_pow          oled.o
    0x08007e82   0x08007e82   0x00000002   PAD
    0x08007e84   0x08007e84   0x0000006c   Code   RO         3756    i.openSerialPort    serial.o
    0x08007ef0   0x08007ef0   0x00000088   Code   RO         5561    i.performAccelerationCalibration  acceleration.o
    0x08007f78   0x08007f78   0x000000d4   Code   RO         5656    i.performGyroCalibration  gyro.o
    0x0800804c   0x0800804c   0x00000030   Code   RO         5374    i.pidInitFilters    pid.o
    0x0800807c   0x0800807c   0x00000016   Code   RO         5925    i.pt1FilterApply    filter.o
    0x08008092   0x08008092   0x00000002   PAD
    0x08008094   0x08008094   0x0000002c   Code   RO         5927    i.pt1FilterInit     filter.o
    0x080080c0   0x080080c0   0x0000004c   Code   RO         3374    i.pwmEncoderICConfig  rx_pwm.o
    0x0800810c   0x0800810c   0x0000006c   Code   RO         3375    i.pwmEncoderInit    rx_pwm.o
    0x08008178   0x08008178   0x00000014   Code   RO         3328    i.pwmWriteDcBrushedMotor  pwm_output.o
    0x0800818c   0x0800818c   0x00000060   Code   RO         6435    i.queueAdd          scheduler.o
    0x080081ec   0x080081ec   0x0000001c   Code   RO         6436    i.queueClear        scheduler.o
    0x08008208   0x08008208   0x0000002c   Code   RO         6437    i.queueContains     scheduler.o
    0x08008234   0x08008234   0x00000014   Code   RO         6438    i.queueFirst        scheduler.o
    0x08008248   0x08008248   0x00000018   Code   RO         6439    i.queueNext         scheduler.o
    0x08008260   0x08008260   0x00000040   Code   RO         6440    i.queueRemove       scheduler.o
    0x080082a0   0x080082a0   0x00000074   Code   RO         5992    i.quickMedianFilter5  maths.o
    0x08008314   0x08008314   0x0000003a   Code   RO         3612    i.readBitfield      sdcard_standard.o
    0x0800834e   0x0800834e   0x00000002   PAD
    0x08008350   0x08008350   0x0000001c   Code   RO         5420    i.readEEPROM        config_eeprom.o
    0x0800836c   0x0800836c   0x00000034   Code   RO         6441    i.rescheduleTask    scheduler.o
    0x080083a0   0x080083a0   0x00000018   Code   RO         4449    i.resetEEPROM       config.o
    0x080083b8   0x080083b8   0x00000030   Code   RO         3713    i.rxSerial3TestInit  rxserial3test.o
    0x080083e8   0x080083e8   0x00000010   Code   RO         3715    i.rxSerial3TestWrite  rxserial3test.o
    0x080083f8   0x080083f8   0x00000170   Code   RO         6442    i.scheduler         scheduler.o
    0x08008568   0x08008568   0x00000020   Code   RO         6443    i.schedulerInit     scheduler.o
    0x08008588   0x08008588   0x00000024   Code   RO         3485    i.sdcardInsertionDetectInit  sdcard.o
    0x080085ac   0x080085ac   0x00000068   Code   RO         3486    i.sdcard_beginWriteBlocks  sdcard.o
    0x08008614   0x08008614   0x00000024   Code   RO         3487    i.sdcard_deselect   sdcard.o
    0x08008638   0x08008638   0x00000048   Code   RO         3488    i.sdcard_endWriteBlocks  sdcard.o
    0x08008680   0x08008680   0x0000009c   Code   RO         3489    i.sdcard_fetchCSD   sdcard.o
    0x0800871c   0x0800871c   0x00000088   Code   RO         3490    i.sdcard_init       sdcard.o
    0x080087a4   0x080087a4   0x00000014   Code   RO         3491    i.sdcard_isInserted  sdcard.o
    0x080087b8   0x080087b8   0x000002c4   Code   RO         3492    i.sdcard_poll       sdcard.o
    0x08008a7c   0x08008a7c   0x00000060   Code   RO         3493    i.sdcard_readBlock  sdcard.o
    0x08008adc   0x08008adc   0x00000088   Code   RO         3494    i.sdcard_receiveCID  sdcard.o
    0x08008b64   0x08008b64   0x00000044   Code   RO         3495    i.sdcard_receiveDataBlock  sdcard.o
    0x08008ba8   0x08008ba8   0x00000048   Code   RO         3496    i.sdcard_reset      sdcard.o
    0x08008bf0   0x08008bf0   0x0000000c   Code   RO         3497    i.sdcard_select     sdcard.o
    0x08008bfc   0x08008bfc   0x0000001a   Code   RO         3498    i.sdcard_sendAppCommand  sdcard.o
    0x08008c16   0x08008c16   0x00000002   PAD
    0x08008c18   0x08008c18   0x0000005c   Code   RO         3499    i.sdcard_sendCommand  sdcard.o
    0x08008c74   0x08008c74   0x00000028   Code   RO         3500    i.sdcard_waitForIdle  sdcard.o
    0x08008c9c   0x08008c9c   0x00000024   Code   RO         3501    i.sdcard_waitForNonIdleByte  sdcard.o
    0x08008cc0   0x08008cc0   0x000000a4   Code   RO         3502    i.sdcard_writeBlock  sdcard.o
    0x08008d64   0x08008d64   0x00000010   Code   RO         4785    i.sensorSet         runtime_config.o
    0x08008d74   0x08008d74   0x00000014   Code   RO         4786    i.sensors           runtime_config.o
    0x08008d88   0x08008d88   0x00000054   Code   RO         5729    i.sensorsAutodetect  initialisation.o
    0x08008ddc   0x08008ddc   0x00000034   Code   RO         3757    i.serialInit        serial.o
    0x08008e10   0x08008e10   0x00000110   Code   RO         3929    i.serialUART        serial_uart_stm32f4xx.o
    0x08008f20   0x08008f20   0x0000000c   Code   RO         3930    i.serialUART1       serial_uart_stm32f4xx.o
    0x08008f2c   0x08008f2c   0x0000000c   Code   RO         3931    i.serialUART3       serial_uart_stm32f4xx.o
    0x08008f38   0x08008f38   0x0000000c   Code   RO         3932    i.serialUART6       serial_uart_stm32f4xx.o
    0x08008f44   0x08008f44   0x00000006   Code   RO         3760    i.serialWrite       serial.o
    0x08008f4a   0x08008f4a   0x00000002   PAD
    0x08008f4c   0x08008f4c   0x00000044   Code   RO         5562    i.setAccelerationFilter  acceleration.o
    0x08008f90   0x08008f90   0x0000000c   Code   RO         5563    i.setAccelerationTrims  acceleration.o
    0x08008f9c   0x08008f9c   0x00000034   Code   RO         4453    i.setProfile        config.o
    0x08008fd0   0x08008fd0   0x00000034   Code   RO         6444    i.setTaskEnabled    scheduler.o
    0x08009004   0x08009004   0x000000b4   Code   RO         5999    i.sinApprox         maths.o
    0x080090b8   0x080090b8   0x00000030   Code   RO         4002    i.spiDeviceByInstance  bus_spi.o
    0x080090e8   0x080090e8   0x0000001c   Code   RO         4003    i.spiGetErrorCounter  bus_spi.o
    0x08009104   0x08009104   0x0000001c   Code   RO         4004    i.spiInit           bus_spi.o
    0x08009120   0x08009120   0x00000118   Code   RO         4005    i.spiInitDevice     bus_spi.o
    0x08009238   0x08009238   0x00000020   Code   RO         4006    i.spiIsBusBusy      bus_spi.o
    0x08009258   0x08009258   0x0000001c   Code   RO         4007    i.spiResetErrorCounter  bus_spi.o
    0x08009274   0x08009274   0x0000008a   Code   RO         4008    i.spiSetDivisor     bus_spi.o
    0x080092fe   0x080092fe   0x00000002   PAD
    0x08009300   0x08009300   0x00000024   Code   RO         4009    i.spiTimeoutUserCallback  bus_spi.o
    0x08009324   0x08009324   0x000000c8   Code   RO         4010    i.spiTransfer       bus_spi.o
    0x080093ec   0x080093ec   0x00000052   Code   RO         4011    i.spiTransferByte   bus_spi.o
    0x0800943e   0x0800943e   0x0000003e   Code   RO         6709    i.sqrtf             m_wm.l(sqrtf.o)
    0x0800947c   0x0800947c   0x00000038   Code   RO         6276    i.startBlackbox     blackbox.o
    0x080094b4   0x080094b4   0x00000018   Code   RO         2532    i.systemBeep        sound_beeper.o
    0x080094cc   0x080094cc   0x00000050   Code   RO         2106    i.systemInit        main.o
    0x0800951c   0x0800951c   0x0000013a   Code   RO         4454    i.targetConfiguration  config.o
    0x08009656   0x08009656   0x00000020   Code   RO         4614    i.taskDataLogger    fc_tasks.o
    0x08009676   0x08009676   0x00000002   PAD
    0x08009678   0x08009678   0x0000002c   Code   RO         5275    i.taskIMUUpdateAttitude  imu.o
    0x080096a4   0x080096a4   0x00000128   Code   RO         4615    i.taskMotorEncoder  fc_tasks.o
    0x080097cc   0x080097cc   0x000003d0   Code   RO         4616    i.taskOLEDDisplay   fc_tasks.o
    0x08009b9c   0x08009b9c   0x00000020   Code   RO         6445    i.taskSystem        scheduler.o
    0x08009bbc   0x08009bbc   0x00000010   Code   RO         4617    i.taskUltrasound1ReadData  fc_tasks.o
    0x08009bcc   0x08009bcc   0x00000010   Code   RO         4618    i.taskUltrasound2ReadData  fc_tasks.o
    0x08009bdc   0x08009bdc   0x00000010   Code   RO         4619    i.taskUltrasound3ReadData  fc_tasks.o
    0x08009bec   0x08009bec   0x00000010   Code   RO         4620    i.taskUltrasound4ReadData  fc_tasks.o
    0x08009bfc   0x08009bfc   0x00000010   Code   RO         4621    i.taskUltrasound5ReadData  fc_tasks.o
    0x08009c0c   0x08009c0c   0x00000010   Code   RO         4622    i.taskUltrasound6ReadData  fc_tasks.o
    0x08009c1c   0x08009c1c   0x0000000c   Code   RO         4623    i.taskUpdateAccelerometer  fc_tasks.o
    0x08009c28   0x08009c28   0x00000004   Code   RO         4624    i.taskUpdateGyro    fc_tasks.o
    0x08009c2c   0x08009c2c   0x0000007a   Code   RO         4097    i.timCCxHandler     timer.o
    0x08009ca6   0x08009ca6   0x0000000a   Code   RO         4099    i.timerChCCR        timer.o
    0x08009cb0   0x08009cb0   0x0000003c   Code   RO         4105    i.timerGetByTag     timer.o
    0x08009cec   0x08009cec   0x00000084   Code   RO         4106    i.timerInit         timer.o
    0x08009d70   0x08009d70   0x00000028   Code   RO         4109    i.timerOCInit       timer.o
    0x08009d98   0x08009d98   0x00000028   Code   RO         4110    i.timerOCPreloadConfig  timer.o
    0x08009dc0   0x08009dc0   0x00000024   Code   RO         4111    i.timerRCC          timer.o
    0x08009de4   0x08009de4   0x000000dc   Code   RO         3933    i.uartIrqHandler    serial_uart_stm32f4xx.o
    0x08009ec0   0x08009ec0   0x00000174   Code   RO         3841    i.uartOpen          serial_uart.o
    0x0800a034   0x0800a034   0x0000002c   Code   RO         3842    i.uartRead          serial_uart.o
    0x0800a060   0x0800a060   0x0000008c   Code   RO         3843    i.uartReconfigure   serial_uart.o
    0x0800a0ec   0x0800a0ec   0x00000006   Code   RO         3844    i.uartSetBaudRate   serial_uart.o
    0x0800a0f2   0x0800a0f2   0x00000006   Code   RO         3845    i.uartSetMode       serial_uart.o
    0x0800a0f8   0x0800a0f8   0x0000004a   Code   RO         3846    i.uartStartTxDMA    serial_uart.o
    0x0800a142   0x0800a142   0x00000018   Code   RO         3847    i.uartTotalRxBytesWaiting  serial_uart.o
    0x0800a15a   0x0800a15a   0x00000026   Code   RO         3848    i.uartTotalTxBytesFree  serial_uart.o
    0x0800a180   0x0800a180   0x00000030   Code   RO         3849    i.uartWrite         serial_uart.o
    0x0800a1b0   0x0800a1b0   0x0000004c   Code   RO         5820    i.ultrasound1Read   ultrasound.o
    0x0800a1fc   0x0800a1fc   0x00000004   Code   RO         5821    i.ultrasound1Update  ultrasound.o
    0x0800a200   0x0800a200   0x0000004c   Code   RO         5822    i.ultrasound2Read   ultrasound.o
    0x0800a24c   0x0800a24c   0x00000004   Code   RO         5823    i.ultrasound2Update  ultrasound.o
    0x0800a250   0x0800a250   0x0000004c   Code   RO         5824    i.ultrasound3Read   ultrasound.o
    0x0800a29c   0x0800a29c   0x00000004   Code   RO         5825    i.ultrasound3Update  ultrasound.o
    0x0800a2a0   0x0800a2a0   0x0000004c   Code   RO         5826    i.ultrasound4Read   ultrasound.o
    0x0800a2ec   0x0800a2ec   0x00000004   Code   RO         5827    i.ultrasound4Update  ultrasound.o
    0x0800a2f0   0x0800a2f0   0x0000004c   Code   RO         5828    i.ultrasound5Read   ultrasound.o
    0x0800a33c   0x0800a33c   0x00000004   Code   RO         5829    i.ultrasound5Update  ultrasound.o
    0x0800a340   0x0800a340   0x0000004c   Code   RO         5830    i.ultrasound6Read   ultrasound.o
    0x0800a38c   0x0800a38c   0x00000004   Code   RO         5831    i.ultrasound6Update  ultrasound.o
    0x0800a390   0x0800a390   0x0000001c   Code   RO         5832    i.ultrasoundInit    ultrasound.o
    0x0800a3ac   0x0800a3ac   0x00000090   Code   RO         4625    i.updateMotorPwm    fc_tasks.o
    0x0800a43c   0x0800a43c   0x00000054   Code   RO         4455    i.validateAndFixConfig  config.o
    0x0800a490   0x0800a490   0x000000c8   Code   RO         4456    i.validateAndFixGyroConfig  config.o
    0x0800a558   0x0800a558   0x00000050   Code   RO         6277    i.validateBlackboxConfig  blackbox.o
    0x0800a5a8   0x0800a5a8   0x0000015c   Code   RO         4626    i.velocityControlSBWMR  fc_tasks.o
    0x0800a704   0x0800a704   0x00000040   Code   RO         2852    i.verifyMPU9250WriteRegister  accgyro_spi_mpu9250.o
    0x0800a744   0x0800a744   0x0000013c   Code   RO         4627    i.yawControlSBWMR   fc_tasks.o
    0x0800a880   0x0800a880   0x0000002c   Code   RO         6857    locale$$code        c_w.l(lc_ctype_c.o)
    0x0800a8ac   0x0800a8ac   0x0000002c   Code   RO         6860    locale$$code        c_w.l(lc_numeric_c.o)
    0x0800a8d8   0x0800a8d8   0x00000062   Code   RO         6599    x$fpl$d2f           fz_wm.l(d2f.o)
    0x0800a93a   0x0800a93a   0x00000002   PAD
    0x0800a93c   0x0800a93c   0x00000150   Code   RO         6601    x$fpl$dadd          fz_wm.l(daddsub_clz.o)
    0x0800aa8c   0x0800aa8c   0x00000018   Code   RO         6862    x$fpl$dcmpinf       fz_wm.l(dcmpi.o)
    0x0800aaa4   0x0800aaa4   0x000002b0   Code   RO         6608    x$fpl$ddiv          fz_wm.l(ddiv.o)
    0x0800ad54   0x0800ad54   0x0000005e   Code   RO         6611    x$fpl$dfix          fz_wm.l(dfix.o)
    0x0800adb2   0x0800adb2   0x0000002e   Code   RO         6616    x$fpl$dflt          fz_wm.l(dflt_clz.o)
    0x0800ade0   0x0800ade0   0x00000078   Code   RO         6754    x$fpl$dleqf         fz_wm.l(dleqf.o)
    0x0800ae58   0x0800ae58   0x00000154   Code   RO         6621    x$fpl$dmul          fz_wm.l(dmul.o)
    0x0800afac   0x0800afac   0x0000009c   Code   RO         6756    x$fpl$dnaninf       fz_wm.l(dnaninf.o)
    0x0800b048   0x0800b048   0x0000000c   Code   RO         6758    x$fpl$dretinf       fz_wm.l(dretinf.o)
    0x0800b054   0x0800b054   0x0000006c   Code   RO         6760    x$fpl$drleqf        fz_wm.l(drleqf.o)
    0x0800b0c0   0x0800b0c0   0x000000b4   Code   RO         6762    x$fpl$drnd          fz_wm.l(drnd.o)
    0x0800b174   0x0800b174   0x000001d4   Code   RO         6603    x$fpl$dsub          fz_wm.l(daddsub_clz.o)
    0x0800b348   0x0800b348   0x00000056   Code   RO         6623    x$fpl$f2d           fz_wm.l(f2d.o)
    0x0800b39e   0x0800b39e   0x0000000e   Code   RO         6765    x$fpl$ffixr         fz_wm.l(ffix.o)
    0x0800b3ac   0x0800b3ac   0x0000008c   Code   RO         6768    x$fpl$fnaninf       fz_wm.l(fnaninf.o)
    0x0800b438   0x0800b438   0x0000000a   Code   RO         6927    x$fpl$fpinit        fz_wm.l(fpinit.o)
    0x0800b442   0x0800b442   0x0000000a   Code   RO         6770    x$fpl$fretinf       fz_wm.l(fretinf.o)
    0x0800b44c   0x0800b44c   0x00000060   Code   RO         6772    x$fpl$frnd          fz_wm.l(frnd.o)
    0x0800b4ac   0x0800b4ac   0x00000004   Code   RO         6625    x$fpl$printf1       fz_wm.l(printf1.o)
    0x0800b4b0   0x0800b4b0   0x00000000   Code   RO         6776    x$fpl$usenofp       fz_wm.l(usenofp.o)
    0x0800b4b0   0x0800b4b0   0x000000a8   Data   RO         2430    .constdata          target.o
    0x0800b558   0x0800b558   0x00000017   Data   RO         2660    .constdata          exti.o
    0x0800b56f   0x0800b56f   0x00000001   PAD
    0x0800b570   0x0800b570   0x00000016   Data   RO         3001    .constdata          io.o
    0x0800b586   0x0800b586   0x00000a64   Data   RO         3223    .constdata          oled.o
    0x0800bfea   0x0800bfea   0x00000003   Data   RO         3762    .constdata          serial.o
    0x0800bfed   0x0800bfed   0x00000003   PAD
    0x0800bff0   0x0800bff0   0x00000028   Data   RO         3850    .constdata          serial_uart.o
    0x0800c018   0x0800c018   0x0000001a   Data   RO         4012    .constdata          bus_spi.o
    0x0800c032   0x0800c032   0x00000002   PAD
    0x0800c034   0x0800c034   0x00000070   Data   RO         4267    .constdata          timer_stm32f4xx.o
    0x0800c0a4   0x0800c0a4   0x00000038   Data   RO         4941    .constdata          asyncfatfs.o
    0x0800c0dc   0x0800c0dc   0x00000001   Data   RO         5658    .constdata          gyro.o
    0x0800c0dd   0x0800c0dd   0x00000003   PAD
    0x0800c0e0   0x0800c0e0   0x00000040   Data   RO         6666    .constdata          m_wm.l(log2f.o)
    0x0800c120   0x0800c120   0x00000140   Data   RO         6680    .constdata          m_wm.l(powf.o)
    0x0800c260   0x0800c260   0x00000020   Data   RO         6794    .constdata          m_wm.l(rredf.o)
    0x0800c280   0x0800c280   0x00000094   Data   RO         6828    .constdata          c_w.l(bigflt0.o)
    0x0800c314   0x0800c314   0x00000155   Data   RO         4629    .conststring        fc_tasks.o
    0x0800c469   0x0800c469   0x00000003   PAD
    0x0800c46c   0x0800c46c   0x00000046   Data   RO         4630    .conststring        fc_tasks.o
    0x0800c4b2   0x0800c4b2   0x00000002   PAD
    0x0800c4b4   0x0800c4b4   0x0000005c   Data   RO         6279    .conststring        blackbox.o
    0x0800c510   0x0800c510   0x00000020   Data   RO         7002    Region$$Table       anon$$obj.o
    0x0800c530   0x0800c530   0x00000110   Data   RO         6856    locale$$data        c_w.l(lc_ctype_c.o)
    0x0800c640   0x0800c640   0x0000001c   Data   RO         6859    locale$$data        c_w.l(lc_numeric_c.o)


    Execution Region RW_IRAM1 (Exec base: 0x20000000, Load base: 0x0800c65c, Size: 0x00004178, Max: 0x00020000, ABSOLUTE, COMPRESSED[0x00000178])

    Exec Addr    Load Addr    Size         Type   Attr      Idx    E Section Name        Object

    0x20000000   COMPRESSED   0x00000010   Data   RW          846    .data               stm32f4xx_rcc.o
    0x20000010   COMPRESSED   0x00000001   Data   RW         2107    .data               main.o
    0x20000011   COMPRESSED   0x00000003   PAD
    0x20000014   COMPRESSED   0x00000004   Data   RW         2108    .data               main.o
    0x20000018   COMPRESSED   0x00000014   Data   RW         2391    .data               system_stm32f4xx.o
    0x2000002c   COMPRESSED   0x0000000c   Data   RW         2466    .data               system.o
    0x20000038   COMPRESSED   0x00000008   Data   RW         2534    .data               sound_beeper.o
    0x20000040   COMPRESSED   0x0000000c   Data   RW         2583    .data               button.o
    0x2000004c   COMPRESSED   0x00000007   Data   RW         2661    .data               exti.o
    0x20000053   COMPRESSED   0x00000001   PAD
    0x20000054   COMPRESSED   0x00000004   Data   RW         2769    .data               accgyro_mpu.o
    0x20000058   COMPRESSED   0x00000008   Data   RW         2853    .data               accgyro_spi_mpu9250.o
    0x20000060   COMPRESSED   0x00000001   Data   RW         3143    .data               led.o
    0x20000061   COMPRESSED   0x00000003   PAD
    0x20000064   COMPRESSED   0x00000010   Data   RW         3224    .data               oled.o
    0x20000074   COMPRESSED   0x00000010   Data   RW         3331    .data               pwm_output.o
    0x20000084   COMPRESSED   0x0000000c   Data   RW         3383    .data               rx_pwm.o
    0x20000090   COMPRESSED   0x00000008   Data   RW         3504    .data               sdcard.o
    0x20000098   COMPRESSED   0x00000004   Data   RW         3631    .data               bluetoothserial6.o
    0x2000009c   COMPRESSED   0x00000004   Data   RW         3716    .data               rxserial3test.o
    0x200000a0   COMPRESSED   0x00000008   Data   RW         3764    .data               serial.o
    0x200000a8   COMPRESSED   0x0000047c   Data   RW         3934    .data               serial_uart_stm32f4xx.o
    0x20000524   COMPRESSED   0x0000047c   Data   RW         3935    .data               serial_uart_stm32f4xx.o
    0x200009a0   COMPRESSED   0x0000047c   Data   RW         3936    .data               serial_uart_stm32f4xx.o
    0x20000e1c   COMPRESSED   0x0000001c   Data   RW         3937    .data               serial_uart_stm32f4xx.o
    0x20000e38   COMPRESSED   0x00000030   Data   RW         4013    .data               bus_spi.o
    0x20000e68   COMPRESSED   0x00000090   Data   RW         4316    .data               ultrasound_hcsr04.o
    0x20000ef8   COMPRESSED   0x0000000c   Data   RW         4458    .data               config.o
    0x20000f04   COMPRESSED   0x0000009c   Data   RW         4631    .data               fc_tasks.o
    0x20000fa0   COMPRESSED   0x00000478   Data   RW         4632    .data               fc_tasks.o
    0x20001418   COMPRESSED   0x00000001   Data   RW         4788    .data               runtime_config.o
    0x20001419   COMPRESSED   0x00000003   PAD
    0x2000141c   COMPRESSED   0x00000008   Data   RW         4789    .data               runtime_config.o
    0x20001424   COMPRESSED   0x00000001   Data   RW         4790    .data               runtime_config.o
    0x20001425   COMPRESSED   0x00000003   PAD
    0x20001428   COMPRESSED   0x0000003e   Data   RW         5277    .data               imu.o
    0x20001466   COMPRESSED   0x00000002   PAD
    0x20001468   COMPRESSED   0x00000010   Data   RW         5376    .data               pid.o
    0x20001478   COMPRESSED   0x00000004   Data   RW         5484    .data               feature.o
    0x2000147c   COMPRESSED   0x00000008   Data   RW         5565    .data               acceleration.o
    0x20001484   COMPRESSED   0x00000018   Data   RW         5659    .data               gyro.o
    0x2000149c   COMPRESSED   0x00000004   Data   RW         5730    .data               initialisation.o
    0x200014a0   COMPRESSED   0x00000001   Data   RW         5777    .data               boardalignment.o
    0x200014a1   COMPRESSED   0x00000003   PAD
    0x200014a4   COMPRESSED   0x00000020   Data   RW         5834    .data               ultrasound.o
    0x200014c4   COMPRESSED   0x0000000c   Data   RW         6280    .data               blackbox.o
    0x200014d0   COMPRESSED   0x00000008   Data   RW         6354    .data               blackbox_io.o
    0x200014d8   COMPRESSED   0x00000024   Data   RW         6447    .data               scheduler.o
    0x200014fc        -       0x00000010   Zero   RW         2465    .bss                system.o
    0x2000150c        -       0x00000040   Zero   RW         2659    .bss                exti.o
    0x2000154c        -       0x00000280   Zero   RW         3000    .bss                io.o
    0x200017cc        -       0x00000010   Zero   RW         3142    .bss                led.o
    0x200017dc        -       0x00000400   Zero   RW         3222    .bss                oled.o
    0x20001bdc        -       0x00000028   Zero   RW         3329    .bss                pwm_output.o
    0x20001c04        -       0x00000050   Zero   RW         3503    .bss                sdcard.o
    0x20001c54        -       0x00000024   Zero   RW         3761    .bss                serial.o
    0x20001c78        -       0x000001d1   Zero   RW         4112    .bss                timer.o
    0x20001e49   COMPRESSED   0x00000003   PAD
    0x20001e4c        -       0x000003bc   Zero   RW         4457    .bss                config.o
    0x20002208        -       0x000001f4   Zero   RW         4628    .bss                fc_tasks.o
    0x200023fc        -       0x000011cc   Zero   RW         4940    .bss                asyncfatfs.o
    0x200035c8        -       0x00000030   Zero   RW         5276    .bss                imu.o
    0x200035f8        -       0x00000010   Zero   RW         5375    .bss                pid.o
    0x20003608        -       0x000000a0   Zero   RW         5564    .bss                acceleration.o
    0x200036a8        -       0x00000208   Zero   RW         5657    .bss                gyro.o
    0x200038b0        -       0x00000024   Zero   RW         5776    .bss                boardalignment.o
    0x200038d4        -       0x0000001c   Zero   RW         5802    .bss                compass.o
    0x200038f0        -       0x00000078   Zero   RW         5833    .bss                ultrasound.o
    0x20003968        -       0x00000138   Zero   RW         6278    .bss                blackbox.o
    0x20003aa0        -       0x00000018   Zero   RW         6353    .bss                blackbox_io.o
    0x20003ab8        -       0x0000005c   Zero   RW         6446    .bss                scheduler.o
    0x20003b14        -       0x00000060   Zero   RW         6797    .bss                c_w.l(libspace.o)
    0x20003b74   COMPRESSED   0x00000004   PAD
    0x20003b78        -       0x00000200   Zero   RW            2    HEAP                startup_stm32f407xx.o
    0x20003d78        -       0x00000400   Zero   RW            1    STACK               startup_stm32f407xx.o


==============================================================================

Image component sizes


      Code (inc. data)   RO Data    RW Data    ZI Data      Debug   Object Name

       660         70          0          8        160      10837   acceleration.o
       318         24          0          4          0      11985   accgyro_mpu.o
       752         86          0          8          0      14363   accgyro_spi_mpu9250.o
      5534        350         56          0       4556      57955   asyncfatfs.o
       350         42         92         12        312       5545   blackbox.o
       612        138          0          8         24       6771   blackbox_io.o
        44          4          0          4          0       4533   bluetoothserial6.o
       264         18          0          1         36       3215   boardalignment.o
       900        106         26         48          0       9344   bus_spi.o
        36          4          0         12          0       2619   button.o
         0          0          0          0         28       1154   compass.o
      1498         86          0         12        956      14913   config.o
        30          4          0          0          0        982   config_eeprom.o
       312         32         23          7         64       8098   exti.o
       158          6          0          0          0       5037   fat_standard.o
      3002        284        411       1300        500      23630   fc_tasks.o
       106         30          0          4          0       4419   feature.o
       514         20          0          0          0       6262   filter.o
      1176        112          1         24        520       8522   gyro.o
        90         12          0          0          0       1729   gyro_sync.o
      1552        138          0         62         48      17422   imu.o
        84          8          0          4          0       3492   initialisation.o
       482         38         22          0        640      19381   io.o
       176         16          0          1         16       2911   led.o
       554         62          0          5          0      63339   main.o
       480         66          0          0          0       6952   maths.o
       120         14          0          0          0     316075   misc.o
      1040         50       2660         16       1024      13361   oled.o
        48         18          0         16         16        892   pid.o
       364         16          0         16         40       3485   pwm_output.o
        72          0          0          0          0       1642   rcc.o
        36         10          0         10          0       1403   runtime_config.o
       184         10          0         12          0       3878   rx_pwm.o
        64         16          0          4          0       1705   rxserial3test.o
       812         90          0         36         92      10621   scheduler.o
      2010        138          0          8         80      18837   sdcard.o
        58          0          0          0          0       1339   sdcard_standard.o
       290         46          3          8         36       8982   serial.o
       778         12         40          0          0       9033   serial_uart.o
       576         38          0       3472          0       7147   serial_uart_stm32f4xx.o
        88         12          0          8          0       2330   sound_beeper.o
        64         26        392          0       1536        880   startup_stm32f407xx.o
       494         24          0          0          0       6709   stm32f4xx_dma.o
       124         10          0          0          0       1677   stm32f4xx_exti.o
       212          0          0          0          0       2509   stm32f4xx_gpio.o
       328         58          0         16          0       8179   stm32f4xx_rcc.o
       230         24          0          0          0       4559   stm32f4xx_spi.o
        48          6          0          0          0        720   stm32f4xx_syscfg.o
      1096         60          0          0          0      16375   stm32f4xx_tim.o
       358          8          0          0          0       6546   stm32f4xx_usart.o
       290         38          0         12         16       7110   system.o
       272         36          0         20          0       2061   system_stm32f4xx.o
         0          0        168          0          0       2399   target.o
       564         68          0          0        465      12022   timer.o
         0          0        112          0          0       2311   timer_stm32f4xx.o
       508         64          0         32        120      10868   ultrasound.o
      1224        112          0        144          0      15290   ultrasound_hcsr04.o

    ----------------------------------------------------------------------
     32096       2760       4052       5372      11288     816355   Object Totals
         0          0         32          0          0          0   (incl. Generated)
        60          0         14         18          3          0   (incl. Padding)

    ----------------------------------------------------------------------

      Code (inc. data)   RO Data    RW Data    ZI Data      Debug   Library Member Name

        90          0          0          0          0          0   __dczerorl2.o
         8          0          0          0          0         68   __main.o
       284          0          0          0          0        156   __printf_wp.o
         0          0          0          0          0          0   __rtentry.o
        12          0          0          0          0          0   __rtentry2.o
         6          0          0          0          0          0   __rtentry4.o
        52          8          0          0          0          0   __scatter.o
        28          0          0          0          0          0   __scatter_zi.o
        28          0          0          0          0         68   _chval.o
        44          0          0          0          0        108   _printf_char.o
        48          6          0          0          0         96   _printf_char_common.o
        36          4          0          0          0         80   _printf_char_file.o
         6          0          0          0          0          0   _printf_d.o
       120         16          0          0          0         92   _printf_dec.o
         6          0          0          0          0          0   _printf_f.o
      1054          0          0          0          0        216   _printf_fp_dec.o
       128         16          0          0          0         84   _printf_fp_infnan.o
       178          0          0          0          0         88   _printf_intcommon.o
         0          0          0          0          0          0   _printf_percent.o
         4          0          0          0          0          0   _printf_percent_end.o
         6          0          0          0          0          0   _printf_s.o
        82          0          0          0          0         80   _printf_str.o
        22          0          0          0          0        100   _rserrno.o
        10          0          0          0          0         68   _sputc.o
       158          0          0          0          0         92   _strtoul.o
        16          0          0          0          0         68   aeabi_memset.o
        26          0          0          0          0         80   atoi.o
       228          4        148          0          0         96   bigflt0.o
      1936        128          0          0          0        672   btod.o
        18          0          0          0          0         80   exit.o
         8          0          0          0          0         68   ferror.o
         6          0          0          0          0        152   heapauxi.o
         0          0          0          0          0          0   indicate_semi.o
        44         10        272          0          0         76   lc_ctype_c.o
        44         10         28          0          0         76   lc_numeric_c.o
         2          0          0          0          0          0   libinit.o
        34          0          0          0          0          0   libinit2.o
         2          0          0          0          0          0   libshutdown.o
         2          0          0          0          0          0   libshutdown2.o
         8          4          0          0         96         68   libspace.o
       138          0          0          0          0         80   lludiv10.o
        24          4          0          0          0         84   noretval__2printf.o
        40          6          0          0          0         84   noretval__2sprintf.o
        16          4          0          0          0         76   rt_ctype_table.o
         8          4          0          0          0         68   rt_errno_addr_intlibspace.o
         8          4          0          0          0         68   rt_locale_intlibspace.o
        68          0          0          0          0         68   rt_memclr.o
        78          0          0          0          0         80   rt_memclr_w.o
       138          0          0          0          0         68   rt_memcpy_v6.o
       100          0          0          0          0         80   rt_memcpy_w.o
       122          0          0          0          0         80   rt_memmove_w.o
         2          0          0          0          0          0   rtexit.o
        10          0          0          0          0          0   rtexit2.o
       128          0          0          0          0         68   strcmpv7m.o
        62          0          0          0          0         76   strlen.o
       150          0          0          0          0         80   strncmp.o
        86          0          0          0          0         76   strncpy.o
       112          0          0          0          0         88   strtol.o
        12          4          0          0          0         68   sys_exit.o
        74          0          0          0          0         80   sys_stackheap_outer.o
        30          0          0          0          0         76   toupper.o
         2          0          0          0          0         68   use_no_semi.o
        98          4          0          0          0        140   d2f.o
       804         16          0          0          0        368   daddsub_clz.o
        24          0          0          0          0        116   dcmpi.o
       688        140          0          0          0        256   ddiv.o
        94          4          0          0          0        140   dfix.o
        46          0          0          0          0        116   dflt_clz.o
       120          4          0          0          0        140   dleqf.o
       340         12          0          0          0        152   dmul.o
       156          4          0          0          0        140   dnaninf.o
        12          0          0          0          0        116   dretinf.o
       108          0          0          0          0        128   drleqf.o
       180          4          0          0          0        128   drnd.o
        86          4          0          0          0        132   f2d.o
        14          0          0          0          0        116   ffix.o
       140          4          0          0          0        132   fnaninf.o
        10          0          0          0          0        116   fpinit.o
        10          0          0          0          0        116   fretinf.o
        96          4          0          0          0        124   frnd.o
         4          0          0          0          0        116   printf1.o
         0          0          0          0          0          0   usenofp.o
       280         46          0          0          0        176   acosf.o
       592         90          0          0          0        184   atan2f.o
       336         56          0          0          0        136   cosf.o
        48          0          0          0          0        124   fpclassify.o
        38          0          0          0          0        116   fpclassifyf.o
        80         24          0          0          0        696   funder.o
       356         44         64          0          0        140   log2f.o
        72          0          0          0          0        136   lrintf.o
      1636        110        320          0          0        372   powf.o
       224         30          0          0          0        172   round.o
       340         24         32          0          0        160   rredf.o
       400         56          0          0          0        212   sinf.o
       120          0          0          0          0        272   sqrtf.o

    ----------------------------------------------------------------------
     13768        912        864          0        100      10036   Library Totals
        24          0          0          0          4          0   (incl. Padding)

    ----------------------------------------------------------------------

      Code (inc. data)   RO Data    RW Data    ZI Data      Debug   Library Name

      6192        232        448          0         96       4348   c_w.l
      3030        200          0          0          0       2792   fz_wm.l
      4522        480        416          0          0       2896   m_wm.l

    ----------------------------------------------------------------------
     13768        912        864          0        100      10036   Library Totals

    ----------------------------------------------------------------------

==============================================================================


      Code (inc. data)   RO Data    RW Data    ZI Data      Debug   

     45864       3672       4916       5372      11388     779343   Grand Totals
     45864       3672       4916        376      11388     779343   ELF Image Totals (compressed)
     45864       3672       4916        376          0          0   ROM Totals

==============================================================================

    Total RO  Size (Code + RO Data)                50780 (  49.59kB)
    Total RW  Size (RW Data + ZI Data)             16760 (  16.37kB)
    Total ROM Size (Code + RO Data + RW Data)      51156 (  49.96kB)

==============================================================================

