Component: ARM Compiler 5.06 update 5 (build 528) Tool: armlink [4d35e2]

==============================================================================

Section Cross References

    startup_stm32f407xx.o(STACK) refers (Special) to heapauxi.o(.text) for __use_two_region_memory
    startup_stm32f407xx.o(HEAP) refers (Special) to heapauxi.o(.text) for __use_two_region_memory
    startup_stm32f407xx.o(RESET) refers (Special) to heapauxi.o(.text) for __use_two_region_memory
    startup_stm32f407xx.o(RESET) refers to startup_stm32f407xx.o(STACK) for __initial_sp
    startup_stm32f407xx.o(RESET) refers to startup_stm32f407xx.o(.text) for Reset_Handler
    startup_stm32f407xx.o(RESET) refers to system.o(i.SysTick_Handler) for SysTick_Handler
    startup_stm32f407xx.o(RESET) refers to exti.o(i.EXTI0_IRQHandler) for EXTI0_IRQHandler
    startup_stm32f407xx.o(RESET) refers to exti.o(i.EXTI1_IRQHandler) for EXTI1_IRQHandler
    startup_stm32f407xx.o(RESET) refers to exti.o(i.EXTI2_IRQHandler) for EXTI2_IRQHandler
    startup_stm32f407xx.o(RESET) refers to exti.o(i.EXTI3_IRQHandler) for EXTI3_IRQHandler
    startup_stm32f407xx.o(RESET) refers to exti.o(i.EXTI4_IRQHandler) for EXTI4_IRQHandler
    startup_stm32f407xx.o(RESET) refers to exti.o(i.EXTI9_5_IRQHandler) for EXTI9_5_IRQHandler
    startup_stm32f407xx.o(RESET) refers to timer.o(i.TIM1_CC_IRQHandler) for TIM1_CC_IRQHandler
    startup_stm32f407xx.o(RESET) refers to timer.o(i.TIM2_IRQHandler) for TIM2_IRQHandler
    startup_stm32f407xx.o(RESET) refers to timer.o(i.TIM3_IRQHandler) for TIM3_IRQHandler
    startup_stm32f407xx.o(RESET) refers to timer.o(i.TIM4_IRQHandler) for TIM4_IRQHandler
    startup_stm32f407xx.o(RESET) refers to serial_uart_stm32f4xx.o(i.USART1_IRQHandler) for USART1_IRQHandler
    startup_stm32f407xx.o(RESET) refers to serial_uart_stm32f4xx.o(i.USART3_IRQHandler) for USART3_IRQHandler
    startup_stm32f407xx.o(RESET) refers to exti.o(i.EXTI15_10_IRQHandler) for EXTI15_10_IRQHandler
    startup_stm32f407xx.o(RESET) refers to timer.o(i.TIM5_IRQHandler) for TIM5_IRQHandler
    startup_stm32f407xx.o(RESET) refers to serial_uart_stm32f4xx.o(i.USART6_IRQHandler) for USART6_IRQHandler
    startup_stm32f407xx.o(.text) refers (Special) to heapauxi.o(.text) for __use_two_region_memory
    startup_stm32f407xx.o(.text) refers to system_stm32f4xx.o(i.SystemInit) for SystemInit
    startup_stm32f407xx.o(.text) refers to __main.o(!!!main) for __main
    startup_stm32f407xx.o(.text) refers to startup_stm32f407xx.o(HEAP) for Heap_Mem
    startup_stm32f407xx.o(.text) refers to startup_stm32f407xx.o(STACK) for Stack_Mem
    stm32f4xx_flash.o(i.FLASH_EraseAllBank1Sectors) refers to stm32f4xx_flash.o(i.FLASH_WaitForLastOperation) for FLASH_WaitForLastOperation
    stm32f4xx_flash.o(i.FLASH_EraseAllBank2Sectors) refers to stm32f4xx_flash.o(i.FLASH_WaitForLastOperation) for FLASH_WaitForLastOperation
    stm32f4xx_flash.o(i.FLASH_EraseAllSectors) refers to stm32f4xx_flash.o(i.FLASH_WaitForLastOperation) for FLASH_WaitForLastOperation
    stm32f4xx_flash.o(i.FLASH_EraseSector) refers to stm32f4xx_flash.o(i.FLASH_WaitForLastOperation) for FLASH_WaitForLastOperation
    stm32f4xx_flash.o(i.FLASH_OB_Launch) refers to stm32f4xx_flash.o(i.FLASH_WaitForLastOperation) for FLASH_WaitForLastOperation
    stm32f4xx_flash.o(i.FLASH_OB_PCROP1Config) refers to stm32f4xx_flash.o(i.FLASH_WaitForLastOperation) for FLASH_WaitForLastOperation
    stm32f4xx_flash.o(i.FLASH_OB_PCROPConfig) refers to stm32f4xx_flash.o(i.FLASH_WaitForLastOperation) for FLASH_WaitForLastOperation
    stm32f4xx_flash.o(i.FLASH_OB_RDPConfig) refers to stm32f4xx_flash.o(i.FLASH_WaitForLastOperation) for FLASH_WaitForLastOperation
    stm32f4xx_flash.o(i.FLASH_OB_UserConfig) refers to stm32f4xx_flash.o(i.FLASH_WaitForLastOperation) for FLASH_WaitForLastOperation
    stm32f4xx_flash.o(i.FLASH_OB_WRP1Config) refers to stm32f4xx_flash.o(i.FLASH_WaitForLastOperation) for FLASH_WaitForLastOperation
    stm32f4xx_flash.o(i.FLASH_OB_WRPConfig) refers to stm32f4xx_flash.o(i.FLASH_WaitForLastOperation) for FLASH_WaitForLastOperation
    stm32f4xx_flash.o(i.FLASH_ProgramByte) refers to stm32f4xx_flash.o(i.FLASH_WaitForLastOperation) for FLASH_WaitForLastOperation
    stm32f4xx_flash.o(i.FLASH_ProgramDoubleWord) refers to stm32f4xx_flash.o(i.FLASH_WaitForLastOperation) for FLASH_WaitForLastOperation
    stm32f4xx_flash.o(i.FLASH_ProgramHalfWord) refers to stm32f4xx_flash.o(i.FLASH_WaitForLastOperation) for FLASH_WaitForLastOperation
    stm32f4xx_flash.o(i.FLASH_ProgramWord) refers to stm32f4xx_flash.o(i.FLASH_WaitForLastOperation) for FLASH_WaitForLastOperation
    stm32f4xx_flash.o(i.FLASH_WaitForLastOperation) refers to stm32f4xx_flash.o(i.FLASH_GetStatus) for FLASH_GetStatus
    stm32f4xx_gpio.o(i.GPIO_DeInit) refers to stm32f4xx_rcc.o(i.RCC_AHB1PeriphResetCmd) for RCC_AHB1PeriphResetCmd
[...]
    gyroUpdate                               0x08003d55   Thumb Code   310  gyro.o(i.gyroUpdate)
    hcsr04_extiHandler_ultrasound1           0x08003ea9   Thumb Code    36  ultrasound_hcsr04.o(i.hcsr04_extiHandler_ultrasound1)
    hcsr04_extiHandler_ultrasound2           0x08003ed1   Thumb Code    36  ultrasound_hcsr04.o(i.hcsr04_extiHandler_ultrasound2)
    hcsr04_extiHandler_ultrasound3           0x08003ef9   Thumb Code    36  ultrasound_hcsr04.o(i.hcsr04_extiHandler_ultrasound3)
    hcsr04_extiHandler_ultrasound4           0x08003f21   Thumb Code    36  ultrasound_hcsr04.o(i.hcsr04_extiHandler_ultrasound4)
    hcsr04_extiHandler_ultrasound5           0x08003f49   Thumb Code    36  ultrasound_hcsr04.o(i.hcsr04_extiHandler_ultrasound5)
    hcsr04_extiHandler_ultrasound6           0x08003f71   Thumb Code    36  ultrasound_hcsr04.o(i.hcsr04_extiHandler_ultrasound6)
    hcsr04_init                              0x08003f99   Thumb Code   556  ultrasound_hcsr04.o(i.hcsr04_init)
    hcsr04_ultrasound1_get_distance          0x080041e1   Thumb Code    12  ultrasound_hcsr04.o(i.hcsr04_ultrasound1_get_distance)
    hcsr04_ultrasound1_start_sequence        0x080041f1   Thumb Code    42  ultrasound_hcsr04.o(i.hcsr04_ultrasound1_start_sequence)
    hcsr04_ultrasound2_get_distance          0x08004221   Thumb Code    12  ultrasound_hcsr04.o(i.hcsr04_ultrasound2_get_distance)
    hcsr04_ultrasound2_start_sequence        0x08004231   Thumb Code    42  ultrasound_hcsr04.o(i.hcsr04_ultrasound2_start_sequence)
    hcsr04_ultrasound3_get_distance          0x08004261   Thumb Code    12  ultrasound_hcsr04.o(i.hcsr04_ultrasound3_get_distance)
    hcsr04_ultrasound3_start_sequence        0x08004271   Thumb Code    46  ultrasound_hcsr04.o(i.hcsr04_ultrasound3_start_sequence)
    hcsr04_ultrasound4_get_distance          0x080042a5   Thumb Code    12  ultrasound_hcsr04.o(i.hcsr04_ultrasound4_get_distance)
    hcsr04_ultrasound4_start_sequence        0x080042b5   Thumb Code    46  ultrasound_hcsr04.o(i.hcsr04_ultrasound4_start_sequence)
    hcsr04_ultrasound5_get_distance          0x080042e9   Thumb Code    12  ultrasound_hcsr04.o(i.hcsr04_ultrasound5_get_distance)
    hcsr04_ultrasound5_start_sequence        0x080042f9   Thumb Code    46  ultrasound_hcsr04.o(i.hcsr04_ultrasound5_start_sequence)
    hcsr04_ultrasound6_get_distance          0x0800432d   Thumb Code    12  ultrasound_hcsr04.o(i.hcsr04_ultrasound6_get_distance)
    hcsr04_ultrasound6_start_sequence        0x0800433d   Thumb Code    46  ultrasound_hcsr04.o(i.hcsr04_ultrasound6_start_sequence)
    imuConfigure                             0x08004505   Thumb Code    80  imu.o(i.imuConfigure)
    imuInit                                  0x08004561   Thumb Code    60  imu.o(i.imuInit)
    initEEPROM                               0x08004905   Thumb Code     2  config_eeprom.o(i.initEEPROM)
    intFeatureClearAll                       0x08004907   Thumb Code     6  feature.o(i.intFeatureClearAll)
    intFeatureSet                            0x0800490d   Thumb Code     8  feature.o(i.intFeatureSet)
    isAccelerationCalibrationComplete        0x08004929   Thumb Code    14  acceleration.o(i.isAccelerationCalibrationComplete)
    isGyroCalibrationComplete                0x0800493d   Thumb Code    14  gyro.o(i.isGyroCalibrationComplete)
    isUartTransmitBufferEmpty                0x08004961   Thumb Code    26  serial_uart.o(i.isUartTransmitBufferEmpty)
    latchActiveFeatures                      0x0800497d   Thumb Code    10  feature.o(i.latchActiveFeatures)
    layDownSBWMR                             0x08004991   Thumb Code    96  fc_tasks.o(i.layDownSBWMR)
    liftUpSBWMR                              0x080049f5   Thumb Code   160  fc_tasks.o(i.liftUpSBWMR)
    limitMotorPwm                            0x08004a9d   Thumb Code    42  fc_tasks.o(i.limitMotorPwm)
    main                                     0x08004ac9   Thumb Code   240  main.o(i.main)
    micros                                   0x08004bc5   Thumb Code    74  system.o(i.micros)
    microsISR                                0x08004c19   Thumb Code    72  system.o(i.microsISR)
    millis                                   0x08004c65   Thumb Code     6  system.o(i.millis)
    modeSwitchBtnPollInit                    0x08004c71   Thumb Code    32  button.o(i.modeSwitchBtnPollInit)
    mpu9250ReadRegister                      0x08004d35   Thumb Code    54  accgyro_spi_mpu9250.o(i.mpu9250ReadRegister)
    mpu9250ResetGyro                         0x08004d75   Thumb Code    20  accgyro_spi_mpu9250.o(i.mpu9250ResetGyro)
    mpu9250SlowReadRegister                  0x08004d89   Thumb Code    66  accgyro_spi_mpu9250.o(i.mpu9250SlowReadRegister)
    mpu9250SpiAccDetect                      0x08004dd5   Thumb Code    28  accgyro_spi_mpu9250.o(i.mpu9250SpiAccDetect)
    mpu9250SpiAccInit                        0x08004dfd   Thumb Code     8  accgyro_spi_mpu9250.o(i.mpu9250SpiAccInit)
    mpu9250SpiDetect                         0x08004e05   Thumb Code   106  accgyro_spi_mpu9250.o(i.mpu9250SpiDetect)
    mpu9250SpiGyroDetect                     0x08004e79   Thumb Code    40  accgyro_spi_mpu9250.o(i.mpu9250SpiGyroDetect)
    mpu9250SpiGyroInit                       0x08004eb5   Thumb Code    74  accgyro_spi_mpu9250.o(i.mpu9250SpiGyroInit)
    mpu9250WriteRegister                     0x08004f05   Thumb Code    54  accgyro_spi_mpu9250.o(i.mpu9250WriteRegister)
    mpuAccRead                               0x08004f45   Thumb Code    46  accgyro_mpu.o(i.mpuAccRead)
    mpuCheckDataReady                        0x08004f73   Thumb Code    18  accgyro_mpu.o(i.mpuCheckDataReady)
    mpuDetect                                0x08004f85   Thumb Code    60  accgyro_mpu.o(i.mpuDetect)
    mpuGyroInit                              0x08004fd5   Thumb Code    72  accgyro_mpu.o(i.mpuGyroInit)
    mpuGyroRead                              0x08005021   Thumb Code    48  accgyro_mpu.o(i.mpuGyroRead)
    mpuTemperatureRead                       0x08005063   Thumb Code    32  accgyro_mpu.o(i.mpuTemperatureRead)
    nullFilterApply                          0x08005083   Thumb Code     2  filter.o(i.nullFilterApply)
    oledInit                                 0x08005085   Thumb Code   378  oled.o(i.oledInit)
    oled_pow                                 0x08005211   Thumb Code    22  oled.o(i.oled_pow)
    openSerialPort                           0x08005229   Thumb Code    94  serial.o(i.openSerialPort)
    pt1FilterApply                           0x080053f1   Thumb Code    22  filter.o(i.pt1FilterApply)
    pt1FilterInit                            0x08005409   Thumb Code    46  filter.o(i.pt1FilterInit)
    pwmEncoderICConfig                       0x0800543d   Thumb Code    70  rx_pwm.o(i.pwmEncoderICConfig)
    pwmEncoderInit                           0x08005489   Thumb Code   104  rx_pwm.o(i.pwmEncoderInit)
    pwmWriteDcBrushedMotor                   0x080054f5   Thumb Code    14  pwm_output.o(i.pwmWriteDcBrushedMotor)
    queueAdd                                 0x08005509   Thumb Code    86  scheduler.o(i.queueAdd)
    queueClear                               0x08005569   Thumb Code    20  scheduler.o(i.queueClear)
    queueContains                            0x08005585   Thumb Code    34  scheduler.o(i.queueContains)
    queueFirst                               0x080055b1   Thumb Code    12  scheduler.o(i.queueFirst)
    queueNext                                0x080055c5   Thumb Code    16  scheduler.o(i.queueNext)
    queueRemove                              0x080055dd   Thumb Code    54  scheduler.o(i.queueRemove)
    quickMedianFilter5                       0x0800561d   Thumb Code   116  maths.o(i.quickMedianFilter5)
    readEEPROM                               0x08005691   Thumb Code    24  config_eeprom.o(i.readEEPROM)
    rescheduleTask                           0x080056ad   Thumb Code    42  scheduler.o(i.rescheduleTask)
    resetEEPROM                              0x080056e1   Thumb Code    18  config.o(i.resetEEPROM)
    rxSerial3TestInit                        0x080056f9   Thumb Code    40  rxserial3test.o(i.rxSerial3TestInit)
    rxSerial3TestWrite                       0x08005725   Thumb Code    10  rxserial3test.o(i.rxSerial3TestWrite)
    scheduler                                0x08005735   Thumb Code   364  scheduler.o(i.scheduler)
    schedulerInit                            0x080058a5   Thumb Code    22  scheduler.o(i.schedulerInit)
    sensorSet                                0x080058c5   Thumb Code    10  runtime_config.o(i.sensorSet)
    sensors                                  0x080058d5   Thumb Code    16  runtime_config.o(i.sensors)
    sensorsAutodetect                        0x080058e9   Thumb Code    76  initialisation.o(i.sensorsAutodetect)
    serialInit                               0x0800593d   Thumb Code    38  serial.o(i.serialInit)
    serialUART                               0x08005971   Thumb Code   264  serial_uart_stm32f4xx.o(i.serialUART)
    serialUART1                              0x08005a81   Thumb Code    12  serial_uart_stm32f4xx.o(i.serialUART1)
    serialUART3                              0x08005a8d   Thumb Code    12  serial_uart_stm32f4xx.o(i.serialUART3)
    serialUART6                              0x08005a99   Thumb Code    12  serial_uart_stm32f4xx.o(i.serialUART6)
    serialWrite                              0x08005aa5   Thumb Code     6  serial.o(i.serialWrite)
    setAccelerationFilter                    0x08005aad   Thumb Code    58  acceleration.o(i.setAccelerationFilter)
    setAccelerationTrims                     0x08005af1   Thumb Code     6  acceleration.o(i.setAccelerationTrims)
    setProfile                               0x08005afd   Thumb Code    42  config.o(i.setProfile)
    setTaskEnabled                           0x08005b31   Thumb Code    44  scheduler.o(i.setTaskEnabled)
    sinApprox                                0x08005b65   Thumb Code   134  maths.o(i.sinApprox)
    spiDeviceByInstance                      0x08005c19   Thumb Code    36  bus_spi.o(i.spiDeviceByInstance)
    spiGetErrorCounter                       0x08005c49   Thumb Code    24  bus_spi.o(i.spiGetErrorCounter)
    spiInit                                  0x08005c65   Thumb Code    26  bus_spi.o(i.spiInit)
    spiInitDevice                            0x08005c81   Thumb Code   258  bus_spi.o(i.spiInitDevice)
    spiResetErrorCounter                     0x08005d99   Thumb Code    22  bus_spi.o(i.spiResetErrorCounter)
    spiSetDivisor                            0x08005db5   Thumb Code   138  bus_spi.o(i.spiSetDivisor)
    spiTimeoutUserCallback                   0x08005e41   Thumb Code    32  bus_spi.o(i.spiTimeoutUserCallback)
    spiTransfer                              0x08005e65   Thumb Code   146  bus_spi.o(i.spiTransfer)
    spiTransferByte                          0x08005f2d   Thumb Code    82  bus_spi.o(i.spiTransferByte)
    sqrtf                                    0x08005f7f   Thumb Code    62  sqrtf.o(i.sqrtf)
    systemBeep                               0x08005fbd   Thumb Code    18  sound_beeper.o(i.systemBeep)
    systemInit                               0x08005fd5   Thumb Code    70  main.o(i.systemInit)
    targetConfiguration                      0x08006025   Thumb Code   314  config.o(i.targetConfiguration)
    taskIMUUpdateAttitude                    0x08006161   Thumb Code    40  imu.o(i.taskIMUUpdateAttitude)
    taskSystem                               0x080064f5   Thumb Code    28  scheduler.o(i.taskSystem)
    timerChCCR                               0x080065ff   Thumb Code    10  timer.o(i.timerChCCR)
    timerGetByTag                            0x08006609   Thumb Code    54  timer.o(i.timerGetByTag)
    timerInit                                0x08006645   Thumb Code   120  timer.o(i.timerInit)
    timerOCInit                              0x080066c9   Thumb Code    40  timer.o(i.timerOCInit)
    timerOCPreloadConfig                     0x080066f1   Thumb Code    40  timer.o(i.timerOCPreloadConfig)
    timerRCC                                 0x08006719   Thumb Code    30  timer.o(i.timerRCC)
    uartIrqHandler                           0x0800673d   Thumb Code   214  serial_uart_stm32f4xx.o(i.uartIrqHandler)
    uartOpen                                 0x08006819   Thumb Code   360  serial_uart.o(i.uartOpen)
    uartRead                                 0x0800698d   Thumb Code    44  serial_uart.o(i.uartRead)
    uartSetBaudRate                          0x08006a45   Thumb Code     6  serial_uart.o(i.uartSetBaudRate)
    uartSetMode                              0x08006a4b   Thumb Code     6  serial_uart.o(i.uartSetMode)
    uartStartTxDMA                           0x08006a51   Thumb Code    74  serial_uart.o(i.uartStartTxDMA)
    uartTotalRxBytesWaiting                  0x08006a9b   Thumb Code    24  serial_uart.o(i.uartTotalRxBytesWaiting)
    uartTotalTxBytesFree                     0x08006ab3   Thumb Code    38  serial_uart.o(i.uartTotalTxBytesFree)
    uartWrite                                0x08006ad9   Thumb Code    48  serial_uart.o(i.uartWrite)
    ultrasound1Read                          0x08006b09   Thumb Code    66  ultrasound.o(i.ultrasound1Read)
    ultrasound1Update                        0x08006b55   Thumb Code     4  ultrasound.o(i.ultrasound1Update)
    ultrasound2Read                          0x08006b59   Thumb Code    66  ultrasound.o(i.ultrasound2Read)
    ultrasound2Update                        0x08006ba5   Thumb Code     4  ultrasound.o(i.ultrasound2Update)
    ultrasound3Read                          0x08006ba9   Thumb Code    66  ultrasound.o(i.ultrasound3Read)
    ultrasound3Update                        0x08006bf5   Thumb Code     4  ultrasound.o(i.ultrasound3Update)
    ultrasound4Read                          0x08006bf9   Thumb Code    66  ultrasound.o(i.ultrasound4Read)
    ultrasound4Update                        0x08006c45   Thumb Code     4  ultrasound.o(i.ultrasound4Update)
    ultrasound5Read                          0x08006c49   Thumb Code    66  ultrasound.o(i.ultrasound5Read)
    ultrasound5Update                        0x08006c95   Thumb Code     4  ultrasound.o(i.ultrasound5Update)
    ultrasound6Read                          0x08006c99   Thumb Code    66  ultrasound.o(i.ultrasound6Read)
    ultrasound6Update                        0x08006ce5   Thumb Code     4  ultrasound.o(i.ultrasound6Update)
    ultrasoundInit                           0x08006ce9   Thumb Code    24  ultrasound.o(i.ultrasoundInit)
    updateMotorPwm                           0x08006d05   Thumb Code   140  fc_tasks.o(i.updateMotorPwm)
    validateAndFixConfig                     0x08006d95   Thumb Code    80  config.o(i.validateAndFixConfig)
    validateAndFixGyroConfig                 0x08006de9   Thumb Code   178  config.o(i.validateAndFixGyroConfig)
    verifyMPU9250WriteRegister               0x08007011   Thumb Code    64  accgyro_spi_mpu9250.o(i.verifyMPU9250WriteRegister)
    __aeabi_d2f                              0x0800718d   Thumb Code     0  d2f.o(x$fpl$d2f)
    _d2f                                     0x0800718d   Thumb Code    98  d2f.o(x$fpl$d2f)
    __aeabi_dadd                             0x080071f1   Thumb Code     0  daddsub_clz.o(x$fpl$dadd)
    _dadd                                    0x080071f1   Thumb Code   332  daddsub_clz.o(x$fpl$dadd)
    __fpl_dcmp_Inf                           0x08007341   Thumb Code    24  dcmpi.o(x$fpl$dcmpinf)
    __aeabi_ddiv                             0x08007359   Thumb Code     0  ddiv.o(x$fpl$ddiv)
    _ddiv                                    0x08007359   Thumb Code   552  ddiv.o(x$fpl$ddiv)
    __aeabi_d2iz                             0x08007609   Thumb Code     0  dfix.o(x$fpl$dfix)
    _dfix                                    0x08007609   Thumb Code    94  dfix.o(x$fpl$dfix)
    __aeabi_i2d                              0x08007667   Thumb Code     0  dflt_clz.o(x$fpl$dflt)
    _dflt                                    0x08007667   Thumb Code    46  dflt_clz.o(x$fpl$dflt)
    __aeabi_cdcmple                          0x08007695   Thumb Code     0  dleqf.o(x$fpl$dleqf)
    _dcmple                                  0x08007695   Thumb Code   120  dleqf.o(x$fpl$dleqf)
    __fpl_dcmple_InfNaN                      0x080076f7   Thumb Code     0  dleqf.o(x$fpl$dleqf)
    __aeabi_dmul                             0x0800770d   Thumb Code     0  dmul.o(x$fpl$dmul)
    _dmul                                    0x0800770d   Thumb Code   332  dmul.o(x$fpl$dmul)
    __fpl_dnaninf                            0x08007861   Thumb Code   156  dnaninf.o(x$fpl$dnaninf)
    __fpl_dretinf                            0x080078fd   Thumb Code    12  dretinf.o(x$fpl$dretinf)
    __aeabi_cdrcmple                         0x08007909   Thumb Code     0  drleqf.o(x$fpl$drleqf)
    _drcmple                                 0x08007909   Thumb Code   108  drleqf.o(x$fpl$drleqf)
    _drnd                                    0x08007975   Thumb Code   180  drnd.o(x$fpl$drnd)
    __aeabi_dsub                             0x08007a29   Thumb Code     0  daddsub_clz.o(x$fpl$dsub)
    _dsub                                    0x08007a29   Thumb Code   464  daddsub_clz.o(x$fpl$dsub)
    __aeabi_f2d                              0x08007bfd   Thumb Code     0  f2d.o(x$fpl$f2d)
    _f2d                                     0x08007bfd   Thumb Code    86  f2d.o(x$fpl$f2d)
    _ffix_r                                  0x08007c53   Thumb Code    14  ffix.o(x$fpl$ffixr)
    __fpl_fnaninf                            0x08007c61   Thumb Code   140  fnaninf.o(x$fpl$fnaninf)
    _fp_init                                 0x08007ced   Thumb Code    10  fpinit.o(x$fpl$fpinit)
    __fplib_config_fpu_vfp                   0x08007cf5   Thumb Code     0  fpinit.o(x$fpl$fpinit)
    __fplib_config_pureend_doubles           0x08007cf5   Thumb Code     0  fpinit.o(x$fpl$fpinit)
    __fpl_fretinf                            0x08007cf7   Thumb Code    10  fretinf.o(x$fpl$fretinf)
    _frnd                                    0x08007d01   Thumb Code    96  frnd.o(x$fpl$frnd)
    __I$use$fp                               0x08007d60   Number         0  usenofp.o(x$fpl$usenofp)
    timerHardware                            0x08007d60   Data         168  target.o(.constdata)
    ioPortDefs                               0x08007e25   Data           6  io.o(.constdata)
    oled_asc2_1206                           0x08007e36   Data        1140  oled.o(.constdata)
    oled_asc2_1608                           0x080082aa   Data        1520  oled.o(.constdata)
    serialPortIdentifiers                    0x0800889a   Data           3  serial.o(.constdata)
    uartVTable                               0x080088a0   Data          40  serial_uart.o(.constdata)
    timerDefinitions                         0x080088e4   Data         112  timer_stm32f4xx.o(.constdata)
    Region$$Table$$Base                      0x08008c44   Number         0  anon$$obj.o(Region$$Table)
    Region$$Table$$Limit                     0x08008c64   Number         0  anon$$obj.o(Region$$Table)
    systemState                              0x20000010   Data           1  main.o(.data)
    __stdout                                 0x20000014   Data           4  main.o(.data)
    SystemCoreClock                          0x20000018   Data           4  system_stm32f4xx.o(.data)
    AHBPrescTable                            0x2000001c   Data          16  system_stm32f4xx.o(.data)
    sysTickUptime                            0x20000030   Data           4  system.o(.data)
    buttonPressed                            0x20000040   Data           1  button.o(.data)
    mpuReset                                 0x20000054   Data           4  accgyro_mpu.o(.data)
    driveForward                             0x20000e14   Data           1  serial_uart_stm32f4xx.o(.data)
    driveReverse                             0x20000e15   Data           1  serial_uart_stm32f4xx.o(.data)
    turnLeft                                 0x20000e16   Data           1  serial_uart_stm32f4xx.o(.data)
    turnRight                                0x20000e17   Data           1  serial_uart_stm32f4xx.o(.data)
    ultrasound1_measurement                  0x20000e40   Data           4  ultrasound_hcsr04.o(.data)
    ultrasound2_measurement                  0x20000e44   Data           4  ultrasound_hcsr04.o(.data)
    ultrasound3_measurement                  0x20000e48   Data           4  ultrasound_hcsr04.o(.data)
    ultrasound4_measurement                  0x20000e4c   Data           4  ultrasound_hcsr04.o(.data)
    ultrasound5_measurement                  0x20000e50   Data           4  ultrasound_hcsr04.o(.data)
    ultrasound6_measurement                  0x20000e54   Data           4  ultrasound_hcsr04.o(.data)
    currentProfile                           0x20000ed4   Data           4  config.o(.data)
    currentControlRateProfile                0x20000ed8   Data           4  config.o(.data)
    isMotorActivated                         0x20000edc   Data           1  fc_tasks.o(.data)
    stopFlag                                 0x20000edd   Data           1  fc_tasks.o(.data)
    isCollisionAvoidanceModeActivated        0x20000ede   Data           1  fc_tasks.o(.data)
    yawMagnitude                             0x20000ef4   Data           4  fc_tasks.o(.data)
    speedLimit                               0x20000ef8   Data           4  fc_tasks.o(.data)
    stationaryFlag                           0x20000efc   Data           4  fc_tasks.o(.data)
    velocityUpdatedMovement                  0x20000f00   Data           4  fc_tasks.o(.data)
    balanceSetpoint                          0x20000f04   Data           4  fc_tasks.o(.data)
    velocitySetpoint                         0x20000f08   Data           4  fc_tasks.o(.data)
    Encoder1                                 0x20000f54   Data           4  fc_tasks.o(.data)
    Encoder2                                 0x20000f58   Data           4  fc_tasks.o(.data)
    stabilisePwmVal                          0x20000f5c   Data           4  fc_tasks.o(.data)
    velocityPwmVal                           0x20000f60   Data           4  fc_tasks.o(.data)
    yawPwmVal                                0x20000f64   Data           4  fc_tasks.o(.data)
    motor1Pwm                                0x20000f68   Data           4  fc_tasks.o(.data)
    motor2Pwm                                0x20000f6c   Data           4  fc_tasks.o(.data)
    cfTasks                                  0x20000f70   Data        1092  fc_tasks.o(.data)
    armingFlags                              0x200013b4   Data           1  runtime_config.o(.data)
    flightModeFlags                          0x200013b8   Data           2  runtime_config.o(.data)
    stateFlags                               0x200013c0   Data           1  runtime_config.o(.data)
    smallAngleCosZ                           0x200013c4   Data           4  imu.o(.data)
    magneticDeclination                      0x200013d8   Data           4  imu.o(.data)
    accVelScale                              0x200013ec   Data           4  imu.o(.data)
    fc_acc                                   0x200013f0   Data           4  imu.o(.data)
    throttleAngleScale                       0x200013f4   Data           4  imu.o(.data)
    attitude                                 0x200013fc   Data           6  imu.o(.data)
    temperatureData                          0x20001414   Data           4  gyro.o(.data)
    detectedSensors                          0x20001428   Data           4  initialisation.o(.data)
    ultrasoundMaxRangeCm                     0x20001436   Data           2  ultrasound.o(.data)
    averageSystemLoadPercentage              0x20001452   Data           2  scheduler.o(.data)
    checkFuncMaxExecutionTime                0x20001468   Data           4  scheduler.o(.data)
    checkFuncTotalExecutionTime              0x2000146c   Data           4  scheduler.o(.data)
    checkFuncMovingSumExecutionTime          0x20001470   Data           4  scheduler.o(.data)
    clocks                                   0x20001474   Data          16  system.o(.bss)
    extiChannelRecs                          0x20001484   Data          64  exti.o(.bss)
    ioRecs                                   0x200014c4   Data         640  io.o(.bss)
    OLED_GRAM                                0x20001754   Data        1024  oled.o(.bss)
    timerConfig                              0x20001ba0   Data         440  timer.o(.bss)
    timerChannelInfo                         0x20001d58   Data          14  timer.o(.bss)
    timerInfo                                0x20001d66   Data          11  timer.o(.bss)
    masterConfig                             0x20001d74   Data         948  config.o(.bss)
    acc                                      0x20002164   Data          64  acceleration.o(.bss)
    gyro                                     0x20002378   Data          88  gyro.o(.bss)
    mag                                      0x20002424   Data          28  compass.o(.bss)
    taskQueueArray                           0x200024b8   Data          88  scheduler.o(.bss)
    __libspace_start                         0x20002510   Data          96  libspace.o(.bss)
    __temporary_stack_top$libspace           0x20002570   Data           0  libspace.o(.bss)



==============================================================================

Memory Map of the image

  Image Entry point : 0x08000189

  Load Region LR_IROM1 (Base: 0x08000000, Size: 0x0000a0d8, Max: 0x00100000, ABSOLUTE, COMPRESSED[0x00008dac])

    Execution Region ER_IROM1 (Exec base: 0x08000000, Load base: 0x08000000, Size: 0x00008c64, Max: 0x00100000, ABSOLUTE)

    Exec Addr    Load Addr    Size         Type   Attr      Idx    E Section Name        Object

    0x08000000   0x08000000   0x00000188   Data   RO            3    RESET               startup_stm32f407xx.o
    0x08000188   0x08000188   0x00000008   Code   RO         5872  * !!!main             c_w.l(__main.o)
    0x08000190   0x08000190   0x00000034   Code   RO         6237    !!!scatter          c_w.l(__scatter.o)
    0x080001c4   0x080001c4   0x0000005a   Code   RO         6235    !!dczerorl2         c_w.l(__dczerorl2.o)
    0x0800021e   0x0800021e   0x00000002   PAD
    0x08000220   0x08000220   0x0000001c   Code   RO         6239    !!handler_zi        c_w.l(__scatter_zi.o)
    0x0800023c   0x0800023c   0x00000000   Code   RO         5853    .ARM.Collect$$_printf_percent$$00000000  c_w.l(_printf_percent.o)
    0x0800023c   0x0800023c   0x00000006   Code   RO         5851    .ARM.Collect$$_printf_percent$$00000009  c_w.l(_printf_d.o)
    0x08000242   0x08000242   0x00000006   Code   RO         5850    .ARM.Collect$$_printf_percent$$00000014  c_w.l(_printf_s.o)
    0x08000248   0x08000248   0x00000004   Code   RO         6011    .ARM.Collect$$_printf_percent$$00000017  c_w.l(_printf_percent_end.o)
    0x0800024c   0x0800024c   0x00000002   Code   RO         6106    .ARM.Collect$$libinit$$00000000  c_w.l(libinit.o)
    0x0800024e   0x0800024e   0x00000004   Code   RO         6111    .ARM.Collect$$libinit$$00000001  c_w.l(libinit2.o)
    0x08000252   0x08000252   0x00000000   Code   RO         6114    .ARM.Collect$$libinit$$00000004  c_w.l(libinit2.o)
    0x08000252   0x08000252   0x00000000   Code   RO         6117    .ARM.Collect$$libinit$$0000000A  c_w.l(libinit2.o)
    0x08000252   0x08000252   0x00000000   Code   RO         6119    .ARM.Collect$$libinit$$0000000C  c_w.l(libinit2.o)
    0x08000252   0x08000252   0x00000000   Code   RO         6121    .ARM.Collect$$libinit$$0000000E  c_w.l(libinit2.o)
    0x08000252   0x08000252   0x00000000   Code   RO         6124    .ARM.Collect$$libinit$$00000011  c_w.l(libinit2.o)
    0x08000252   0x08000252   0x00000000   Code   RO         6126    .ARM.Collect$$libinit$$00000013  c_w.l(libinit2.o)
    0x08000252   0x08000252   0x00000000   Code   RO         6128    .ARM.Collect$$libinit$$00000015  c_w.l(libinit2.o)
    0x08000252   0x08000252   0x00000000   Code   RO         6130    .ARM.Collect$$libinit$$00000017  c_w.l(libinit2.o)
    0x08000252   0x08000252   0x00000000   Code   RO         6132    .ARM.Collect$$libinit$$00000019  c_w.l(libinit2.o)
    0x08000252   0x08000252   0x00000000   Code   RO         6134    .ARM.Collect$$libinit$$0000001B  c_w.l(libinit2.o)
    0x08000252   0x08000252   0x00000000   Code   RO         6136    .ARM.Collect$$libinit$$0000001D  c_w.l(libinit2.o)
    0x08000252   0x08000252   0x00000000   Code   RO         6138    .ARM.Collect$$libinit$$0000001F  c_w.l(libinit2.o)
    0x08000252   0x08000252   0x00000000   Code   RO         6140    .ARM.Collect$$libinit$$00000021  c_w.l(libinit2.o)
    0x08000252   0x08000252   0x00000000   Code   RO         6142    .ARM.Collect$$libinit$$00000023  c_w.l(libinit2.o)
    0x08000252   0x08000252   0x00000000   Code   RO         6144    .ARM.Collect$$libinit$$00000025  c_w.l(libinit2.o)
    0x08000252   0x08000252   0x00000000   Code   RO         6148    .ARM.Collect$$libinit$$0000002C  c_w.l(libinit2.o)
    0x08000252   0x08000252   0x00000000   Code   RO         6150    .ARM.Collect$$libinit$$0000002E  c_w.l(libinit2.o)
    0x08000252   0x08000252   0x00000000   Code   RO         6152    .ARM.Collect$$libinit$$00000030  c_w.l(libinit2.o)
    0x08000252   0x08000252   0x00000000   Code   RO         6154    .ARM.Collect$$libinit$$00000032  c_w.l(libinit2.o)
    0x08000252   0x08000252   0x00000002   Code   RO         6155    .ARM.Collect$$libinit$$00000033  c_w.l(libinit2.o)
    0x08000254   0x08000254   0x00000002   Code   RO         6175    .ARM.Collect$$libshutdown$$00000000  c_w.l(libshutdown.o)
    0x08000256   0x08000256   0x00000000   Code   RO         6188    .ARM.Collect$$libshutdown$$00000002  c_w.l(libshutdown2.o)
    0x08000256   0x08000256   0x00000000   Code   RO         6190    .ARM.Collect$$libshutdown$$00000004  c_w.l(libshutdown2.o)
    0x08000256   0x08000256   0x00000000   Code   RO         6193    .ARM.Collect$$libshutdown$$00000007  c_w.l(libshutdown2.o)
    0x08000256   0x08000256   0x00000000   Code   RO         6196    .ARM.Collect$$libshutdown$$0000000A  c_w.l(libshutdown2.o)
    0x08000256   0x08000256   0x00000000   Code   RO         6198    .ARM.Collect$$libshutdown$$0000000C  c_w.l(libshutdown2.o)
    0x08000256   0x08000256   0x00000000   Code   RO         6201    .ARM.Collect$$libshutdown$$0000000F  c_w.l(libshutdown2.o)
    0x08000256   0x08000256   0x00000002   Code   RO         6202    .ARM.Collect$$libshutdown$$00000010  c_w.l(libshutdown2.o)
    0x08000258   0x08000258   0x00000000   Code   RO         6000    .ARM.Collect$$rtentry$$00000000  c_w.l(__rtentry.o)
    0x08000258   0x08000258   0x00000000   Code   RO         6055    .ARM.Collect$$rtentry$$00000002  c_w.l(__rtentry2.o)
    0x08000258   0x08000258   0x00000006   Code   RO         6067    .ARM.Collect$$rtentry$$00000004  c_w.l(__rtentry4.o)
    0x0800025e   0x0800025e   0x00000000   Code   RO         6057    .ARM.Collect$$rtentry$$00000009  c_w.l(__rtentry2.o)
    0x0800025e   0x0800025e   0x00000004   Code   RO         6058    .ARM.Collect$$rtentry$$0000000A  c_w.l(__rtentry2.o)
    0x08000262   0x08000262   0x00000000   Code   RO         6060    .ARM.Collect$$rtentry$$0000000C  c_w.l(__rtentry2.o)
    0x08000262   0x08000262   0x00000008   Code   RO         6061    .ARM.Collect$$rtentry$$0000000D  c_w.l(__rtentry2.o)
    0x0800026a   0x0800026a   0x00000002   Code   RO         6107    .ARM.Collect$$rtexit$$00000000  c_w.l(rtexit.o)
    0x0800026c   0x0800026c   0x00000000   Code   RO         6157    .ARM.Collect$$rtexit$$00000002  c_w.l(rtexit2.o)
    0x0800026c   0x0800026c   0x00000004   Code   RO         6158    .ARM.Collect$$rtexit$$00000003  c_w.l(rtexit2.o)
    0x08000270   0x08000270   0x00000006   Code   RO         6159    .ARM.Collect$$rtexit$$00000004  c_w.l(rtexit2.o)
    0x08000276   0x08000276   0x00000002   PAD
    0x08000278   0x08000278   0x00000040   Code   RO            4    .text               startup_stm32f407xx.o
    0x080002b8   0x080002b8   0x00000018   Code   RO         5822    .text               c_w.l(noretval__2printf.o)
    0x080002d0   0x080002d0   0x00000068   Code   RO         5824    .text               c_w.l(__printf.o)
    0x08000338   0x08000338   0x00000052   Code   RO         5826    .text               c_w.l(_printf_str.o)
    0x0800038a   0x0800038a   0x00000002   PAD
    0x0800038c   0x0800038c   0x00000078   Code   RO         5828    .text               c_w.l(_printf_dec.o)
    0x08000404   0x08000404   0x00000064   Code   RO         5858    .text               c_w.l(rt_memcpy_w.o)
    0x08000468   0x08000468   0x0000007a   Code   RO         5860    .text               c_w.l(rt_memmove_w.o)
    0x080004e2   0x080004e2   0x00000010   Code   RO         5862    .text               c_w.l(aeabi_memset.o)
    0x080004f2   0x080004f2   0x00000044   Code   RO         5864    .text               c_w.l(rt_memclr.o)
    0x08000536   0x08000536   0x0000004e   Code   RO         5866    .text               c_w.l(rt_memclr_w.o)
    0x08000584   0x08000584   0x00000056   Code   RO         5868    .text               c_w.l(strncpy.o)
    0x080005da   0x080005da   0x00000006   Code   RO         5870    .text               c_w.l(heapauxi.o)
    0x080005e0   0x080005e0   0x00000016   Code   RO         6001    .text               c_w.l(_rserrno.o)
    0x080005f6   0x080005f6   0x000000b2   Code   RO         6005    .text               c_w.l(_printf_intcommon.o)
    0x080006a8   0x080006a8   0x0000002c   Code   RO         6007    .text               c_w.l(_printf_char.o)
    0x080006d4   0x080006d4   0x00000024   Code   RO         6009    .text               c_w.l(_printf_char_file.o)
    0x080006f8   0x080006f8   0x00000008   Code   RO         6074    .text               c_w.l(rt_errno_addr_intlibspace.o)
    0x08000700   0x08000700   0x00000030   Code   RO         6076    .text               c_w.l(_printf_char_common.o)
    0x08000730   0x08000730   0x00000008   Code   RO         6078    .text               c_w.l(ferror.o)
    0x08000738   0x08000738   0x00000008   Code   RO         6084    .text               c_w.l(libspace.o)
    0x08000740   0x08000740   0x0000004a   Code   RO         6087    .text               c_w.l(sys_stackheap_outer.o)
    0x0800078a   0x0800078a   0x00000012   Code   RO         6099    .text               c_w.l(exit.o)
    0x0800079c   0x0800079c   0x0000000c   Code   RO         6167    .text               c_w.l(sys_exit.o)
    0x080007a8   0x080007a8   0x00000002   Code   RO         6178    .text               c_w.l(use_no_semi.o)
    0x080007aa   0x080007aa   0x00000000   Code   RO         6180    .text               c_w.l(indicate_semi.o)
    0x080007aa   0x080007aa   0x00000014   Code   RO          123    i.DMA_Cmd           stm32f4xx_dma.o
    0x080007be   0x080007be   0x00000002   PAD
    0x080007c0   0x080007c0   0x00000124   Code   RO          124    i.DMA_DeInit        stm32f4xx_dma.o
    0x080008e4   0x080008e4   0x00000006   Code   RO          129    i.DMA_GetCurrDataCounter  stm32f4xx_dma.o
    0x080008ea   0x080008ea   0x0000002c   Code   RO          134    i.DMA_ITConfig      stm32f4xx_dma.o
    0x08000916   0x08000916   0x00000002   PAD
    0x08000918   0x08000918   0x00000054   Code   RO          135    i.DMA_Init          stm32f4xx_dma.o
    0x0800096c   0x0800096c   0x0000000a   Code   RO          136    i.DMA_MemoryTargetConfig  stm32f4xx_dma.o
    0x08000976   0x08000976   0x00000004   Code   RO          138    i.DMA_SetCurrDataCounter  stm32f4xx_dma.o
    0x0800097a   0x0800097a   0x00000022   Code   RO          139    i.DMA_StructInit    stm32f4xx_dma.o
    0x0800099c   0x0800099c   0x00000004   Code   RO         2643    i.EXTI0_IRQHandler  exti.o
    0x080009a0   0x080009a0   0x00000004   Code   RO         2644    i.EXTI15_10_IRQHandler  exti.o
    0x080009a4   0x080009a4   0x00000004   Code   RO         2645    i.EXTI1_IRQHandler  exti.o
    0x080009a8   0x080009a8   0x00000004   Code   RO         2646    i.EXTI2_IRQHandler  exti.o
    0x080009ac   0x080009ac   0x00000004   Code   RO         2647    i.EXTI3_IRQHandler  exti.o
    0x080009b0   0x080009b0   0x00000004   Code   RO         2648    i.EXTI4_IRQHandler  exti.o
    0x080009b4   0x080009b4   0x00000004   Code   RO         2649    i.EXTI9_5_IRQHandler  exti.o
    0x080009b8   0x080009b8   0x00000090   Code   RO         2650    i.EXTIConfig        exti.o
    0x08000a48   0x08000a48   0x00000020   Code   RO         2651    i.EXTIEnable        exti.o
    0x08000a68   0x08000a68   0x00000004   Code   RO         2652    i.EXTIHandlerInit   exti.o
    0x08000a6c   0x08000a6c   0x00000028   Code   RO         2653    i.EXTIInit          exti.o
    0x08000a94   0x08000a94   0x0000000c   Code   RO          254    i.EXTI_ClearITPendingBit  stm32f4xx_exti.o
    0x08000aa0   0x08000aa0   0x00000040   Code   RO         2655    i.EXTI_IRQHandler   exti.o
    0x08000ae0   0x08000ae0   0x00000070   Code   RO          259    i.EXTI_Init         stm32f4xx_exti.o
    0x08000b50   0x08000b50   0x00000094   Code   RO         2102    i.EnableGPIOClk     main.o
    0x08000be4   0x08000be4   0x000000a2   Code   RO          578    i.GPIO_Init         stm32f4xx_gpio.o
    0x08000c86   0x08000c86   0x00000020   Code   RO          579    i.GPIO_PinAFConfig  stm32f4xx_gpio.o
    0x08000ca6   0x08000ca6   0x00000012   Code   RO          587    i.GPIO_StructInit   stm32f4xx_gpio.o
    0x08000cb8   0x08000cb8   0x00000048   Code   RO         2977    i.IOConfigGPIO      io.o
    0x08000d00   0x08000d00   0x0000005c   Code   RO         2978    i.IOConfigGPIOAF    io.o
    0x08000d5c   0x08000d5c   0x0000006c   Code   RO         2979    i.IOGetByTag        io.o
    0x08000dc8   0x08000dc8   0x00000040   Code   RO         2980    i.IOGlobalInit      io.o
    0x08000e08   0x08000e08   0x0000000c   Code   RO         2981    i.IOHi              io.o
    0x08000e14   0x08000e14   0x00000006   Code   RO         2982    i.IOInit            io.o
    0x08000e1a   0x08000e1a   0x0000000e   Code   RO         2983    i.IOLo              io.o
    0x08000e28   0x08000e28   0x00000016   Code   RO         2984    i.IORead            io.o
    0x08000e3e   0x08000e3e   0x00000012   Code   RO         2987    i.IOWrite           io.o
    0x08000e50   0x08000e50   0x00000012   Code   RO         2988    i.IO_EXTI_Line      io.o
    0x08000e62   0x08000e62   0x00000004   Code   RO         2989    i.IO_EXTI_PinSource  io.o
    0x08000e66   0x08000e66   0x00000004   Code   RO         2990    i.IO_EXTI_PortSourceGPIO  io.o
    0x08000e6a   0x08000e6a   0x00000014   Code   RO         2992    i.IO_GPIOPinIdx     io.o
    0x08000e7e   0x08000e7e   0x00000002   PAD
    0x08000e80   0x08000e80   0x00000018   Code   RO         2993    i.IO_GPIOPortIdx    io.o
    0x08000e98   0x08000e98   0x00000004   Code   RO         2994    i.IO_GPIO_PinSource  io.o
    0x08000e9c   0x08000e9c   0x00000088   Code   RO         3132    i.LedInit           led.o
    0x08000f24   0x08000f24   0x00000028   Code   RO         3133    i.LedSet            led.o
    0x08000f4c   0x08000f4c   0x00000064   Code   RO           13    i.NVIC_Init         misc.o
    0x08000fb0   0x08000fb0   0x00000014   Code   RO           14    i.NVIC_PriorityGroupConfig  misc.o
    0x08000fc4   0x08000fc4   0x0000002c   Code   RO         3208    i.OLED_Clear        oled.o
    0x08000ff0   0x08000ff0   0x0000003c   Code   RO         3211    i.OLED_DrawPoint    oled.o
    0x0800102c   0x0800102c   0x0000004c   Code   RO         3212    i.OLED_Refresh_Gram  oled.o
    0x08001078   0x08001078   0x00000090   Code   RO         3213    i.OLED_ShowChar     oled.o
    0x08001108   0x08001108   0x00000078   Code   RO         3214    i.OLED_ShowNumber   oled.o
    0x08001180   0x08001180   0x0000003e   Code   RO         3215    i.OLED_ShowString   oled.o
    0x080011be   0x080011be   0x00000002   PAD
    0x080011c0   0x080011c0   0x00000074   Code   RO         3216    i.OLED_WR_Byte      oled.o
    0x08001234   0x08001234   0x00000018   Code   RO          793    i.RCC_AHB1PeriphClockCmd  stm32f4xx_rcc.o
    0x0800124c   0x0800124c   0x00000018   Code   RO          795    i.RCC_AHB1PeriphResetCmd  stm32f4xx_rcc.o
    0x08001264   0x08001264   0x00000018   Code   RO          796    i.RCC_AHB2PeriphClockCmd  stm32f4xx_rcc.o
    0x0800127c   0x0800127c   0x00000018   Code   RO          802    i.RCC_APB1PeriphClockCmd  stm32f4xx_rcc.o
    0x08001294   0x08001294   0x00000018   Code   RO          804    i.RCC_APB1PeriphResetCmd  stm32f4xx_rcc.o
    0x080012ac   0x080012ac   0x00000018   Code   RO          805    i.RCC_APB2PeriphClockCmd  stm32f4xx_rcc.o
    0x080012c4   0x080012c4   0x00000018   Code   RO          807    i.RCC_APB2PeriphResetCmd  stm32f4xx_rcc.o
    0x080012dc   0x080012dc   0x00000010   Code   RO          810    i.RCC_ClearFlag     stm32f4xx_rcc.o
    0x080012ec   0x080012ec   0x00000024   Code   RO         3446    i.RCC_ClockCmd      rcc.o
    0x08001310   0x08001310   0x00000090   Code   RO          814    i.RCC_GetClocksFreq  stm32f4xx_rcc.o
    0x080013a0   0x080013a0   0x00000024   Code   RO         3447    i.RCC_ResetCmd      rcc.o
    0x080013c4   0x080013c4   0x00000034   Code   RO         4498    i.Read_Encoder      fc_tasks.o
    0x080013f8   0x080013f8   0x0000000c   Code   RO         4329    i.ResetBeeperConfig  config.o
    0x08001404   0x08001404   0x00000020   Code   RO         4330    i.ResetLedStatusConfig  config.o
    0x08001424   0x08001424   0x00000008   Code   RO         5010    i.ResetRollAndPitchTrims  acceleration.o
    0x0800142c   0x0800142c   0x0000003c   Code   RO         4331    i.ResetSerialConfig  config.o
    0x08001468   0x08001468   0x00000064   Code   RO         4332    i.ResetSerialPinConfig  config.o
    0x080014cc   0x080014cc   0x00000014   Code   RO         1137    i.SPI_Cmd           stm32f4xx_spi.o
    0x080014e0   0x080014e0   0x00000084   Code   RO         1144    i.SPI_I2S_DeInit    stm32f4xx_spi.o
    0x08001564   0x08001564   0x0000000e   Code   RO         1145    i.SPI_I2S_GetFlagStatus  stm32f4xx_spi.o
    0x08001572   0x08001572   0x00000004   Code   RO         1148    i.SPI_I2S_ReceiveData  stm32f4xx_spi.o
    0x08001576   0x08001576   0x00000004   Code   RO         1149    i.SPI_I2S_SendData  stm32f4xx_spi.o
    0x0800157a   0x0800157a   0x00000038   Code   RO         1150    i.SPI_Init          stm32f4xx_spi.o
    0x080015b2   0x080015b2   0x00000002   PAD
    0x080015b4   0x080015b4   0x00000030   Code   RO         1302    i.SYSCFG_EXTILineConfig  stm32f4xx_syscfg.o
    0x080015e4   0x080015e4   0x000000b4   Code   RO         2384    i.SetSysClock       system_stm32f4xx.o
    0x08001698   0x08001698   0x00000024   Code   RO         2455    i.SysTick_Handler   system.o
    0x080016bc   0x080016bc   0x00000024   Code   RO         2456    i.SysTick_Init      system.o
    0x080016e0   0x080016e0   0x0000005c   Code   RO         2386    i.SystemInit        system_stm32f4xx.o
    0x0800173c   0x0800173c   0x0000002e   Code   RO         1359    i.TI1_Config        stm32f4xx_tim.o
    0x0800176a   0x0800176a   0x00000036   Code   RO         1360    i.TI2_Config        stm32f4xx_tim.o
    0x080017a0   0x080017a0   0x00000010   Code   RO         3980    i.TIM1_CC_IRQHandler  timer.o
    0x080017b0   0x080017b0   0x00000010   Code   RO         3981    i.TIM2_IRQHandler   timer.o
    0x080017c0   0x080017c0   0x00000010   Code   RO         3982    i.TIM3_IRQHandler   timer.o
    0x080017d0   0x080017d0   0x00000010   Code   RO         3983    i.TIM4_IRQHandler   timer.o
    0x080017e0   0x080017e0   0x00000010   Code   RO         3984    i.TIM5_IRQHandler   timer.o
    0x080017f0   0x080017f0   0x00000014   Code   RO         1373    i.TIM_Cmd           stm32f4xx_tim.o
    0x08001804   0x08001804   0x00000016   Code   RO         1375    i.TIM_CtrlPWMOutputs  stm32f4xx_tim.o
    0x0800181a   0x0800181a   0x000000ac   Code   RO         1396    i.TIM_ICInit        stm32f4xx_tim.o
    0x080018c6   0x080018c6   0x00000010   Code   RO         1397    i.TIM_ICStructInit  stm32f4xx_tim.o
    0x080018d6   0x080018d6   0x00000002   PAD
    0x080018d8   0x080018d8   0x00000060   Code   RO         1402    i.TIM_OC1Init       stm32f4xx_tim.o
    0x08001938   0x08001938   0x0000000c   Code   RO         1405    i.TIM_OC1PreloadConfig  stm32f4xx_tim.o
    0x08001944   0x08001944   0x00000080   Code   RO         1407    i.TIM_OC2Init       stm32f4xx_tim.o
    0x080019c4   0x080019c4   0x00000014   Code   RO         1410    i.TIM_OC2PreloadConfig  stm32f4xx_tim.o
    0x080019d8   0x080019d8   0x0000007c   Code   RO         1412    i.TIM_OC3Init       stm32f4xx_tim.o
    0x08001a54   0x08001a54   0x0000000c   Code   RO         1415    i.TIM_OC3PreloadConfig  stm32f4xx_tim.o
    0x08001a60   0x08001a60   0x00000060   Code   RO         1417    i.TIM_OC4Init       stm32f4xx_tim.o
    0x08001ac0   0x08001ac0   0x00000014   Code   RO         1419    i.TIM_OC4PreloadConfig  stm32f4xx_tim.o
    0x08001ad4   0x08001ad4   0x00000014   Code   RO         1420    i.TIM_OCStructInit  stm32f4xx_tim.o
    0x08001ae8   0x08001ae8   0x00000010   Code   RO         1432    i.TIM_SelectSlaveMode  stm32f4xx_tim.o
    0x08001af8   0x08001af8   0x00000010   Code   RO         1440    i.TIM_SetIC1Prescaler  stm32f4xx_tim.o
    0x08001b08   0x08001b08   0x00000018   Code   RO         1441    i.TIM_SetIC2Prescaler  stm32f4xx_tim.o
    0x08001b20   0x08001b20   0x00000010   Code   RO         1442    i.TIM_SetIC3Prescaler  stm32f4xx_tim.o
    0x08001b30   0x08001b30   0x00000018   Code   RO         1443    i.TIM_SetIC4Prescaler  stm32f4xx_tim.o
    0x08001b48   0x08001b48   0x0000007c   Code   RO         1445    i.TIM_TimeBaseInit  stm32f4xx_tim.o
    0x08001bc4   0x08001bc4   0x00000012   Code   RO         1446    i.TIM_TimeBaseStructInit  stm32f4xx_tim.o
    0x08001bd6   0x08001bd6   0x00000002   PAD
    0x08001bd8   0x08001bd8   0x00000010   Code   RO         3820    i.USART1_IRQHandler  serial_uart_stm32f4xx.o
    0x08001be8   0x08001be8   0x00000010   Code   RO         3821    i.USART3_IRQHandler  serial_uart_stm32f4xx.o
    0x08001bf8   0x08001bf8   0x00000010   Code   RO         3822    i.USART6_IRQHandler  serial_uart_stm32f4xx.o
    0x08001c08   0x08001c08   0x0000000c   Code   RO         1911    i.USART_ClearITPendingBit  stm32f4xx_usart.o
    0x08001c14   0x08001c14   0x00000014   Code   RO         1914    i.USART_Cmd         stm32f4xx_usart.o
    0x08001c28   0x08001c28   0x00000010   Code   RO         1915    i.USART_DMACmd      stm32f4xx_usart.o
    0x08001c38   0x08001c38   0x0000003e   Code   RO         1918    i.USART_GetITStatus  stm32f4xx_usart.o
    0x08001c76   0x08001c76   0x00000014   Code   RO         1919    i.USART_HalfDuplexCmd  stm32f4xx_usart.o
    0x08001c8a   0x08001c8a   0x00000030   Code   RO         1920    i.USART_ITConfig    stm32f4xx_usart.o
    0x08001cba   0x08001cba   0x00000002   PAD
    0x08001cbc   0x08001cbc   0x000000ac   Code   RO         1921    i.USART_Init        stm32f4xx_usart.o
    0x08001d68   0x08001d68   0x00000008   Code   RO         1931    i.USART_SendData    stm32f4xx_usart.o
    0x08001d70   0x08001d70   0x00000026   Code   RO         6035    i.__ARM_fpclassifyf  m_wm.l(fpclassifyf.o)
    0x08001d96   0x08001d96   0x00000002   PAD
    0x08001d98   0x08001d98   0x00000118   Code   RO         5900    i.__hardfp_acosf    m_wm.l(acosf.o)
    0x08001eb0   0x08001eb0   0x00000250   Code   RO         5912    i.__hardfp_atan2f   m_wm.l(atan2f.o)
    0x08002100   0x08002100   0x00000150   Code   RO         5924    i.__hardfp_cosf     m_wm.l(cosf.o)
    0x08002250   0x08002250   0x00000164   Code   RO         5936    i.__hardfp_log2f    m_wm.l(log2f.o)
    0x080023b4   0x080023b4   0x00000048   Code   RO         5992    i.__hardfp_lrintf   m_wm.l(lrintf.o)
    0x080023fc   0x080023fc   0x00000664   Code   RO         5950    i.__hardfp_powf     m_wm.l(powf.o)
    0x08002a60   0x08002a60   0x000000e0   Code   RO         5964    i.__hardfp_round    m_wm.l(round.o)
    0x08002b40   0x08002b40   0x00000190   Code   RO         5968    i.__hardfp_sinf     m_wm.l(sinf.o)
    0x08002cd0   0x08002cd0   0x0000003a   Code   RO         5980    i.__hardfp_sqrtf    m_wm.l(sqrtf.o)
    0x08002d0a   0x08002d0a   0x00000002   PAD
    0x08002d0c   0x08002d0c   0x00000014   Code   RO         6037    i.__mathlib_flt_divzero  m_wm.l(funder.o)
    0x08002d20   0x08002d20   0x00000006   Code   RO         6038    i.__mathlib_flt_infnan  m_wm.l(funder.o)
    0x08002d26   0x08002d26   0x00000006   Code   RO         6039    i.__mathlib_flt_infnan2  m_wm.l(funder.o)
    0x08002d2c   0x08002d2c   0x00000010   Code   RO         6040    i.__mathlib_flt_invalid  m_wm.l(funder.o)
    0x08002d3c   0x08002d3c   0x00000010   Code   RO         6041    i.__mathlib_flt_overflow  m_wm.l(funder.o)
    0x08002d4c   0x08002d4c   0x00000010   Code   RO         6043    i.__mathlib_flt_underflow  m_wm.l(funder.o)
    0x08002d5c   0x08002d5c   0x00000154   Code   RO         6051    i.__mathlib_rredf2  m_wm.l(rredf.o)
    0x08002eb0   0x08002eb0   0x0000005c   Code   RO         5011    i.accDetect         acceleration.o
    0x08002f0c   0x08002f0c   0x00000090   Code   RO         5012    i.accInit           acceleration.o
    0x08002f9c   0x08002f9c   0x0000000c   Code   RO         5013    i.accSetCalibrationCycles  acceleration.o
    0x08002fa8   0x08002fa8   0x000000a8   Code   RO         5014    i.accUpdate         acceleration.o
    0x08003050   0x08003050   0x00000030   Code   RO         4333    i.activateConfig    config.o
    0x08003080   0x08003080   0x00000024   Code   RO         4499    i.activateMotors    fc_tasks.o
    0x080030a4   0x080030a4   0x0000009c   Code   RO         5228    i.alignBoard        boardalignment.o
    0x08003140   0x08003140   0x0000006c   Code   RO         5229    i.alignSensors      boardalignment.o
    0x080031ac   0x080031ac   0x00000040   Code   RO         2528    i.beeperInit        sound_beeper.o
    0x080031ec   0x080031ec   0x00000042   Code   RO         5375    i.biquadFilterApply  filter.o
    0x0800322e   0x0800322e   0x00000002   PAD
    0x08003230   0x08003230   0x000000f0   Code   RO         5376    i.biquadFilterInit  filter.o
    0x08003320   0x08003320   0x00000034   Code   RO         5377    i.biquadFilterInitLPF  filter.o
    0x08003354   0x08003354   0x0000002c   Code   RO         3521    i.bluetoothSerial6Init  bluetoothserial6.o
    0x08003380   0x08003380   0x00000060   Code   RO         4500    i.buttonModeSwitchHandler  fc_tasks.o
    0x080033e0   0x080033e0   0x00000018   Code   RO         4764    i.calculateAccZLowPassFilterRCTimeConstant  imu.o
    0x080033f8   0x080033f8   0x00000024   Code   RO         4765    i.calculateThrottleAngleScale  imu.o
    0x0800341c   0x0800341c   0x00000004   Code   RO         4338    i.checkEEPROMContainsValidData  config.o
    0x08003420   0x08003420   0x0000002c   Code   RO         3985    i.configTimeBase4Encoder  timer.o
    0x0800344c   0x0800344c   0x00000010   Code   RO         4339    i.constrain         config.o
    0x0800345c   0x0800345c   0x00000010   Code   RO         5438    i.cosApprox         maths.o
    0x0800346c   0x0800346c   0x000001ec   Code   RO         4340    i.createDefaultConfig  config.o
    0x08003658   0x08003658   0x00000158   Code   RO         3324    i.dcBrushedMotorInit  pwm_output.o
    0x080037b0   0x080037b0   0x0000004c   Code   RO         4501    i.deactivateMotors  fc_tasks.o
    0x080037fc   0x080037fc   0x00000018   Code   RO         5439    i.degreesToRadians  maths.o
    0x08003814   0x08003814   0x00000016   Code   RO         2457    i.delay             system.o
    0x0800382a   0x0800382a   0x00000002   PAD
    0x0800382c   0x0800382c   0x00000018   Code   RO         2458    i.delayMicroseconds  system.o
    0x08003844   0x08003844   0x00000006   Code   RO         5440    i.devClear          maths.o
    0x0800384a   0x0800384a   0x00000002   PAD
    0x0800384c   0x0800384c   0x00000058   Code   RO         5441    i.devPush           maths.o
    0x080038a4   0x080038a4   0x0000000e   Code   RO         5442    i.devStandardDeviation  maths.o
    0x080038b2   0x080038b2   0x00000002   PAD
    0x080038b4   0x080038b4   0x00000024   Code   RO         5443    i.devVariance       maths.o
    0x080038d8   0x080038d8   0x000000b0   Code   RO         4502    i.fcTasksInit       fc_tasks.o
    0x08003988   0x08003988   0x00000014   Code   RO         4929    i.feature           feature.o
    0x0800399c   0x0800399c   0x00000010   Code   RO         4930    i.featureClear      feature.o
    0x080039ac   0x080039ac   0x00000014   Code   RO         4932    i.featureConfigured  feature.o
    0x080039c0   0x080039c0   0x00000010   Code   RO         4934    i.featureSet        feature.o
    0x080039d0   0x080039d0   0x00000058   Code   RO         5378    i.filterGetNotchQ   filter.o
    0x08003a28   0x08003a28   0x00000028   Code   RO         3645    i.findNextSerialPortConfig  serial.o
    0x08003a50   0x08003a50   0x00000010   Code   RO         3646    i.findSerialPortConfig  serial.o
    0x08003a60   0x08003a60   0x0000001c   Code   RO         3647    i.findSerialPortIndexByIdentifier  serial.o
    0x08003a7c   0x08003a7c   0x00000028   Code   RO         3648    i.findSerialPortUsageByIdentifier  serial.o
    0x08003aa4   0x08003aa4   0x0000000e   Code   RO         2103    i.fputc             main.o
    0x08003ab2   0x08003ab2   0x00000002   PAD
    0x08003ab4   0x08003ab4   0x00000024   Code   RO         5104    i.gyroCalculateCalibratingCycles  gyro.o
    0x08003ad8   0x08003ad8   0x00000088   Code   RO         5105    i.gyroInit          gyro.o
    0x08003b60   0x08003b60   0x00000188   Code   RO         5106    i.gyroInitFilters   gyro.o
    0x08003ce8   0x08003ce8   0x00000006   Code   RO         2941    i.gyroMPU6xxxGetDividerDrops  gyro_sync.o
    0x08003cee   0x08003cee   0x00000002   PAD
    0x08003cf0   0x08003cf0   0x00000010   Code   RO         5107    i.gyroSetCalibrationCycles  gyro.o
    0x08003d00   0x08003d00   0x00000054   Code   RO         2942    i.gyroSetSampleRate  gyro_sync.o
    0x08003d54   0x08003d54   0x00000154   Code   RO         5108    i.gyroUpdate        gyro.o
    0x08003ea8   0x08003ea8   0x00000028   Code   RO         4191    i.hcsr04_extiHandler_ultrasound1  ultrasound_hcsr04.o
    0x08003ed0   0x08003ed0   0x00000028   Code   RO         4192    i.hcsr04_extiHandler_ultrasound2  ultrasound_hcsr04.o
    0x08003ef8   0x08003ef8   0x00000028   Code   RO         4193    i.hcsr04_extiHandler_ultrasound3  ultrasound_hcsr04.o
    0x08003f20   0x08003f20   0x00000028   Code   RO         4194    i.hcsr04_extiHandler_ultrasound4  ultrasound_hcsr04.o
    0x08003f48   0x08003f48   0x00000028   Code   RO         4195    i.hcsr04_extiHandler_ultrasound5  ultrasound_hcsr04.o
    0x08003f70   0x08003f70   0x00000028   Code   RO         4196    i.hcsr04_extiHandler_ultrasound6  ultrasound_hcsr04.o
    0x08003f98   0x08003f98   0x00000248   Code   RO         4197    i.hcsr04_init       ultrasound_hcsr04.o
    0x080041e0   0x080041e0   0x00000010   Code   RO         4198    i.hcsr04_ultrasound1_get_distance  ultrasound_hcsr04.o
    0x080041f0   0x080041f0   0x00000030   Code   RO         4199    i.hcsr04_ultrasound1_start_sequence  ultrasound_hcsr04.o
    0x08004220   0x08004220   0x00000010   Code   RO         4200    i.hcsr04_ultrasound2_get_distance  ultrasound_hcsr04.o
    0x08004230   0x08004230   0x00000030   Code   RO         4201    i.hcsr04_ultrasound2_start_sequence  ultrasound_hcsr04.o
    0x08004260   0x08004260   0x00000010   Code   RO         4202    i.hcsr04_ultrasound3_get_distance  ultrasound_hcsr04.o
    0x08004270   0x08004270   0x00000034   Code   RO         4203    i.hcsr04_ultrasound3_start_sequence  ultrasound_hcsr04.o
    0x080042a4   0x080042a4   0x00000010   Code   RO         4204    i.hcsr04_ultrasound4_get_distance  ultrasound_hcsr04.o
    0x080042b4   0x080042b4   0x00000034   Code   RO         4205    i.hcsr04_ultrasound4_start_sequence  ultrasound_hcsr04.o
    0x080042e8   0x080042e8   0x00000010   Code   RO         4206    i.hcsr04_ultrasound5_get_distance  ultrasound_hcsr04.o
    0x080042f8   0x080042f8   0x00000034   Code   RO         4207    i.hcsr04_ultrasound5_start_sequence  ultrasound_hcsr04.o
    0x0800432c   0x0800432c   0x00000010   Code   RO         4208    i.hcsr04_ultrasound6_get_distance  ultrasound_hcsr04.o
    0x0800433c   0x0800433c   0x00000034   Code   RO         4209    i.hcsr04_ultrasound6_start_sequence  ultrasound_hcsr04.o
    0x08004370   0x08004370   0x000000d8   Code   RO         4766    i.imuCalculateEstimatedAttitude  imu.o
    0x08004448   0x08004448   0x000000bc   Code   RO         4767    i.imuComputeRotationMatrix  imu.o
    0x08004504   0x08004504   0x0000005c   Code   RO         4768    i.imuConfigure      imu.o
    0x08004560   0x08004560   0x00000050   Code   RO         4769    i.imuInit           imu.o
    0x080045b0   0x080045b0   0x000002b4   Code   RO         4770    i.imuMahonyAHRSUpdate  imu.o
    0x08004864   0x08004864   0x000000a0   Code   RO         4771    i.imuUpdateEulerAngles  imu.o
    0x08004904   0x08004904   0x00000002   Code   RO         4873    i.initEEPROM        config_eeprom.o
    0x08004906   0x08004906   0x00000006   Code   RO         4936    i.intFeatureClearAll  feature.o
    0x0800490c   0x0800490c   0x00000008   Code   RO         4937    i.intFeatureSet     feature.o
    0x08004914   0x08004914   0x00000014   Code   RO         4772    i.invSqrt           imu.o
    0x08004928   0x08004928   0x00000014   Code   RO         5015    i.isAccelerationCalibrationComplete  acceleration.o
    0x0800493c   0x0800493c   0x00000014   Code   RO         5109    i.isGyroCalibrationComplete  gyro.o
    0x08004950   0x08004950   0x00000010   Code   RO         5110    i.isOnFinalGyroCalibrationCycle  gyro.o
    0x08004960   0x08004960   0x0000001a   Code   RO         3734    i.isUartTransmitBufferEmpty  serial_uart.o
    0x0800497a   0x0800497a   0x00000002   PAD
    0x0800497c   0x0800497c   0x00000014   Code   RO         4938    i.latchActiveFeatures  feature.o
    0x08004990   0x08004990   0x00000064   Code   RO         4503    i.layDownSBWMR      fc_tasks.o
    0x080049f4   0x080049f4   0x000000a8   Code   RO         4504    i.liftUpSBWMR       fc_tasks.o
    0x08004a9c   0x08004a9c   0x0000002a   Code   RO         4505    i.limitMotorPwm     fc_tasks.o
    0x08004ac6   0x08004ac6   0x00000002   PAD
    0x08004ac8   0x08004ac8   0x000000fc   Code   RO         2104    i.main              main.o
    0x08004bc4   0x08004bc4   0x00000054   Code   RO         2459    i.micros            system.o
    0x08004c18   0x08004c18   0x0000004c   Code   RO         2460    i.microsISR         system.o
    0x08004c64   0x08004c64   0x0000000c   Code   RO         2461    i.millis            system.o
    0x08004c70   0x08004c70   0x00000024   Code   RO         2575    i.modeSwitchBtnPollInit  button.o
    0x08004c94   0x08004c94   0x000000a0   Code   RO         2839    i.mpu9250AccAndGyroInit  accgyro_spi_mpu9250.o
    0x08004d34   0x08004d34   0x00000040   Code   RO         2840    i.mpu9250ReadRegister  accgyro_spi_mpu9250.o
    0x08004d74   0x08004d74   0x00000014   Code   RO         2841    i.mpu9250ResetGyro  accgyro_spi_mpu9250.o
    0x08004d88   0x08004d88   0x0000004c   Code   RO         2842    i.mpu9250SlowReadRegister  accgyro_spi_mpu9250.o
    0x08004dd4   0x08004dd4   0x00000028   Code   RO         2843    i.mpu9250SpiAccDetect  accgyro_spi_mpu9250.o
    0x08004dfc   0x08004dfc   0x00000008   Code   RO         2844    i.mpu9250SpiAccInit  accgyro_spi_mpu9250.o
    0x08004e04   0x08004e04   0x00000074   Code   RO         2845    i.mpu9250SpiDetect  accgyro_spi_mpu9250.o
    0x08004e78   0x08004e78   0x0000003c   Code   RO         2846    i.mpu9250SpiGyroDetect  accgyro_spi_mpu9250.o
    0x08004eb4   0x08004eb4   0x00000050   Code   RO         2847    i.mpu9250SpiGyroInit  accgyro_spi_mpu9250.o
    0x08004f04   0x08004f04   0x00000040   Code   RO         2848    i.mpu9250WriteRegister  accgyro_spi_mpu9250.o
    0x08004f44   0x08004f44   0x0000002e   Code   RO         2759    i.mpuAccRead        accgyro_mpu.o
    0x08004f72   0x08004f72   0x00000012   Code   RO         2760    i.mpuCheckDataReady  accgyro_mpu.o
    0x08004f84   0x08004f84   0x00000050   Code   RO         2761    i.mpuDetect         accgyro_mpu.o
    0x08004fd4   0x08004fd4   0x0000004c   Code   RO         2762    i.mpuGyroInit       accgyro_mpu.o
    0x08005020   0x08005020   0x00000030   Code   RO         2763    i.mpuGyroRead       accgyro_mpu.o
    0x08005050   0x08005050   0x00000012   Code   RO         2764    i.mpuIntExtiHandler  accgyro_mpu.o
    0x08005062   0x08005062   0x00000020   Code   RO         2765    i.mpuTemperatureRead  accgyro_mpu.o
    0x08005082   0x08005082   0x00000002   Code   RO         5379    i.nullFilterApply   filter.o
    0x08005084   0x08005084   0x0000018c   Code   RO         3217    i.oledInit          oled.o
    0x08005210   0x08005210   0x00000016   Code   RO         3218    i.oled_pow          oled.o
    0x08005226   0x08005226   0x00000002   PAD
    0x08005228   0x08005228   0x0000006c   Code   RO         3650    i.openSerialPort    serial.o
    0x08005294   0x08005294   0x00000088   Code   RO         5016    i.performAccelerationCalibration  acceleration.o
    0x0800531c   0x0800531c   0x000000d4   Code   RO         5111    i.performGyroCalibration  gyro.o
    0x080053f0   0x080053f0   0x00000016   Code   RO         5380    i.pt1FilterApply    filter.o
    0x08005406   0x08005406   0x00000002   PAD
    0x08005408   0x08005408   0x00000034   Code   RO         5382    i.pt1FilterInit     filter.o
    0x0800543c   0x0800543c   0x0000004c   Code   RO         3371    i.pwmEncoderICConfig  rx_pwm.o
    0x08005488   0x08005488   0x0000006c   Code   RO         3372    i.pwmEncoderInit    rx_pwm.o
    0x080054f4   0x080054f4   0x00000014   Code   RO         3325    i.pwmWriteDcBrushedMotor  pwm_output.o
    0x08005508   0x08005508   0x00000060   Code   RO         5727    i.queueAdd          scheduler.o
    0x08005568   0x08005568   0x0000001c   Code   RO         5728    i.queueClear        scheduler.o
    0x08005584   0x08005584   0x0000002c   Code   RO         5729    i.queueContains     scheduler.o
    0x080055b0   0x080055b0   0x00000014   Code   RO         5730    i.queueFirst        scheduler.o
    0x080055c4   0x080055c4   0x00000018   Code   RO         5731    i.queueNext         scheduler.o
    0x080055dc   0x080055dc   0x00000040   Code   RO         5732    i.queueRemove       scheduler.o
    0x0800561c   0x0800561c   0x00000074   Code   RO         5447    i.quickMedianFilter5  maths.o
    0x08005690   0x08005690   0x0000001c   Code   RO         4875    i.readEEPROM        config_eeprom.o
    0x080056ac   0x080056ac   0x00000034   Code   RO         5733    i.rescheduleTask    scheduler.o
    0x080056e0   0x080056e0   0x00000018   Code   RO         4343    i.resetEEPROM       config.o
    0x080056f8   0x080056f8   0x0000002c   Code   RO         3607    i.rxSerial3TestInit  rxserial3test.o
    0x08005724   0x08005724   0x00000010   Code   RO         3609    i.rxSerial3TestWrite  rxserial3test.o
    0x08005734   0x08005734   0x00000170   Code   RO         5734    i.scheduler         scheduler.o
    0x080058a4   0x080058a4   0x00000020   Code   RO         5735    i.schedulerInit     scheduler.o
    0x080058c4   0x080058c4   0x00000010   Code   RO         4666    i.sensorSet         runtime_config.o
    0x080058d4   0x080058d4   0x00000014   Code   RO         4667    i.sensors           runtime_config.o
    0x080058e8   0x080058e8   0x00000054   Code   RO         5184    i.sensorsAutodetect  initialisation.o
    0x0800593c   0x0800593c   0x00000034   Code   RO         3651    i.serialInit        serial.o
    0x08005970   0x08005970   0x00000110   Code   RO         3823    i.serialUART        serial_uart_stm32f4xx.o
    0x08005a80   0x08005a80   0x0000000c   Code   RO         3824    i.serialUART1       serial_uart_stm32f4xx.o
    0x08005a8c   0x08005a8c   0x0000000c   Code   RO         3825    i.serialUART3       serial_uart_stm32f4xx.o
    0x08005a98   0x08005a98   0x0000000c   Code   RO         3826    i.serialUART6       serial_uart_stm32f4xx.o
    0x08005aa4   0x08005aa4   0x00000006   Code   RO         3654    i.serialWrite       serial.o
    0x08005aaa   0x08005aaa   0x00000002   PAD
    0x08005aac   0x08005aac   0x00000044   Code   RO         5017    i.setAccelerationFilter  acceleration.o
    0x08005af0   0x08005af0   0x0000000c   Code   RO         5018    i.setAccelerationTrims  acceleration.o
    0x08005afc   0x08005afc   0x00000034   Code   RO         4346    i.setProfile        config.o
    0x08005b30   0x08005b30   0x00000034   Code   RO         5736    i.setTaskEnabled    scheduler.o
    0x08005b64   0x08005b64   0x000000b4   Code   RO         5454    i.sinApprox         maths.o
    0x08005c18   0x08005c18   0x00000030   Code   RO         3896    i.spiDeviceByInstance  bus_spi.o
    0x08005c48   0x08005c48   0x0000001c   Code   RO         3897    i.spiGetErrorCounter  bus_spi.o
    0x08005c64   0x08005c64   0x0000001a   Code   RO         3898    i.spiInit           bus_spi.o
    0x08005c7e   0x08005c7e   0x00000002   PAD
    0x08005c80   0x08005c80   0x00000118   Code   RO         3899    i.spiInitDevice     bus_spi.o
    0x08005d98   0x08005d98   0x0000001c   Code   RO         3901    i.spiResetErrorCounter  bus_spi.o
    0x08005db4   0x08005db4   0x0000008a   Code   RO         3902    i.spiSetDivisor     bus_spi.o
    0x08005e3e   0x08005e3e   0x00000002   PAD
    0x08005e40   0x08005e40   0x00000024   Code   RO         3903    i.spiTimeoutUserCallback  bus_spi.o
    0x08005e64   0x08005e64   0x000000c8   Code   RO         3904    i.spiTransfer       bus_spi.o
    0x08005f2c   0x08005f2c   0x00000052   Code   RO         3905    i.spiTransferByte   bus_spi.o
    0x08005f7e   0x08005f7e   0x0000003e   Code   RO         5982    i.sqrtf             m_wm.l(sqrtf.o)
    0x08005fbc   0x08005fbc   0x00000018   Code   RO         2529    i.systemBeep        sound_beeper.o
    0x08005fd4   0x08005fd4   0x00000050   Code   RO         2106    i.systemInit        main.o
    0x08006024   0x08006024   0x0000013a   Code   RO         4347    i.targetConfiguration  config.o
    0x0800615e   0x0800615e   0x00000002   PAD
    0x08006160   0x08006160   0x0000002c   Code   RO         4773    i.taskIMUUpdateAttitude  imu.o
    0x0800618c   0x0800618c   0x00000118   Code   RO         4506    i.taskMotorEncoder  fc_tasks.o
    0x080062a4   0x080062a4   0x00000250   Code   RO         4507    i.taskOLEDDisplay   fc_tasks.o
    0x080064f4   0x080064f4   0x00000020   Code   RO         5737    i.taskSystem        scheduler.o
    0x08006514   0x08006514   0x00000010   Code   RO         4508    i.taskUltrasound1ReadData  fc_tasks.o
    0x08006524   0x08006524   0x00000010   Code   RO         4509    i.taskUltrasound2ReadData  fc_tasks.o
    0x08006534   0x08006534   0x00000010   Code   RO         4510    i.taskUltrasound3ReadData  fc_tasks.o
    0x08006544   0x08006544   0x00000010   Code   RO         4511    i.taskUltrasound4ReadData  fc_tasks.o
    0x08006554   0x08006554   0x00000010   Code   RO         4512    i.taskUltrasound5ReadData  fc_tasks.o
    0x08006564   0x08006564   0x00000010   Code   RO         4513    i.taskUltrasound6ReadData  fc_tasks.o
    0x08006574   0x08006574   0x0000000c   Code   RO         4514    i.taskUpdateAccelerometer  fc_tasks.o
    0x08006580   0x08006580   0x00000004   Code   RO         4515    i.taskUpdateGyro    fc_tasks.o
    0x08006584   0x08006584   0x0000007a   Code   RO         3991    i.timCCxHandler     timer.o
    0x080065fe   0x080065fe   0x0000000a   Code   RO         3993    i.timerChCCR        timer.o
    0x08006608   0x08006608   0x0000003c   Code   RO         3999    i.timerGetByTag     timer.o
    0x08006644   0x08006644   0x00000084   Code   RO         4000    i.timerInit         timer.o
    0x080066c8   0x080066c8   0x00000028   Code   RO         4003    i.timerOCInit       timer.o
    0x080066f0   0x080066f0   0x00000028   Code   RO         4004    i.timerOCPreloadConfig  timer.o
    0x08006718   0x08006718   0x00000024   Code   RO         4005    i.timerRCC          timer.o
    0x0800673c   0x0800673c   0x000000dc   Code   RO         3827    i.uartIrqHandler    serial_uart_stm32f4xx.o
    0x08006818   0x08006818   0x00000174   Code   RO         3735    i.uartOpen          serial_uart.o
    0x0800698c   0x0800698c   0x0000002c   Code   RO         3736    i.uartRead          serial_uart.o
    0x080069b8   0x080069b8   0x0000008c   Code   RO         3737    i.uartReconfigure   serial_uart.o
    0x08006a44   0x08006a44   0x00000006   Code   RO         3738    i.uartSetBaudRate   serial_uart.o
    0x08006a4a   0x08006a4a   0x00000006   Code   RO         3739    i.uartSetMode       serial_uart.o
    0x08006a50   0x08006a50   0x0000004a   Code   RO         3740    i.uartStartTxDMA    serial_uart.o
    0x08006a9a   0x08006a9a   0x00000018   Code   RO         3741    i.uartTotalRxBytesWaiting  serial_uart.o
    0x08006ab2   0x08006ab2   0x00000026   Code   RO         3742    i.uartTotalTxBytesFree  serial_uart.o
    0x08006ad8   0x08006ad8   0x00000030   Code   RO         3743    i.uartWrite         serial_uart.o
    0x08006b08   0x08006b08   0x0000004c   Code   RO         5275    i.ultrasound1Read   ultrasound.o
    0x08006b54   0x08006b54   0x00000004   Code   RO         5276    i.ultrasound1Update  ultrasound.o
    0x08006b58   0x08006b58   0x0000004c   Code   RO         5277    i.ultrasound2Read   ultrasound.o
    0x08006ba4   0x08006ba4   0x00000004   Code   RO         5278    i.ultrasound2Update  ultrasound.o
    0x08006ba8   0x08006ba8   0x0000004c   Code   RO         5279    i.ultrasound3Read   ultrasound.o
    0x08006bf4   0x08006bf4   0x00000004   Code   RO         5280    i.ultrasound3Update  ultrasound.o
    0x08006bf8   0x08006bf8   0x0000004c   Code   RO         5281    i.ultrasound4Read   ultrasound.o
    0x08006c44   0x08006c44   0x00000004   Code   RO         5282    i.ultrasound4Update  ultrasound.o
    0x08006c48   0x08006c48   0x0000004c   Code   RO         5283    i.ultrasound5Read   ultrasound.o
    0x08006c94   0x08006c94   0x00000004   Code   RO         5284    i.ultrasound5Update  ultrasound.o
    0x08006c98   0x08006c98   0x0000004c   Code   RO         5285    i.ultrasound6Read   ultrasound.o
    0x08006ce4   0x08006ce4   0x00000004   Code   RO         5286    i.ultrasound6Update  ultrasound.o
    0x08006ce8   0x08006ce8   0x0000001c   Code   RO         5287    i.ultrasoundInit    ultrasound.o
    0x08006d04   0x08006d04   0x00000090   Code   RO         4516    i.updateMotorPwm    fc_tasks.o
    0x08006d94   0x08006d94   0x00000054   Code   RO         4348    i.validateAndFixConfig  config.o
    0x08006de8   0x08006de8   0x000000c8   Code   RO         4349    i.validateAndFixGyroConfig  config.o
    0x08006eb0   0x08006eb0   0x00000160   Code   RO         4517    i.velocityControlSBWMR  fc_tasks.o
    0x08007010   0x08007010   0x00000040   Code   RO         2849    i.verifyMPU9250WriteRegister  accgyro_spi_mpu9250.o
    0x08007050   0x08007050   0x0000013c   Code   RO         4518    i.yawControlSBWMR   fc_tasks.o
    0x0800718c   0x0800718c   0x00000062   Code   RO         5874    x$fpl$d2f           fz_wm.l(d2f.o)
    0x080071ee   0x080071ee   0x00000002   PAD
    0x080071f0   0x080071f0   0x00000150   Code   RO         5876    x$fpl$dadd          fz_wm.l(daddsub_clz.o)
    0x08007340   0x08007340   0x00000018   Code   RO         6082    x$fpl$dcmpinf       fz_wm.l(dcmpi.o)
    0x08007358   0x08007358   0x000002b0   Code   RO         5883    x$fpl$ddiv          fz_wm.l(ddiv.o)
    0x08007608   0x08007608   0x0000005e   Code   RO         5886    x$fpl$dfix          fz_wm.l(dfix.o)
    0x08007666   0x08007666   0x0000002e   Code   RO         5891    x$fpl$dflt          fz_wm.l(dflt_clz.o)
    0x08007694   0x08007694   0x00000078   Code   RO         6012    x$fpl$dleqf         fz_wm.l(dleqf.o)
    0x0800770c   0x0800770c   0x00000154   Code   RO         5896    x$fpl$dmul          fz_wm.l(dmul.o)
    0x08007860   0x08007860   0x0000009c   Code   RO         6014    x$fpl$dnaninf       fz_wm.l(dnaninf.o)
    0x080078fc   0x080078fc   0x0000000c   Code   RO         6016    x$fpl$dretinf       fz_wm.l(dretinf.o)
    0x08007908   0x08007908   0x0000006c   Code   RO         6018    x$fpl$drleqf        fz_wm.l(drleqf.o)
    0x08007974   0x08007974   0x000000b4   Code   RO         6020    x$fpl$drnd          fz_wm.l(drnd.o)
    0x08007a28   0x08007a28   0x000001d4   Code   RO         5878    x$fpl$dsub          fz_wm.l(daddsub_clz.o)
    0x08007bfc   0x08007bfc   0x00000056   Code   RO         5898    x$fpl$f2d           fz_wm.l(f2d.o)
    0x08007c52   0x08007c52   0x0000000e   Code   RO         6023    x$fpl$ffixr         fz_wm.l(ffix.o)
    0x08007c60   0x08007c60   0x0000008c   Code   RO         6026    x$fpl$fnaninf       fz_wm.l(fnaninf.o)
    0x08007cec   0x08007cec   0x0000000a   Code   RO         6165    x$fpl$fpinit        fz_wm.l(fpinit.o)
    0x08007cf6   0x08007cf6   0x0000000a   Code   RO         6028    x$fpl$fretinf       fz_wm.l(fretinf.o)
    0x08007d00   0x08007d00   0x00000060   Code   RO         6030    x$fpl$frnd          fz_wm.l(frnd.o)
    0x08007d60   0x08007d60   0x00000000   Code   RO         6034    x$fpl$usenofp       fz_wm.l(usenofp.o)
    0x08007d60   0x08007d60   0x000000a8   Data   RO         2427    .constdata          target.o
    0x08007e08   0x08007e08   0x00000017   Data   RO         2657    .constdata          exti.o
    0x08007e1f   0x08007e1f   0x00000001   PAD
    0x08007e20   0x08007e20   0x00000016   Data   RO         2998    .constdata          io.o
    0x08007e36   0x08007e36   0x00000a64   Data   RO         3220    .constdata          oled.o
    0x0800889a   0x0800889a   0x00000003   Data   RO         3656    .constdata          serial.o
    0x0800889d   0x0800889d   0x00000003   PAD
    0x080088a0   0x080088a0   0x00000028   Data   RO         3744    .constdata          serial_uart.o
    0x080088c8   0x080088c8   0x0000001a   Data   RO         3906    .constdata          bus_spi.o
    0x080088e2   0x080088e2   0x00000002   PAD
    0x080088e4   0x080088e4   0x00000070   Data   RO         4161    .constdata          timer_stm32f4xx.o
    0x08008954   0x08008954   0x00000001   Data   RO         5113    .constdata          gyro.o
    0x08008955   0x08008955   0x00000003   PAD
    0x08008958   0x08008958   0x00000040   Data   RO         5939    .constdata          m_wm.l(log2f.o)
    0x08008998   0x08008998   0x00000140   Data   RO         5953    .constdata          m_wm.l(powf.o)
    0x08008ad8   0x08008ad8   0x00000020   Data   RO         6052    .constdata          m_wm.l(rredf.o)
    0x08008af8   0x08008af8   0x00000149   Data   RO         4519    .conststring        fc_tasks.o
    0x08008c41   0x08008c41   0x00000003   PAD
    0x08008c44   0x08008c44   0x00000020   Data   RO         6233    Region$$Table       anon$$obj.o


    Execution Region RW_IRAM1 (Exec base: 0x20000000, Load base: 0x08008c64, Size: 0x00002b70, Max: 0x00020000, ABSOLUTE, COMPRESSED[0x00000148])

    Exec Addr    Load Addr    Size         Type   Attr      Idx    E Section Name        Object

    0x20000000   COMPRESSED   0x00000010   Data   RW          846    .data               stm32f4xx_rcc.o
    0x20000010   COMPRESSED   0x00000001   Data   RW         2107    .data               main.o
    0x20000011   COMPRESSED   0x00000003   PAD
    0x20000014   COMPRESSED   0x00000004   Data   RW         2108    .data               main.o
    0x20000018   COMPRESSED   0x00000014   Data   RW         2388    .data               system_stm32f4xx.o
    0x2000002c   COMPRESSED   0x0000000c   Data   RW         2463    .data               system.o
    0x20000038   COMPRESSED   0x00000008   Data   RW         2531    .data               sound_beeper.o
    0x20000040   COMPRESSED   0x0000000c   Data   RW         2580    .data               button.o
    0x2000004c   COMPRESSED   0x00000007   Data   RW         2658    .data               exti.o
    0x20000053   COMPRESSED   0x00000001   PAD
    0x20000054   COMPRESSED   0x00000004   Data   RW         2766    .data               accgyro_mpu.o
    0x20000058   COMPRESSED   0x00000008   Data   RW         2850    .data               accgyro_spi_mpu9250.o
    0x20000060   COMPRESSED   0x00000001   Data   RW         3140    .data               led.o
    0x20000061   COMPRESSED   0x00000003   PAD
    0x20000064   COMPRESSED   0x00000010   Data   RW         3221    .data               oled.o
    0x20000074   COMPRESSED   0x00000010   Data   RW         3328    .data               pwm_output.o
    0x20000084   COMPRESSED   0x0000000c   Data   RW         3380    .data               rx_pwm.o
    0x20000090   COMPRESSED   0x00000004   Data   RW         3525    .data               bluetoothserial6.o
    0x20000094   COMPRESSED   0x00000004   Data   RW         3610    .data               rxserial3test.o
    0x20000098   COMPRESSED   0x00000008   Data   RW         3658    .data               serial.o
    0x200000a0   COMPRESSED   0x0000047c   Data   RW         3828    .data               serial_uart_stm32f4xx.o
    0x2000051c   COMPRESSED   0x0000047c   Data   RW         3829    .data               serial_uart_stm32f4xx.o
    0x20000998   COMPRESSED   0x0000047c   Data   RW         3830    .data               serial_uart_stm32f4xx.o
    0x20000e14   COMPRESSED   0x0000001c   Data   RW         3831    .data               serial_uart_stm32f4xx.o
    0x20000e30   COMPRESSED   0x00000010   Data   RW         3907    .data               bus_spi.o
    0x20000e40   COMPRESSED   0x00000090   Data   RW         4210    .data               ultrasound_hcsr04.o
    0x20000ed0   COMPRESSED   0x0000000c   Data   RW         4351    .data               config.o
    0x20000edc   COMPRESSED   0x00000094   Data   RW         4520    .data               fc_tasks.o
    0x20000f70   COMPRESSED   0x00000444   Data   RW         4521    .data               fc_tasks.o
    0x200013b4   COMPRESSED   0x00000001   Data   RW         4669    .data               runtime_config.o
    0x200013b5   COMPRESSED   0x00000003   PAD
    0x200013b8   COMPRESSED   0x00000008   Data   RW         4670    .data               runtime_config.o
    0x200013c0   COMPRESSED   0x00000001   Data   RW         4671    .data               runtime_config.o
    0x200013c1   COMPRESSED   0x00000003   PAD
    0x200013c4   COMPRESSED   0x0000003e   Data   RW         4775    .data               imu.o
    0x20001402   COMPRESSED   0x00000002   PAD
    0x20001404   COMPRESSED   0x00000004   Data   RW         4939    .data               feature.o
    0x20001408   COMPRESSED   0x00000008   Data   RW         5020    .data               acceleration.o
    0x20001410   COMPRESSED   0x00000018   Data   RW         5114    .data               gyro.o
    0x20001428   COMPRESSED   0x00000004   Data   RW         5185    .data               initialisation.o
    0x2000142c   COMPRESSED   0x00000001   Data   RW         5232    .data               boardalignment.o
    0x2000142d   COMPRESSED   0x00000003   PAD
    0x20001430   COMPRESSED   0x00000020   Data   RW         5289    .data               ultrasound.o
    0x20001450   COMPRESSED   0x00000024   Data   RW         5739    .data               scheduler.o
    0x20001474        -       0x00000010   Zero   RW         2462    .bss                system.o
    0x20001484        -       0x00000040   Zero   RW         2656    .bss                exti.o
    0x200014c4        -       0x00000280   Zero   RW         2997    .bss                io.o
    0x20001744        -       0x00000010   Zero   RW         3139    .bss                led.o
    0x20001754        -       0x00000400   Zero   RW         3219    .bss                oled.o
    0x20001b54        -       0x00000028   Zero   RW         3326    .bss                pwm_output.o
    0x20001b7c        -       0x00000024   Zero   RW         3655    .bss                serial.o
    0x20001ba0        -       0x000001d1   Zero   RW         4006    .bss                timer.o
    0x20001d71   COMPRESSED   0x00000003   PAD
    0x20001d74        -       0x000003b4   Zero   RW         4350    .bss                config.o
    0x20002128        -       0x00000030   Zero   RW         4774    .bss                imu.o
    0x20002158        -       0x000000a0   Zero   RW         5019    .bss                acceleration.o
    0x200021f8        -       0x00000208   Zero   RW         5112    .bss                gyro.o
    0x20002400        -       0x00000024   Zero   RW         5231    .bss                boardalignment.o
    0x20002424        -       0x0000001c   Zero   RW         5257    .bss                compass.o
    0x20002440        -       0x00000078   Zero   RW         5288    .bss                ultrasound.o
    0x200024b8        -       0x00000058   Zero   RW         5738    .bss                scheduler.o
    0x20002510        -       0x00000060   Zero   RW         6085    .bss                c_w.l(libspace.o)
    0x20002570        -       0x00000200   Zero   RW            2    HEAP                startup_stm32f407xx.o
    0x20002770        -       0x00000400   Zero   RW            1    STACK               startup_stm32f407xx.o


==============================================================================

Image component sizes


      Code (inc. data)   RO Data    RW Data    ZI Data      Debug   Object Name

       660         70          0          8        160      10837   acceleration.o
       318         24          0          4          0      11985   accgyro_mpu.o
       752         86          0          8          0      14363   accgyro_spi_mpu9250.o
        44          4          0          4          0       4533   bluetoothserial6.o
       264         18          0          1         36       3215   boardalignment.o
       866        104         26         16          0       8721   bus_spi.o
        36          4          0         12          0       2619   button.o
         0          0          0          0         28       1154   compass.o
      1438         86          0         12        948      15375   config.o
        30          4          0          0          0        982   config_eeprom.o
       312         32         23          7         64       8098   exti.o
      2542        280        329       1240          0      18812   fc_tasks.o
       106         30          0          4          0       4419   feature.o
       522         20          0          0          0       6262   filter.o
      1168        112          1         24        520       8522   gyro.o
        90         12          0          0          0       1729   gyro_sync.o
      1552        138          0         62         48      17281   imu.o
        84          8          0          4          0       3492   initialisation.o
       482         38         22          0        640      19381   io.o
       176         16          0          1         16       2911   led.o
       494         60          0          5          0      60918   main.o
       480         66          0          0          0       6952   maths.o
       120         14          0          0          0     316075   misc.o
      1040         50       2660         16       1024      13361   oled.o
       364         16          0         16         40       3485   pwm_output.o
        72          0          0          0          0       1642   rcc.o
        36         10          0         10          0       1403   runtime_config.o
       184         10          0         12          0       3878   rx_pwm.o
        60         10          0          4          0       1705   rxserial3test.o
       812         90          0         36         88      10601   scheduler.o
       290         46          3          8         36       8982   serial.o
       778         12         40          0          0       9033   serial_uart.o
       576         38          0       3472          0       7143   serial_uart_stm32f4xx.o
        88         12          0          8          0       2330   sound_beeper.o
        64         26        392          0       1536        880   startup_stm32f407xx.o
       494         24          0          0          0       6709   stm32f4xx_dma.o
       124         10          0          0          0       1677   stm32f4xx_exti.o
       212          0          0          0          0       2509   stm32f4xx_gpio.o
       328         58          0         16          0       8179   stm32f4xx_rcc.o
       230         24          0          0          0       4559   stm32f4xx_spi.o
        48          6          0          0          0        720   stm32f4xx_syscfg.o
      1096         60          0          0          0      16375   stm32f4xx_tim.o
       358          8          0          0          0       6546   stm32f4xx_usart.o
       290         38          0         12         16       7110   system.o
       272         36          0         20          0       2061   system_stm32f4xx.o
         0          0        168          0          0       2399   target.o
       564         68          0          0        465      12022   timer.o
         0          0        112          0          0       2311   timer_stm32f4xx.o
       508         64          0         32        120      10868   ultrasound.o
      1224        112          0        144          0      15290   ultrasound_hcsr04.o

    ----------------------------------------------------------------------
     22692       2054       3820       5236       5788     712414   Object Totals
         0          0         32          0          0          0   (incl. Generated)
        44          0         12         18          3          0   (incl. Padding)

    ----------------------------------------------------------------------

      Code (inc. data)   RO Data    RW Data    ZI Data      Debug   Library Member Name

        90          0          0          0          0          0   __dczerorl2.o
         8          0          0          0          0         68   __main.o
       104          0          0          0          0         84   __printf.o
         0          0          0          0          0          0   __rtentry.o
        12          0          0          0          0          0   __rtentry2.o
         6          0          0          0          0          0   __rtentry4.o
        52          8          0          0          0          0   __scatter.o
        28          0          0          0          0          0   __scatter_zi.o
        44          0          0          0          0        108   _printf_char.o
        48          6          0          0          0         96   _printf_char_common.o
        36          4          0          0          0         80   _printf_char_file.o
         6          0          0          0          0          0   _printf_d.o
       120         16          0          0          0         92   _printf_dec.o
       178          0          0          0          0         88   _printf_intcommon.o
         0          0          0          0          0          0   _printf_percent.o
         4          0          0          0          0          0   _printf_percent_end.o
         6          0          0          0          0          0   _printf_s.o
        82          0          0          0          0         80   _printf_str.o
        22          0          0          0          0        100   _rserrno.o
        16          0          0          0          0         68   aeabi_memset.o
        18          0          0          0          0         80   exit.o
         8          0          0          0          0         68   ferror.o
         6          0          0          0          0        152   heapauxi.o
         0          0          0          0          0          0   indicate_semi.o
         2          0          0          0          0          0   libinit.o
         6          0          0          0          0          0   libinit2.o
         2          0          0          0          0          0   libshutdown.o
         2          0          0          0          0          0   libshutdown2.o
         8          4          0          0         96         68   libspace.o
        24          4          0          0          0         84   noretval__2printf.o
         8          4          0          0          0         68   rt_errno_addr_intlibspace.o
        68          0          0          0          0         68   rt_memclr.o
        78          0          0          0          0         80   rt_memclr_w.o
       100          0          0          0          0         80   rt_memcpy_w.o
       122          0          0          0          0         80   rt_memmove_w.o
         2          0          0          0          0          0   rtexit.o
        10          0          0          0          0          0   rtexit2.o
        86          0          0          0          0         76   strncpy.o
        12          4          0          0          0         68   sys_exit.o
        74          0          0          0          0         80   sys_stackheap_outer.o
         2          0          0          0          0         68   use_no_semi.o
        98          4          0          0          0        140   d2f.o
       804         16          0          0          0        368   daddsub_clz.o
        24          0          0          0          0        116   dcmpi.o
       688        140          0          0          0        256   ddiv.o
        94          4          0          0          0        140   dfix.o
        46          0          0          0          0        116   dflt_clz.o
       120          4          0          0          0        140   dleqf.o
       340         12          0          0          0        152   dmul.o
       156          4          0          0          0        140   dnaninf.o
        12          0          0          0          0        116   dretinf.o
       108          0          0          0          0        128   drleqf.o
       180          4          0          0          0        128   drnd.o
        86          4          0          0          0        132   f2d.o
        14          0          0          0          0        116   ffix.o
       140          4          0          0          0        132   fnaninf.o
        10          0          0          0          0        116   fpinit.o
        10          0          0          0          0        116   fretinf.o
        96          4          0          0          0        124   frnd.o
         0          0          0          0          0          0   usenofp.o
       280         46          0          0          0        176   acosf.o
       592         90          0          0          0        184   atan2f.o
       336         56          0          0          0        136   cosf.o
        38          0          0          0          0        116   fpclassifyf.o
        80         24          0          0          0        696   funder.o
       356         44         64          0          0        140   log2f.o
        72          0          0          0          0        136   lrintf.o
      1636        110        320          0          0        372   powf.o
       224         30          0          0          0        172   round.o
       340         24         32          0          0        160   rredf.o
       400         56          0          0          0        212   sinf.o
       120          0          0          0          0        272   sqrtf.o

    ----------------------------------------------------------------------
      9012        730        416          0         96       7432   Library Totals
        12          0          0          0          0          0   (incl. Padding)

    ----------------------------------------------------------------------

      Code (inc. data)   RO Data    RW Data    ZI Data      Debug   Library Name

      1500         50          0          0         96       1984   c_w.l
      3026        200          0          0          0       2676   fz_wm.l
      4474        480        416          0          0       2772   m_wm.l

    ----------------------------------------------------------------------
      9012        730        416          0         96       7432   Library Totals

    ----------------------------------------------------------------------

==============================================================================


      Code (inc. data)   RO Data    RW Data    ZI Data      Debug   

     31704       2784       4236       5236       5884     684706   Grand Totals
     31704       2784       4236        328       5884     684706   ELF Image Totals (compressed)
     31704       2784       4236        328          0          0   ROM Totals

==============================================================================

    Total RO  Size (Code + RO Data)                35940 (  35.10kB)
    Total RW  Size (RW Data + ZI Data)             11120 (  10.86kB)
    Total ROM Size (Code + RO Data + RW Data)      36268 (  35.42kB)

==============================================================================

